1787253563432 win-e:hook-active
1787253563432 taskbar:icon-source-edge:42
1787253563823 taskbar:appbar-unavailable-owned-shell
1787253563823 taskbar:appbar-fallback-geometry-active
1787253563840 taskbar:appbar-owned
1787253563840 frame-visible
1787253563845 wallpaper:loaded
1787253563855 frame-visible
1787253563877 frame-visible
1787253563893 frame-visible
1787253563918 start
1787253564085 start:owned-opened
1787253564085 shell-hotkey:start-toggle
1787253564085 shell-event
1787253564088 frame-visible
1787253564145 clock:updated
1787253564145 frame-visible
1787253564319 status:snapshot-updated
1787253564325 frame-visible
1787253564376 start
1787253564377 start:closed
1787253564377 shell-hotkey:start-toggle
1787253564393 frame-visible
