1787253176199 win-e:hook-active
1787253176199 taskbar:icon-source-edge:42
1787253176479 taskbar:appbar-unavailable-owned-shell
1787253176480 taskbar:appbar-fallback-geometry-active
1787253176496 taskbar:appbar-owned
1787253176497 frame-visible
1787253176501 wallpaper:loaded
1787253176511 frame-visible
1787253176527 frame-visible
1787253176575 start
1787253176721 start:owned-opened
1787253176721 shell-hotkey:start-toggle
1787253176721 shell-event
1787253176725 frame-visible
1787253176951 start
1787253176952 start:closed
1787253176952 shell-hotkey:start-toggle
1787253176952 status:snapshot-updated
1787253176954 frame-visible
1787253176959 frame-visible
1787253177009 clock:updated
1787253177010 frame-visible
