1787085680751 frame-visible
1787085680761 locale:en-US
1787085680761 theme:light
1787085680762 wallpaper:loaded
1787085680765 frame-visible
1787085680765 icon:bc7-gpu-uploaded
1787085680823 shell-event
1787085680828 frame-visible
1787085680828 icon:bc7-gpu-uploaded
1787085680845 frame-visible
1787085680846 icon:bc7-gpu-uploaded
1787085681424 status:snapshot-updated
1787085681424 notification:snapshot-reconciled
1787085681424 frame-visible
1787085681425 icon:bc7-gpu-uploaded
1787085682026 status:snapshot-updated
1787085682026 frame-visible
1787085682026 icon:bc7-gpu-uploaded
1787085682618 status:snapshot-updated
1787085682618 frame-visible
1787085682618 icon:bc7-gpu-uploaded
1787085683213 status:snapshot-updated
1787085683214 frame-visible
1787085683214 icon:bc7-gpu-uploaded
1787085683809 status:snapshot-updated
1787085683809 frame-visible
1787085683809 icon:bc7-gpu-uploaded
1787085684413 status:snapshot-updated
1787085684413 frame-visible
1787085684413 icon:bc7-gpu-uploaded
1787085685018 status:snapshot-updated
1787085685018 frame-visible
1787085685018 icon:bc7-gpu-uploaded
1787085685617 status:snapshot-updated
1787085685617 frame-visible
1787085685618 icon:bc7-gpu-uploaded
1787085686217 status:snapshot-updated
1787085686217 frame-visible
1787085686217 icon:bc7-gpu-uploaded
1787085686819 status:snapshot-updated
1787085686819 frame-visible
1787085686819 icon:bc7-gpu-uploaded
1787085687419 status:snapshot-updated
1787085687419 frame-visible
1787085687419 icon:bc7-gpu-uploaded
1787085687697 frame-visible
1787085687697 icon:bc7-gpu-uploaded
1787085687714 frame-visible
1787085687715 icon:bc7-gpu-uploaded
1787085687886 taskbar:resize-saved
1787085687887 frame-visible
1787085687887 icon:bc7-gpu-uploaded
1787085688026 status:snapshot-updated
1787085688026 frame-visible
1787085688026 icon:bc7-gpu-uploaded
1787085688112 frame-visible
1787085688112 icon:bc7-gpu-uploaded
1787085688269 taskbar:resize-applied
1787085688269 frame-visible
1787085688269 icon:bc7-gpu-uploaded
1787085688279 frame-visible
1787085688279 icon:bc7-gpu-uploaded
1787085688631 status:snapshot-updated
1787085688632 frame-visible
1787085688632 icon:bc7-gpu-uploaded
1787085689230 status:snapshot-updated
1787085689230 frame-visible
1787085689230 icon:bc7-gpu-uploaded
1787085689245 frame-visible
1787085689246 icon:bc7-gpu-uploaded
1787085689396 taskbar:resize-saved
1787085689397 frame-visible
1787085689397 icon:bc7-gpu-uploaded
1787085689629 frame-visible
1787085689629 icon:bc7-gpu-uploaded
1787085689784 taskbar:resize-applied
1787085689784 frame-visible
1787085689784 icon:bc7-gpu-uploaded
1787085689795 frame-visible
1787085689796 icon:bc7-gpu-uploaded
1787085689851 status:snapshot-updated
1787085689851 frame-visible
1787085689852 icon:bc7-gpu-uploaded
1787085690450 status:snapshot-updated
1787085690450 frame-visible
1787085690450 icon:bc7-gpu-uploaded
1787085690678 taskbar:context-opened
1787085690690 frame-visible
1787085690690 icon:bc7-gpu-uploaded
1787085691048 status:snapshot-updated
1787085691049 frame-visible
1787085691049 icon:bc7-gpu-uploaded
1787085691643 status:snapshot-updated
1787085691644 frame-visible
1787085691644 icon:bc7-gpu-uploaded
1787085692239 status:snapshot-updated
1787085692239 frame-visible
1787085692239 icon:bc7-gpu-uploaded
1787085692834 status:snapshot-updated
1787085692834 frame-visible
1787085692834 icon:bc7-gpu-uploaded
1787085693430 status:snapshot-updated
1787085693431 frame-visible
1787085693431 icon:bc7-gpu-uploaded
1787085694029 status:snapshot-updated
1787085694029 frame-visible
1787085694029 icon:bc7-gpu-uploaded
1787085694620 status:snapshot-updated
1787085694620 frame-visible
1787085694621 icon:bc7-gpu-uploaded
1787085695219 status:snapshot-updated
1787085695219 frame-visible
1787085695219 icon:bc7-gpu-uploaded
1787085695819 status:snapshot-updated
1787085695819 frame-visible
1787085695819 icon:bc7-gpu-uploaded
1787085696179 status:snapshot-updated
1787085696179 frame-visible
1787085696179 icon:bc7-gpu-uploaded
1787085696780 status:snapshot-updated
1787085696780 frame-visible
1787085696780 icon:bc7-gpu-uploaded
1787085697373 status:snapshot-updated
1787085697374 frame-visible
1787085697374 icon:bc7-gpu-uploaded
1787085697970 status:snapshot-updated
1787085697970 frame-visible
1787085697970 icon:bc7-gpu-uploaded
1787085698565 status:snapshot-updated
1787085698566 frame-visible
1787085698566 icon:bc7-gpu-uploaded
1787085699161 status:snapshot-updated
1787085699162 frame-visible
1787085699162 icon:bc7-gpu-uploaded
1787085699756 status:snapshot-updated
1787085699757 frame-visible
1787085699757 icon:bc7-gpu-uploaded
1787085700354 status:snapshot-updated
1787085700354 frame-visible
1787085700355 icon:bc7-gpu-uploaded
