1787099914442 taskbar:appbar-unavailable-owned-shell
1787099914449 taskbar:appbar-owned
1787099914472 frame-visible
1787099914482 locale:en-US
1787099914482 theme:dark
1787099914482 wallpaper:loaded
1787099914485 frame-visible
1787099914485 icon:bc7-gpu-uploaded
1787099914487 frame-visible
1787099914487 icon:bc7-gpu-uploaded
1787099914541 shell-event
1787099914544 frame-visible
1787099914544 icon:bc7-gpu-uploaded
1787099914889 status:snapshot-updated
1787099914894 frame-visible
1787099914894 icon:bc7-gpu-uploaded
1787099915068 notification:snapshot-reconciled
1787099915068 frame-visible
1787099915068 icon:bc7-gpu-uploaded
1787099915078 frame-visible
1787099915078 icon:bc7-gpu-uploaded
1787099915211 frame-visible
1787099915220 icon:bc7-gpu-uploaded
1787099915294 frame-visible
1787099915294 icon:bc7-gpu-uploaded
1787099915421 status:snapshot-updated
1787099915427 frame-visible
1787099915428 icon:bc7-gpu-uploaded
1787099915481 frame-visible
1787099915481 icon:bc7-gpu-uploaded
1787099915494 frame-visible
1787099915495 icon:bc7-gpu-uploaded
