1787099919427 taskbar:appbar-unavailable-owned-shell
1787099919433 taskbar:appbar-owned
1787099919455 frame-visible
1787099919465 locale:en-US
1787099919465 theme:high-contrast
1787099919466 wallpaper:loaded
1787099919472 frame-visible
1787099919472 icon:bc7-gpu-uploaded
1787099919474 frame-visible
1787099919474 icon:bc7-gpu-uploaded
1787099919526 shell-event
1787099919527 frame-visible
1787099919527 icon:bc7-gpu-uploaded
1787099919873 status:snapshot-updated
1787099919877 frame-visible
1787099919878 icon:bc7-gpu-uploaded
1787099920052 notification:snapshot-reconciled
1787099920052 frame-visible
1787099920052 icon:bc7-gpu-uploaded
1787099920061 frame-visible
1787099920061 icon:bc7-gpu-uploaded
1787099920211 frame-visible
1787099920211 icon:bc7-gpu-uploaded
1787099920295 frame-visible
1787099920295 icon:bc7-gpu-uploaded
1787099920401 status:snapshot-updated
1787099920402 frame-visible
1787099920402 icon:bc7-gpu-uploaded
1787099920494 frame-visible
1787099920494 icon:bc7-gpu-uploaded
