1787100298298 taskbar:appbar-unavailable-owned-shell
1787100298303 taskbar:appbar-owned
1787100298325 frame-visible
1787100298334 locale:en-US
1787100298335 theme:light
1787100298335 wallpaper:loaded
1787100298336 frame-visible
1787100298336 icon:bc7-gpu-uploaded
1787100298338 frame-visible
1787100298338 icon:bc7-gpu-uploaded
1787100298393 shell-event
1787100298393 frame-visible
1787100298393 icon:bc7-gpu-uploaded
1787100298736 status:snapshot-updated
1787100298742 frame-visible
1787100298742 icon:bc7-gpu-uploaded
1787100298909 notification:snapshot-reconciled
1787100298910 frame-visible
1787100298910 icon:bc7-gpu-uploaded
1787100298925 frame-visible
1787100298925 icon:bc7-gpu-uploaded
1787100299042 frame-visible
1787100299052 icon:bc7-gpu-uploaded
1787100299125 frame-visible
1787100299125 icon:bc7-gpu-uploaded
1787100299250 status:snapshot-updated
1787100299259 frame-visible
1787100299259 icon:bc7-gpu-uploaded
1787100299347 show-desktop:minimized
1787100299350 frame-visible
1787100299350 icon:bc7-gpu-uploaded
1787100299367 shell-event
1787100299376 frame-visible
1787100299376 icon:bc7-gpu-uploaded
1787100299721 show-desktop:restored
1787100299721 frame-visible
1787100299721 icon:bc7-gpu-uploaded
1787100299730 shell-event
1787100299730 frame-visible
1787100299730 icon:bc7-gpu-uploaded
1787100299761 frame-visible
1787100299762 icon:bc7-gpu-uploaded
1787100299800 show-desktop:minimized
1787100299812 status:snapshot-updated
1787100299813 shell-event
1787100299813 frame-visible
1787100299813 icon:bc7-gpu-uploaded
1787100299979 show-desktop:restored
1787100299988 shell-event
1787100299990 frame-visible
1787100299990 icon:bc7-gpu-uploaded
1787100300047 clock:updated
1787100300047 shell-event
1787100300047 frame-visible
1787100300047 icon:bc7-gpu-uploaded
1787100300279 status:snapshot-updated
1787100300279 notification:snapshot-reconciled
1787100300279 frame-visible
1787100300279 icon:bc7-gpu-uploaded
