1787255853086 win-e:hook-active
1787255853086 taskbar:icon-source-edge:42
1787255853379 taskbar:appbar-unavailable-owned-shell
1787255853379 taskbar:appbar-fallback-geometry-active
1787255853397 taskbar:appbar-owned
1787255853397 frame-visible
1787255853400 wallpaper:loaded
1787255853412 frame-visible
1787255853887 status:snapshot-updated
1787255853887 shell-event
1787255853888 frame-visible
1787255854001 clock:updated
1787255854001 task
1787255854001 task:identity:win:5044:A00C24
1787255854009 task:left-activated
1787255854010 frame-visible
1787255854059 shell-event
1787255854060 frame-visible
1787255854338 task
1787255854338 task:identity:win:5044:A00C24
1787255854375 task:minimized-shelved:win:5044:A00C24
1787255854385 task:left-minimized
1787255854385 frame-visible
1787255854393 status:snapshot-updated
1787255854393 shell-event
1787255854394 frame-visible
1787255854459 notification:snapshot-reconciled
1787255854459 frame-visible
1787255854552 task
1787255854552 task:identity:win:5044:A00C24
1787255854620 task:left-restored-activated
1787255854621 frame-visible
1787255854630 shell-event
1787255854631 frame-visible
1787255854919 task:minimized-shelved:win:5044:A00C24
1787255854919 status:snapshot-updated
1787255854919 shell-event
1787255854924 frame-visible
1787255854979 shell-event
1787255854979 frame-visible
1787255855037 clock:updated
1787255855040 frame-visible
