1787293436123 win-e:hook-active
1787293436124 taskbar:icon-source-edge:42
1787293436800 taskbar:appbar-unavailable-owned-shell
1787293436800 taskbar:appbar-fallback-geometry-active
1787293436804 taskbar:appbar-owned
1787293436804 frame-visible
1787293436807 locale:en-US
1787293436807 wallpaper:loaded
1787293436816 frame-visible
1787293436873 shell-event
1787293436875 frame-visible
1787293436909 frame-visible
1787293436935 start
1787293437090 start:owned-opened
1787293437097 clock:updated
1787293437099 frame-visible
1787293437267 status:snapshot-updated
1787293437277 frame-visible
1787293437503 notification:snapshot-reconciled
1787293437504 frame-visible
1787293437838 status:snapshot-updated
1787293437841 frame-visible
1787293437988 start:size-persisted
1787293438002 clock:updated
1787293438007 frame-visible
1787293438031 start
1787293438031 start:closed
1787293438041 frame-visible
1787293438344 status:snapshot-updated
1787293438344 frame-visible
1787293438432 start
1787293438478 start:owned-opened
1787293438486 frame-visible
1787293438565 start
1787293438565 start:closed
1787293438575 frame-visible
1787293438879 status:snapshot-updated
1787293438879 frame-visible
1787293439099 win-e:hook-active
1787293439099 taskbar:icon-source-edge:42
1787293439760 taskbar:appbar-unavailable-owned-shell
1787293439760 taskbar:appbar-fallback-geometry-active
1787293439764 taskbar:appbar-owned
1787293439764 frame-visible
1787293439767 locale:en-US
1787293439767 wallpaper:loaded
1787293439775 frame-visible
1787293439796 frame-visible
1787293439835 shell-event
1787293439842 frame-visible
1787293439855 start
1787293440016 start:owned-opened
1787293440025 clock:updated
1787293440028 frame-visible
