1787057517979 frame-visible
1787057517993 wallpaper:loaded
1787057517996 frame-visible
1787057517996 icon:bc7-gpu-uploaded
1787057518006 frame-visible
1787057518006 icon:bc7-gpu-uploaded
1787057518066 shell-event
1787057518073 frame-visible
1787057518073 icon:bc7-gpu-uploaded
1787057518090 frame-visible
1787057518091 icon:bc7-gpu-uploaded
1787057518648 status:snapshot-updated
1787057518649 notification:snapshot-reconciled
1787057518649 frame-visible
1787057518649 icon:bc7-gpu-uploaded
1787057518656 frame-visible
1787057518657 icon:bc7-gpu-uploaded
1787057519286 status:snapshot-updated
1787057519287 frame-visible
1787057519287 icon:bc7-gpu-uploaded
1787057519348 notification:owned-overflow-opened
1787057519371 frame-visible
1787057519371 icon:bc7-gpu-uploaded
1787057519899 notification:event-completed
1787057519908 notification:event-completed
1787057519941 status:snapshot-updated
1787057519942 frame-visible
1787057519942 icon:bc7-gpu-uploaded
1787057520009 clock:updated
1787057520009 frame-visible
1787057520009 icon:bc7-gpu-uploaded
1787057520569 notification:provider-error:notification-request-serialize
1787057520579 status:snapshot-updated
1787057520579 notification:snapshot-reconciled
1787057520579 frame-visible
1787057520579 icon:bc7-gpu-uploaded
1787057520590 frame-visible
1787057520590 icon:bc7-gpu-uploaded
1787057521234 status:snapshot-updated
1787057521236 frame-visible
1787057521236 icon:bc7-gpu-uploaded
1787057521503 notification:event-completed
1787057521874 status:snapshot-updated
1787057521874 notification:snapshot-reconciled
1787057521874 frame-visible
1787057521874 icon:bc7-gpu-uploaded
1787057522514 status:snapshot-updated
1787057522514 frame-visible
1787057522514 icon:bc7-gpu-uploaded
1787057523155 status:snapshot-updated
1787057523155 notification:snapshot-reconciled
1787057523156 frame-visible
1787057523156 icon:bc7-gpu-uploaded
1787057523795 status:snapshot-updated
1787057523796 frame-visible
1787057523796 icon:bc7-gpu-uploaded
1787057524436 status:snapshot-updated
1787057524436 frame-visible
1787057524436 icon:bc7-gpu-uploaded
1787057525076 status:snapshot-updated
1787057525077 frame-visible
1787057525077 icon:bc7-gpu-uploaded
1787057525717 status:snapshot-updated
1787057525718 frame-visible
1787057525718 icon:bc7-gpu-uploaded
1787057526354 status:snapshot-updated
1787057526354 frame-visible
1787057526354 icon:bc7-gpu-uploaded
1787057526995 status:snapshot-updated
1787057526995 frame-visible
1787057526995 icon:bc7-gpu-uploaded
1787057527635 status:snapshot-updated
1787057527636 frame-visible
1787057527636 icon:bc7-gpu-uploaded
1787057528277 status:snapshot-updated
1787057528277 frame-visible
1787057528278 icon:bc7-gpu-uploaded
1787057528917 status:snapshot-updated
1787057528917 frame-visible
1787057528917 icon:bc7-gpu-uploaded
1787057529559 status:snapshot-updated
1787057529559 frame-visible
1787057529559 icon:bc7-gpu-uploaded
1787057530198 status:snapshot-updated
1787057530198 frame-visible
1787057530198 icon:bc7-gpu-uploaded
1787057530835 status:snapshot-updated
1787057530836 frame-visible
1787057530836 icon:bc7-gpu-uploaded
1787057531479 status:snapshot-updated
1787057531480 frame-visible
1787057531480 icon:bc7-gpu-uploaded
1787057532121 status:snapshot-updated
1787057532121 frame-visible
1787057532121 icon:bc7-gpu-uploaded
1787057532767 status:snapshot-updated
1787057532767 frame-visible
1787057532767 icon:bc7-gpu-uploaded
1787057533405 status:snapshot-updated
1787057533405 frame-visible
1787057533406 icon:bc7-gpu-uploaded
1787057534046 status:snapshot-updated
1787057534046 frame-visible
1787057534046 icon:bc7-gpu-uploaded
1787057534436 status:snapshot-updated
1787057534436 frame-visible
1787057534436 icon:bc7-gpu-uploaded
1787057535082 status:snapshot-updated
1787057535083 frame-visible
1787057535083 icon:bc7-gpu-uploaded
1787057535727 status:snapshot-updated
1787057535727 frame-visible
1787057535727 icon:bc7-gpu-uploaded
1787057536369 status:snapshot-updated
1787057536369 frame-visible
1787057536370 icon:bc7-gpu-uploaded
1787057537007 status:snapshot-updated
1787057537008 frame-visible
1787057537008 icon:bc7-gpu-uploaded
1787057537646 status:snapshot-updated
1787057537646 frame-visible
1787057537646 icon:bc7-gpu-uploaded
1787057538287 status:snapshot-updated
1787057538287 notification:snapshot-reconciled
1787057538288 frame-visible
1787057538288 icon:bc7-gpu-uploaded
1787057538927 status:snapshot-updated
1787057538928 frame-visible
1787057538928 icon:bc7-gpu-uploaded
1787057539566 status:snapshot-updated
1787057539566 frame-visible
1787057539566 icon:bc7-gpu-uploaded
1787057540205 status:snapshot-updated
1787057540206 frame-visible
1787057540206 icon:bc7-gpu-uploaded
1787057540849 status:snapshot-updated
1787057540850 frame-visible
1787057540850 icon:bc7-gpu-uploaded
1787057541495 status:snapshot-updated
1787057541496 frame-visible
1787057541496 icon:bc7-gpu-uploaded
1787057542144 status:snapshot-updated
1787057542144 frame-visible
1787057542144 icon:bc7-gpu-uploaded
1787057542790 status:snapshot-updated
1787057542790 frame-visible
1787057542790 icon:bc7-gpu-uploaded
