1786932151706 desktop:refreshed
1786932151706 frame-visible
1786932151730 frame-visible
1786932151731 theme:high-contrast
1786932151731 wallpaper:loaded
1786932151732 frame-visible
1786932151739 frame-visible
1786932151741 frame-visible
1786932151785 frame-visible
1786932151798 shell-event
1786932151802 frame-visible
1786932151803 frame-visible
1786932151868 frame-visible
1786932151924 frame-visible
1786932151986 frame-visible
1786932152051 frame-visible
1786932152118 frame-visible
1786932152184 frame-visible
1786932152238 frame-visible
1786932152302 frame-visible
1786932152371 notification:snapshot-reconciled
1786932152371 frame-visible
1786932152372 frame-visible
1786932152451 frame-visible
1786932152502 frame-visible
1786932152568 frame-visible
1786932152634 frame-visible
1786932152701 frame-visible
1786932152751 frame-visible
1786932152818 frame-visible
1786932152885 frame-visible
1786932152951 frame-visible
1786932153001 frame-visible
1786932153068 frame-visible
1786932153134 frame-visible
1786932153185 frame-visible
1786932153251 frame-visible
1786932153318 frame-visible
1786932153385 frame-visible
1786932153435 frame-visible
1786932153501 frame-visible
1786932153568 frame-visible
1786932153635 frame-visible
1786932153685 frame-visible
1786932153751 frame-visible
1786932153818 frame-visible
1786932153885 frame-visible
1786932153935 frame-visible
1786932154001 frame-visible
1786932154068 frame-visible
1786932154134 frame-visible
1786932154200 frame-visible
