1787256327051 win-e:hook-active
1787256327051 taskbar:icon-source-edge:42
1787256327348 taskbar:appbar-unavailable-owned-shell
1787256327349 taskbar:appbar-fallback-geometry-active
1787256327357 taskbar:appbar-owned
1787256327357 frame-visible
1787256327361 wallpaper:loaded
1787256327375 frame-visible
1787256327836 status:snapshot-updated
1787256327836 shell-event
1787256327837 frame-visible
1787256327962 task
1787256327962 task:identity:win:21072:6205FC
1787256327972 task:left-activated
1787256327973 frame-visible
1787256328008 clock:updated
1787256328008 shell-event
1787256328008 frame-visible
1787256328308 task
1787256328308 task:identity:win:21072:6205FC
1787256328346 task:minimized-shelved:win:21072:6205FC
1787256328356 task:left-minimized
1787256328357 frame-visible
1787256328372 status:snapshot-updated
1787256328372 shell-event
1787256328373 notification:snapshot-reconciled
1787256328373 frame-visible
1787256328517 task
1787256328518 task:identity:win:21072:6205FC
1787256328581 task:left-restored-activated
1787256328581 frame-visible
1787256328592 shell-event
1787256328593 frame-visible
1787256328882 status:snapshot-updated
1787256328888 frame-visible
1787256328939 task:minimized-shelved:win:21072:6205FC
1787256328939 shell-event
1787256328941 frame-visible
1787256329004 clock:updated
1787256329004 shell-event
1787256329004 frame-visible
