1787030374445 frame-visible
1787030374456 wallpaper:loaded
1787030374461 frame-visible
1787030374461 icon:bc7-gpu-uploaded
1787030374467 frame-visible
1787030374467 icon:bc7-gpu-uploaded
1787030374528 shell-event
1787030374531 frame-visible
1787030374532 icon:bc7-gpu-uploaded
1787030375109 status:snapshot-updated
1787030375109 notification:snapshot-reconciled
1787030375110 frame-visible
1787030375110 icon:bc7-gpu-uploaded
1787030375745 status:snapshot-updated
1787030375745 frame-visible
1787030375745 icon:bc7-gpu-uploaded
1787030375939 frame-visible
1787030375939 icon:bc7-gpu-uploaded
1787030376387 status:snapshot-updated
1787030376387 frame-visible
1787030376387 icon:bc7-gpu-uploaded
1787030377031 status:snapshot-updated
1787030377031 frame-visible
1787030377031 icon:bc7-gpu-uploaded
1787030377671 status:snapshot-updated
1787030377671 frame-visible
1787030377671 icon:bc7-gpu-uploaded
1787030378317 status:snapshot-updated
1787030378318 frame-visible
1787030378318 icon:bc7-gpu-uploaded
1787030378955 status:snapshot-updated
1787030378955 frame-visible
1787030378955 icon:bc7-gpu-uploaded
