1787253167298 win-e:hook-active
1787253167298 taskbar:icon-source-edge:42
1787253167583 taskbar:appbar-unavailable-owned-shell
1787253167583 taskbar:appbar-fallback-geometry-active
1787253167601 taskbar:appbar-owned
1787253167601 frame-visible
1787253167606 wallpaper:loaded
1787253167617 frame-visible
1787253167658 frame-visible
1787253167672 start
1787253167834 start:owned-opened
1787253167834 shell-hotkey:start-toggle
1787253167835 shell-event
1787253167838 frame-visible
1787253168006 clock:updated
1787253168013 frame-visible
1787253168064 status:snapshot-updated
1787253168064 frame-visible
1787253168121 start
1787253168121 start:closed
1787253168122 shell-hotkey:start-toggle
1787253168126 frame-visible
