1787052694751 frame-visible
1787052694768 wallpaper:loaded
1787052694776 frame-visible
1787052694776 icon:bc7-gpu-uploaded
1787052694788 frame-visible
1787052694788 icon:bc7-gpu-uploaded
1787052694818 frame-visible
1787052694819 icon:bc7-gpu-uploaded
1787052694838 shell-event
1787052694838 frame-visible
1787052694838 icon:bc7-gpu-uploaded
1787052695419 status:snapshot-updated
1787052695420 notification:snapshot-reconciled
1787052695420 frame-visible
1787052695420 icon:bc7-gpu-uploaded
1787052695458 notification:owned-overflow-opened
1787052695462 frame-visible
1787052695462 icon:bc7-gpu-uploaded
1787052695471 frame-visible
1787052695471 icon:bc7-gpu-uploaded
1787052696058 status:snapshot-updated
1787052696068 notification:snapshot-reconciled
1787052696069 frame-visible
1787052696069 icon:bc7-gpu-uploaded
1787052696533 notification:event-completed
1787052696554 notification:event-completed
1787052696705 status:snapshot-updated
1787052696705 frame-visible
1787052696705 icon:bc7-gpu-uploaded
1787052697332 notification:provider-error:notification-request-serialize
1787052697341 status:snapshot-updated
1787052697341 notification:snapshot-reconciled
1787052697342 frame-visible
1787052697342 icon:bc7-gpu-uploaded
1787052697352 frame-visible
1787052697353 icon:bc7-gpu-uploaded
1787052697996 status:snapshot-updated
1787052697996 frame-visible
1787052697997 icon:bc7-gpu-uploaded
1787052698223 notification:event-completed
1787052698641 status:snapshot-updated
1787052698642 frame-visible
1787052698642 icon:bc7-gpu-uploaded
1787052699280 status:snapshot-updated
1787052699280 notification:snapshot-reconciled
1787052699280 frame-visible
1787052699280 icon:bc7-gpu-uploaded
1787052699921 status:snapshot-updated
1787052699921 frame-visible
1787052699921 icon:bc7-gpu-uploaded
1787052700562 status:snapshot-updated
1787052700562 frame-visible
1787052700562 icon:bc7-gpu-uploaded
1787052701201 status:snapshot-updated
1787052701202 frame-visible
1787052701202 icon:bc7-gpu-uploaded
1787052701843 status:snapshot-updated
1787052701843 frame-visible
1787052701843 icon:bc7-gpu-uploaded
1787052702487 status:snapshot-updated
1787052702487 frame-visible
1787052702488 icon:bc7-gpu-uploaded
1787052703128 status:snapshot-updated
1787052703128 frame-visible
1787052703128 icon:bc7-gpu-uploaded
1787052703772 status:snapshot-updated
1787052703773 frame-visible
1787052703773 icon:bc7-gpu-uploaded
1787052704408 status:snapshot-updated
1787052704408 frame-visible
1787052704408 icon:bc7-gpu-uploaded
1787052705049 status:snapshot-updated
1787052705049 frame-visible
1787052705049 icon:bc7-gpu-uploaded
1787052705695 status:snapshot-updated
1787052705695 frame-visible
1787052705695 icon:bc7-gpu-uploaded
1787052706338 status:snapshot-updated
1787052706339 frame-visible
1787052706339 icon:bc7-gpu-uploaded
1787052706981 status:snapshot-updated
1787052706981 frame-visible
1787052706981 icon:bc7-gpu-uploaded
1787052707625 status:snapshot-updated
1787052707626 frame-visible
1787052707626 icon:bc7-gpu-uploaded
1787052708262 status:snapshot-updated
1787052708262 frame-visible
1787052708262 icon:bc7-gpu-uploaded
1787052708907 status:snapshot-updated
1787052708908 frame-visible
1787052708908 icon:bc7-gpu-uploaded
1787052709546 status:snapshot-updated
1787052709546 frame-visible
1787052709546 icon:bc7-gpu-uploaded
1787052710188 status:snapshot-updated
1787052710189 frame-visible
1787052710189 icon:bc7-gpu-uploaded
1787052710825 status:snapshot-updated
1787052710825 frame-visible
1787052710825 icon:bc7-gpu-uploaded
1787052711218 status:snapshot-updated
1787052711219 frame-visible
1787052711220 icon:bc7-gpu-uploaded
1787052711854 status:snapshot-updated
1787052711855 frame-visible
1787052711855 icon:bc7-gpu-uploaded
1787052712494 status:snapshot-updated
1787052712495 frame-visible
1787052712495 icon:bc7-gpu-uploaded
1787052713135 status:snapshot-updated
1787052713135 frame-visible
1787052713135 icon:bc7-gpu-uploaded
1787052713773 status:snapshot-updated
1787052713774 frame-visible
1787052713774 icon:bc7-gpu-uploaded
1787052714415 status:snapshot-updated
1787052714415 frame-visible
1787052714415 icon:bc7-gpu-uploaded
1787052715054 status:snapshot-updated
1787052715055 notification:snapshot-reconciled
1787052715055 frame-visible
1787052715055 icon:bc7-gpu-uploaded
1787052715695 status:snapshot-updated
1787052715695 frame-visible
1787052715695 icon:bc7-gpu-uploaded
1787052716341 status:snapshot-updated
1787052716342 frame-visible
1787052716342 icon:bc7-gpu-uploaded
1787052716981 status:snapshot-updated
1787052716982 frame-visible
1787052716982 icon:bc7-gpu-uploaded
1787052717624 status:snapshot-updated
1787052717625 frame-visible
1787052717625 icon:bc7-gpu-uploaded
1787052718262 status:snapshot-updated
1787052718262 frame-visible
1787052718262 icon:bc7-gpu-uploaded
1787052718906 status:snapshot-updated
1787052718906 frame-visible
1787052718906 icon:bc7-gpu-uploaded
1787052719545 status:snapshot-updated
1787052719546 frame-visible
1787052719546 icon:bc7-gpu-uploaded
1787052954950 frame-visible
1787052954961 wallpaper:loaded
1787052954967 frame-visible
1787052954967 icon:bc7-gpu-uploaded
1787052955033 frame-visible
1787052955033 icon:bc7-gpu-uploaded
1787052955606 status:snapshot-updated
1787052955607 notification:snapshot-reconciled
1787052955607 frame-visible
1787052955607 icon:bc7-gpu-uploaded
1787052955616 frame-visible
1787052955616 icon:bc7-gpu-uploaded
1787052955791 notification:owned-overflow-opened
1787052955807 frame-visible
1787052955807 icon:bc7-gpu-uploaded
1787052956259 status:snapshot-updated
1787052956259 frame-visible
1787052956260 icon:bc7-gpu-uploaded
1787052956476 notification:event-completed
1787052956488 notification:event-completed
1787052956885 notification:provider-error:notification-request-serialize
1787052956895 status:snapshot-updated
1787052956895 notification:snapshot-reconciled
1787052956895 frame-visible
1787052956896 icon:bc7-gpu-uploaded
1787052956900 frame-visible
1787052956900 icon:bc7-gpu-uploaded
1787052957546 status:snapshot-updated
1787052957547 frame-visible
1787052957548 icon:bc7-gpu-uploaded
1787052957820 notification:event-completed
1787052958190 status:snapshot-updated
1787052958190 notification:snapshot-reconciled
1787052958190 frame-visible
1787052958190 icon:bc7-gpu-uploaded
1787052958827 status:snapshot-updated
1787052958828 frame-visible
1787052958828 icon:bc7-gpu-uploaded
1787052959475 status:snapshot-updated
1787052959476 frame-visible
1787052959476 icon:bc7-gpu-uploaded
1787052960039 clock:updated
1787052960039 frame-visible
1787052960039 icon:bc7-gpu-uploaded
1787052960113 status:snapshot-updated
1787052960114 notification:snapshot-reconciled
1787052960114 frame-visible
1787052960114 icon:bc7-gpu-uploaded
1787052960753 status:snapshot-updated
1787052960754 frame-visible
1787052960754 icon:bc7-gpu-uploaded
1787052961398 status:snapshot-updated
1787052961398 frame-visible
1787052961398 icon:bc7-gpu-uploaded
1787052962039 status:snapshot-updated
1787052962039 frame-visible
1787052962039 icon:bc7-gpu-uploaded
1787052962682 status:snapshot-updated
1787052962682 frame-visible
1787052962682 icon:bc7-gpu-uploaded
1787052963325 status:snapshot-updated
1787052963326 frame-visible
1787052963326 icon:bc7-gpu-uploaded
1787052963965 status:snapshot-updated
1787052963965 frame-visible
1787052963966 icon:bc7-gpu-uploaded
1787052964609 status:snapshot-updated
1787052964609 frame-visible
1787052964609 icon:bc7-gpu-uploaded
1787052965246 status:snapshot-updated
1787052965246 frame-visible
1787052965246 icon:bc7-gpu-uploaded
1787052965889 status:snapshot-updated
1787052965890 frame-visible
1787052965890 icon:bc7-gpu-uploaded
1787052966532 status:snapshot-updated
1787052966532 frame-visible
1787052966532 icon:bc7-gpu-uploaded
1787052967175 status:snapshot-updated
1787052967175 frame-visible
1787052967175 icon:bc7-gpu-uploaded
1787052967816 status:snapshot-updated
1787052967816 frame-visible
1787052967817 icon:bc7-gpu-uploaded
1787052968463 status:snapshot-updated
1787052968464 frame-visible
1787052968464 icon:bc7-gpu-uploaded
1787052969100 status:snapshot-updated
1787052969100 frame-visible
1787052969100 icon:bc7-gpu-uploaded
1787052969742 status:snapshot-updated
1787052969743 frame-visible
1787052969743 icon:bc7-gpu-uploaded
1787052970380 status:snapshot-updated
1787052970380 frame-visible
1787052970380 icon:bc7-gpu-uploaded
1787052971019 status:snapshot-updated
1787052971019 frame-visible
1787052971020 icon:bc7-gpu-uploaded
1787052971412 status:snapshot-updated
1787052971413 frame-visible
1787052971413 icon:bc7-gpu-uploaded
1787052972055 status:snapshot-updated
1787052972056 frame-visible
1787052972056 icon:bc7-gpu-uploaded
1787052972697 status:snapshot-updated
1787052972697 frame-visible
1787052972697 icon:bc7-gpu-uploaded
1787052973337 status:snapshot-updated
1787052973338 frame-visible
1787052973338 icon:bc7-gpu-uploaded
1787052973973 status:snapshot-updated
1787052973974 frame-visible
1787052973974 icon:bc7-gpu-uploaded
1787052974616 status:snapshot-updated
1787052974616 frame-visible
1787052974616 icon:bc7-gpu-uploaded
1787052975262 status:snapshot-updated
1787052975262 notification:snapshot-reconciled
1787052975262 frame-visible
1787052975263 icon:bc7-gpu-uploaded
1787052975906 status:snapshot-updated
1787052975907 frame-visible
1787052975907 icon:bc7-gpu-uploaded
1787052976550 status:snapshot-updated
1787052976551 frame-visible
1787052976551 icon:bc7-gpu-uploaded
1787052977191 status:snapshot-updated
1787052977192 frame-visible
1787052977192 icon:bc7-gpu-uploaded
1787052977844 status:snapshot-updated
1787052977844 frame-visible
1787052977844 icon:bc7-gpu-uploaded
1787052978487 status:snapshot-updated
1787052978487 frame-visible
1787052978488 icon:bc7-gpu-uploaded
1787052979121 status:snapshot-updated
1787052979121 frame-visible
1787052979121 icon:bc7-gpu-uploaded
1787052979767 status:snapshot-updated
1787052979767 frame-visible
1787052979767 icon:bc7-gpu-uploaded
