1786694499256 frame-visible
1786694499279 frame-visible
1786694499286 frame-visible
1786694499289 frame-visible
1786694499293 frame-visible
1786694500124 shell-event
1786694500126 frame-visible
1786694500201 shell-event
1786694500201 frame-visible
1786694500340 shell-event
1786694500343 frame-visible
1786694500713 shell-event
1786694500713 frame-visible
1786694500776 shell-event
1786694500777 frame-visible
1786694500838 shell-event
1786694500845 frame-visible
1786694501216 shell-event
1786694501219 frame-visible
1786694501292 shell-event
1786694501293 frame-visible
1786694501353 shell-event
1786694501378 frame-visible
1786694501727 shell-event
1786694501728 frame-visible
1786694501853 shell-event
1786694501863 frame-visible
1786694501930 shell-event
1786694501930 frame-visible
1786694502242 shell-event
1786694502243 frame-visible
1786694502368 shell-event
1786694502368 frame-visible
1786694502429 shell-event
1786694502430 frame-visible
1786694502803 shell-event
1786694502808 frame-visible
1786694502866 shell-event
1786694502866 frame-visible
1786694502990 shell-event
1786694502993 frame-visible
1786694503304 shell-event
1786694503308 frame-visible
1786694503429 shell-event
1786694503430 frame-visible
1786694503493 shell-event
1786694503495 frame-visible
1786694503867 shell-event
1786694503867 frame-visible
1786694503932 shell-event
1786694503932 frame-visible
1786694504054 shell-event
1786694504059 frame-visible
1786694504367 shell-event
1786694504367 frame-visible
1786694504491 shell-event
1786694504493 frame-visible
1786694504554 shell-event
1786694504562 frame-visible
1786694504928 shell-event
1786694504928 frame-visible
1786694504989 shell-event
1786694504993 frame-visible
1786694505114 shell-event
1786694505115 frame-visible
1786694505427 shell-event
1786694505428 frame-visible
1786694505564 shell-event
1786694505564 frame-visible
1786694505628 shell-event
1786694505628 frame-visible
1786694506001 shell-event
1786694506002 frame-visible
1786694506065 shell-event
1786694506065 frame-visible
1786694506188 shell-event
1786694506193 frame-visible
1786694506562 shell-event
1786694506562 frame-visible
1786694506624 shell-event
1786694506627 frame-visible
1786694506750 shell-event
1786694506750 frame-visible
1786694507062 shell-event
1786694507062 frame-visible
1786694507186 shell-event
1786694507187 frame-visible
1786694507249 shell-event
1786694507249 frame-visible
1786694507624 shell-event
1786694507625 frame-visible
1786694507747 shell-event
1786694507747 frame-visible
1786694507810 shell-event
1786694507810 frame-visible
