1787224159119 taskbar:preview-shell-hook-owned
1787224159141 frame-visible
1787224159151 wallpaper:loaded
1787224159152 frame-visible
1787224159152 icon:bc7-gpu-uploaded
1787224159383 shell-event
1787224159383 frame-visible
1787224159383 icon:bc7-gpu-uploaded
1787224159447 frame-visible
1787224159447 icon:bc7-gpu-uploaded
1787224159497 frame-visible
1787224159497 icon:bc7-gpu-uploaded
1787224159555 frame-visible
1787224159555 icon:bc7-gpu-uploaded
1787224159613 status:snapshot-updated
1787224159614 frame-visible
1787224159614 icon:bc7-gpu-uploaded
1787224159671 frame-visible
1787224159671 icon:bc7-gpu-uploaded
1787224159735 notification:snapshot-reconciled
1787224159735 frame-visible
1787224159735 icon:bc7-gpu-uploaded
1787224159797 frame-visible
1787224159797 icon:bc7-gpu-uploaded
1787224159852 frame-visible
1787224159852 icon:bc7-gpu-uploaded
1787224159914 frame-visible
1787224159914 icon:bc7-gpu-uploaded
1787224159966 frame-visible
1787224159966 icon:bc7-gpu-uploaded
1787224160024 clock:updated
1787224160030 frame-visible
1787224160031 icon:bc7-gpu-uploaded
1787224160082 frame-visible
1787224160083 icon:bc7-gpu-uploaded
1787224160140 status:snapshot-updated
1787224160147 frame-visible
1787224160147 icon:bc7-gpu-uploaded
1787224160198 shell-event
1787224160199 frame-visible
1787224160199 icon:bc7-gpu-uploaded
1787224160264 frame-visible
1787224160264 icon:bc7-gpu-uploaded
1787224160322 frame-visible
1787224160322 icon:bc7-gpu-uploaded
1787224160380 frame-visible
1787224160380 icon:bc7-gpu-uploaded
1787224160436 frame-visible
1787224160436 icon:bc7-gpu-uploaded
1787224160498 frame-visible
1787224160498 icon:bc7-gpu-uploaded
1787224160554 frame-visible
1787224160558 icon:bc7-gpu-uploaded
1787224160614 frame-visible
1787224160614 icon:bc7-gpu-uploaded
1787224160670 status:snapshot-updated
1787224160670 frame-visible
1787224160670 icon:bc7-gpu-uploaded
1787224160730 frame-visible
1787224160730 icon:bc7-gpu-uploaded
1787224160763 frame-visible
1787224160764 icon:bc7-gpu-uploaded
1787224160785 frame-visible
1787224160786 icon:bc7-gpu-uploaded
1787224160847 frame-visible
1787224160847 icon:bc7-gpu-uploaded
1787224160906 frame-visible
1787224160906 icon:bc7-gpu-uploaded
1787224160965 frame-visible
1787224160965 icon:bc7-gpu-uploaded
1787224161023 clock:updated
1787224161030 frame-visible
1787224161030 icon:bc7-gpu-uploaded
1787224161082 frame-visible
1787224161082 icon:bc7-gpu-uploaded
1787224161147 frame-visible
1787224161147 icon:bc7-gpu-uploaded
1787224161197 status:snapshot-updated
1787224161197 frame-visible
1787224161197 icon:bc7-gpu-uploaded
1787224161264 frame-visible
1787224161264 icon:bc7-gpu-uploaded
1787224161314 frame-visible
1787224161314 icon:bc7-gpu-uploaded
1787224161370 frame-visible
1787224161370 icon:bc7-gpu-uploaded
1787224161430 frame-visible
1787224161430 icon:bc7-gpu-uploaded
1787224161491 frame-visible
1787224161491 icon:bc7-gpu-uploaded
1787224161548 frame-visible
1787224161548 icon:bc7-gpu-uploaded
1787224161614 frame-visible
1787224161614 icon:bc7-gpu-uploaded
1787224161664 frame-visible
1787224161664 icon:bc7-gpu-uploaded
1787224161722 status:snapshot-updated
1787224161730 frame-visible
1787224161730 icon:bc7-gpu-uploaded
1787224161781 frame-visible
1787224161782 icon:bc7-gpu-uploaded
1787224161837 frame-visible
1787224161837 icon:bc7-gpu-uploaded
1787224161898 frame-visible
1787224161899 icon:bc7-gpu-uploaded
1787224161953 frame-visible
1787224161953 icon:bc7-gpu-uploaded
1787224162012 clock:updated
1787224162015 frame-visible
1787224162015 icon:bc7-gpu-uploaded
1787224162078 frame-visible
1787224162078 icon:bc7-gpu-uploaded
1787224162136 frame-visible
1787224162136 icon:bc7-gpu-uploaded
1787224162197 frame-visible
1787224162197 icon:bc7-gpu-uploaded
1787224162252 status:snapshot-updated
1787224162252 frame-visible
1787224162252 icon:bc7-gpu-uploaded
1787224162314 frame-visible
1787224162314 icon:bc7-gpu-uploaded
1787224162368 frame-visible
1787224162368 icon:bc7-gpu-uploaded
1787224162433 frame-visible
1787224162433 icon:bc7-gpu-uploaded
1787224162485 frame-visible
1787224162485 icon:bc7-gpu-uploaded
1787224162550 frame-visible
1787224162550 icon:bc7-gpu-uploaded
1787224162602 frame-visible
1787224162602 icon:bc7-gpu-uploaded
1787224162666 frame-visible
1787224162666 icon:bc7-gpu-uploaded
1787224162725 frame-visible
1787224162725 icon:bc7-gpu-uploaded
1787224162783 status:snapshot-updated
1787224162783 frame-visible
1787224162784 icon:bc7-gpu-uploaded
1787224162847 frame-visible
1787224162847 icon:bc7-gpu-uploaded
1787224162901 frame-visible
1787224162901 icon:bc7-gpu-uploaded
1787224162964 frame-visible
1787224162964 icon:bc7-gpu-uploaded
1787224163019 clock:updated
1787224163019 frame-visible
1787224163020 icon:bc7-gpu-uploaded
1787224163080 frame-visible
1787224163080 icon:bc7-gpu-uploaded
1787224163135 frame-visible
1787224163135 icon:bc7-gpu-uploaded
1787224163198 frame-visible
1787224163198 icon:bc7-gpu-uploaded
1787224163259 frame-visible
1787224163259 icon:bc7-gpu-uploaded
1787224163318 status:snapshot-updated
1787224163318 frame-visible
1787224163318 icon:bc7-gpu-uploaded
1787224163380 frame-visible
1787224163380 icon:bc7-gpu-uploaded
1787224163434 frame-visible
1787224163434 icon:bc7-gpu-uploaded
1787224163498 frame-visible
1787224163498 icon:bc7-gpu-uploaded
1787224163551 frame-visible
1787224163552 icon:bc7-gpu-uploaded
1787224163614 frame-visible
1787224163614 icon:bc7-gpu-uploaded
1787224163668 frame-visible
1787224163669 icon:bc7-gpu-uploaded
1787224163730 frame-visible
1787224163731 icon:bc7-gpu-uploaded
1787224163785 frame-visible
1787224163785 icon:bc7-gpu-uploaded
1787224163849 status:snapshot-updated
1787224163850 frame-visible
1787224163850 icon:bc7-gpu-uploaded
1787224163914 frame-visible
1787224163914 icon:bc7-gpu-uploaded
1787224163969 frame-visible
1787224163969 icon:bc7-gpu-uploaded
1787224164027 clock:updated
1787224164031 frame-visible
1787224164031 icon:bc7-gpu-uploaded
1787224164086 frame-visible
1787224164086 icon:bc7-gpu-uploaded
1787224164147 frame-visible
1787224164147 icon:bc7-gpu-uploaded
1787224164202 frame-visible
1787224164203 icon:bc7-gpu-uploaded
1787224164263 frame-visible
1787224164264 icon:bc7-gpu-uploaded
1787224164318 status:snapshot-updated
1787224164318 frame-visible
1787224164318 icon:bc7-gpu-uploaded
1787224164380 frame-visible
1787224164380 icon:bc7-gpu-uploaded
1787224164449 frame-visible
1787224164449 icon:bc7-gpu-uploaded
1787224164513 frame-visible
1787224164513 icon:bc7-gpu-uploaded
1787224164564 frame-visible
1787224164564 icon:bc7-gpu-uploaded
1787224164630 frame-visible
1787224164630 icon:bc7-gpu-uploaded
1787224164681 frame-visible
1787224164681 icon:bc7-gpu-uploaded
1787224164747 frame-visible
1787224164747 icon:bc7-gpu-uploaded
1787224164799 frame-visible
1787224164800 icon:bc7-gpu-uploaded
1787224164858 status:snapshot-updated
1787224164865 frame-visible
1787224164865 icon:bc7-gpu-uploaded
1787224164917 frame-visible
1787224164918 icon:bc7-gpu-uploaded
1787224164980 frame-visible
1787224164980 icon:bc7-gpu-uploaded
1787224165039 clock:updated
1787224165039 frame-visible
1787224165039 icon:bc7-gpu-uploaded
1787224165098 frame-visible
1787224165098 icon:bc7-gpu-uploaded
1787224165164 frame-visible
1787224165164 icon:bc7-gpu-uploaded
1787224165214 frame-visible
1787224165214 icon:bc7-gpu-uploaded
1787224165272 frame-visible
1787224165272 icon:bc7-gpu-uploaded
1787224165330 frame-visible
1787224165331 icon:bc7-gpu-uploaded
1787224165389 status:snapshot-updated
1787224165398 frame-visible
1787224165398 icon:bc7-gpu-uploaded
1787224165449 frame-visible
1787224165449 icon:bc7-gpu-uploaded
1787224165513 frame-visible
1787224165514 icon:bc7-gpu-uploaded
1787224165565 frame-visible
1787224165565 icon:bc7-gpu-uploaded
1787224165630 frame-visible
1787224165630 icon:bc7-gpu-uploaded
1787224165686 frame-visible
1787224165687 icon:bc7-gpu-uploaded
1787224165747 frame-visible
1787224165747 icon:bc7-gpu-uploaded
1787224165803 frame-visible
1787224165804 icon:bc7-gpu-uploaded
1787224165864 frame-visible
1787224165864 icon:bc7-gpu-uploaded
1787224165919 status:snapshot-updated
1787224165919 frame-visible
1787224165919 icon:bc7-gpu-uploaded
1787224165980 frame-visible
1787224165981 icon:bc7-gpu-uploaded
1787224166037 clock:updated
1787224166037 frame-visible
1787224166037 icon:bc7-gpu-uploaded
1787224166097 frame-visible
1787224166097 icon:bc7-gpu-uploaded
1787224166154 frame-visible
1787224166154 icon:bc7-gpu-uploaded
1787224166218 frame-visible
1787224166218 icon:bc7-gpu-uploaded
1787224166280 frame-visible
1787224166280 icon:bc7-gpu-uploaded
1787224166334 frame-visible
1787224166334 icon:bc7-gpu-uploaded
1787224166400 frame-visible
1787224166400 icon:bc7-gpu-uploaded
1787224166450 status:snapshot-updated
1787224166450 frame-visible
1787224166450 icon:bc7-gpu-uploaded
1787224166514 frame-visible
1787224166514 icon:bc7-gpu-uploaded
1787224166568 frame-visible
1787224166568 icon:bc7-gpu-uploaded
1787224166633 frame-visible
1787224166633 icon:bc7-gpu-uploaded
1787224166685 frame-visible
1787224166686 icon:bc7-gpu-uploaded
1787224166749 frame-visible
1787224166749 icon:bc7-gpu-uploaded
1787224166807 frame-visible
1787224166808 icon:bc7-gpu-uploaded
1787224166866 frame-visible
1787224166866 icon:bc7-gpu-uploaded
1787224166933 frame-visible
1787224166933 icon:bc7-gpu-uploaded
1787224166984 status:snapshot-updated
1787224166985 frame-visible
1787224166985 icon:bc7-gpu-uploaded
1787224167043 clock:updated
1787224167047 frame-visible
1787224167047 icon:bc7-gpu-uploaded
1787224167102 frame-visible
1787224167102 icon:bc7-gpu-uploaded
1787224167163 frame-visible
1787224167164 icon:bc7-gpu-uploaded
1787224167219 frame-visible
1787224167219 icon:bc7-gpu-uploaded
1787224167281 frame-visible
1787224167281 icon:bc7-gpu-uploaded
