1787072265506 frame-visible
1787072265517 locale:zh-TW
1787072265517 theme:high-contrast
1787072265517 wallpaper:loaded
1787072265529 frame-visible
1787072265529 icon:bc7-gpu-uploaded
1787072265532 frame-visible
1787072265532 icon:bc7-gpu-uploaded
1787072265579 shell-event
1787072265579 frame-visible
1787072265579 icon:bc7-gpu-uploaded
1787072266121 status:snapshot-updated
1787072266121 notification:snapshot-reconciled
1787072266121 frame-visible
1787072266121 icon:bc7-gpu-uploaded
1787072266720 status:snapshot-updated
1787072266721 frame-visible
1787072266721 icon:bc7-gpu-uploaded
1787072267329 status:snapshot-updated
1787072267329 frame-visible
1787072267329 icon:bc7-gpu-uploaded
1787072267932 status:snapshot-updated
1787072267933 frame-visible
1787072267933 icon:bc7-gpu-uploaded
1787072268528 status:snapshot-updated
1787072268528 frame-visible
1787072268528 icon:bc7-gpu-uploaded
1787072268662 status:owned-flyout-opened
1787072268670 frame-visible
1787072268670 icon:bc7-gpu-uploaded
1787072269022 status:owned-flyout-opened
1787072269034 frame-visible
1787072269034 icon:bc7-gpu-uploaded
1787072269134 status:snapshot-updated
1787072269135 frame-visible
1787072269135 icon:bc7-gpu-uploaded
1787072269332 status:owned-flyout-opened
1787072269353 frame-visible
1787072269353 icon:bc7-gpu-uploaded
1787072269654 status:owned-flyout-opened
1787072269678 frame-visible
1787072269678 icon:bc7-gpu-uploaded
1787072269740 status:snapshot-updated
1787072269741 frame-visible
1787072269741 icon:bc7-gpu-uploaded
1787072269972 status:owned-flyout-opened
1787072269988 frame-visible
1787072269988 icon:bc7-gpu-uploaded
1787072270909 status:command-terminal
1787072270926 status:snapshot-updated
1787072270929 frame-visible
1787072270929 icon:bc7-gpu-uploaded
1787072271114 clock:updated
1787072271114 status:snapshot-updated
1787072271115 frame-visible
1787072271115 icon:bc7-gpu-uploaded
1787072271934 status:command-terminal
1787072271948 status:snapshot-updated
1787072271956 frame-visible
1787072271956 icon:bc7-gpu-uploaded
1787072272434 clock:updated
1787072272434 status:snapshot-updated
1787072272436 frame-visible
1787072272436 icon:bc7-gpu-uploaded
1787072273031 status:snapshot-updated
1787072273032 frame-visible
1787072273032 icon:bc7-gpu-uploaded
1787072273636 status:snapshot-updated
1787072273636 frame-visible
1787072273637 icon:bc7-gpu-uploaded
1787072274235 status:snapshot-updated
1787072274236 frame-visible
1787072274236 icon:bc7-gpu-uploaded
1787072274846 status:snapshot-updated
1787072274847 frame-visible
1787072274847 icon:bc7-gpu-uploaded
1787072275450 status:snapshot-updated
1787072275469 frame-visible
1787072275469 icon:bc7-gpu-uploaded
1787072276058 status:snapshot-updated
1787072276059 frame-visible
1787072276059 icon:bc7-gpu-uploaded
1787072276662 status:snapshot-updated
1787072276663 frame-visible
1787072276663 icon:bc7-gpu-uploaded
1787072277261 status:snapshot-updated
1787072277262 frame-visible
1787072277262 icon:bc7-gpu-uploaded
1787072277863 status:snapshot-updated
1787072277863 frame-visible
1787072277863 icon:bc7-gpu-uploaded
1787072278465 status:snapshot-updated
1787072278466 frame-visible
1787072278466 icon:bc7-gpu-uploaded
1787072279061 status:snapshot-updated
1787072279062 frame-visible
1787072279062 icon:bc7-gpu-uploaded
1787072279663 status:snapshot-updated
1787072279664 frame-visible
1787072279664 icon:bc7-gpu-uploaded
1787072280018 clock:updated
1787072280019 frame-visible
1787072280019 icon:bc7-gpu-uploaded
1787072280264 status:snapshot-updated
1787072280265 frame-visible
1787072280265 icon:bc7-gpu-uploaded
1787072280867 status:snapshot-updated
1787072280868 frame-visible
1787072280868 icon:bc7-gpu-uploaded
1787072281471 status:snapshot-updated
1787072281471 frame-visible
1787072281471 icon:bc7-gpu-uploaded
1787072282069 status:snapshot-updated
1787072282070 frame-visible
1787072282070 icon:bc7-gpu-uploaded
1787072282434 status:snapshot-updated
1787072282435 frame-visible
1787072282435 icon:bc7-gpu-uploaded
1787072283033 status:snapshot-updated
1787072283035 frame-visible
1787072283035 icon:bc7-gpu-uploaded
1787072283641 status:snapshot-updated
1787072283642 frame-visible
1787072283642 icon:bc7-gpu-uploaded
1787072284242 status:snapshot-updated
1787072284242 frame-visible
1787072284243 icon:bc7-gpu-uploaded
1787072284848 status:snapshot-updated
1787072284848 frame-visible
1787072284849 icon:bc7-gpu-uploaded
1787072285448 status:snapshot-updated
1787072285448 frame-visible
1787072285448 icon:bc7-gpu-uploaded
