1787254948804 win-e:hook-active
1787254948804 taskbar:icon-source-edge:42
1787254948812 task:minimized-shelved:win:15092:27A1318
1787254948812 task:minimized-shelved:win:18684:207DC
1787254948812 task:minimized-shelved:win:19000:206DE
1787254948812 task:minimized-shelved:win:21628:9034C
1787254948812 task:minimized-shelved:win:22260:3068C
1787254948812 task:minimized-shelved:win:22956:10A2E
1787254948812 task:minimized-shelved:win:30136:10070C
1787254948812 task:minimized-shelved:win:31292:20570
1787254948813 task:minimized-shelved:win:35484:5080E
1787254948813 task:minimized-shelved:win:41148:C30C26
1787254949085 taskbar:appbar-unavailable-owned-shell
1787254949086 taskbar:appbar-fallback-geometry-active
1787254949104 taskbar:appbar-owned
1787254949104 frame-visible
1787254949108 wallpaper:loaded
1787254949122 frame-visible
1787254949141 frame-visible
1787254949798 status:snapshot-updated
1787254949798 shell-event
1787254949799 frame-visible
1787254949963 task
1787254949963 task:identity:win:49668:7A010A
1787254949972 task:left-activated
1787254949980 shell-event
1787254949980 frame-visible
1787254950039 clock:updated
1787254950040 frame-visible
1787254950097 status:snapshot-updated
1787254950098 frame-visible
1787254950260 task
1787254950260 task:identity:win:49668:7A010A
1787254950294 task:minimized-shelved:win:49668:7A010A
1787254950294 task:left-minimized
1787254950294 frame-visible
1787254950303 shell-event
1787254950307 frame-visible
1787254950368 notification:snapshot-reconciled
1787254950368 frame-visible
1787254950655 status:snapshot-updated
1787254950656 frame-visible
1787254951010 clock:updated
1787254951010 frame-visible
1787254951183 status:snapshot-updated
1787254951189 frame-visible
1787254951708 status:snapshot-updated
1787254951708 frame-visible
1787254952056 clock:updated
1787254952058 frame-visible
1787254952235 status:snapshot-updated
1787254952240 frame-visible
1787254952758 status:snapshot-updated
1787254952759 frame-visible
1787254953045 clock:updated
1787254953046 frame-visible
1787254953280 status:snapshot-updated
1787254953281 frame-visible
1787254953797 status:snapshot-updated
1787254953806 frame-visible
1787254954035 clock:updated
1787254954040 frame-visible
1787254954321 status:snapshot-updated
1787254954323 frame-visible
1787254954855 status:snapshot-updated
1787254954856 frame-visible
1787254955034 clock:updated
1787254955034 frame-visible
