1787096193535 taskbar:appbar-unavailable-owned-shell
1787096193543 taskbar:appbar-owned
1787096193565 frame-visible
1787096193575 wallpaper:loaded
1787096193579 frame-visible
1787096193579 icon:bc7-gpu-uploaded
1787096193635 shell-event
1787096193640 frame-visible
1787096193641 icon:bc7-gpu-uploaded
1787096193720 status:owned-flyout-opened
1787096193722 frame-visible
1787096193722 icon:bc7-gpu-uploaded
1787096193935 status:owned-flyout-opened
1787096193954 frame-visible
1787096193954 icon:bc7-gpu-uploaded
1787096194008 notification:provider-error:notification-response-timeout
1787096194008 status:snapshot-updated
1787096194023 frame-visible
1787096194023 icon:bc7-gpu-uploaded
1787096194130 status:owned-flyout-opened
1787096194155 frame-visible
1787096194155 icon:bc7-gpu-uploaded
1787096194304 status:owned-flyout-opened
1787096194313 frame-visible
1787096194313 icon:bc7-gpu-uploaded
1787096194470 start
1787096194655 start:owned-opened
1787096194656 status:flyout-dismissed
1787096194665 notification:provider-error:notification-response-timeout
1787096194665 status:snapshot-updated
1787096194670 frame-visible
1787096194670 icon:bc7-gpu-uploaded
1787096194721 status:owned-flyout-opened
1787096194734 frame-visible
1787096194734 icon:bc7-gpu-uploaded
1787096194777 status:command-terminal
1787096194778 start:ime-focus-restored
1787096194783 status:flyout-dismissed
1787096195027 notification:provider-error:notification-response-timeout
1787096195027 status:snapshot-updated
1787096195028 frame-visible
1787096195028 icon:bc7-gpu-uploaded
1787096195555 notification:provider-error:notification-restart-capacity
1787096195555 status:snapshot-updated
1787096195573 frame-visible
1787096195573 icon:bc7-gpu-uploaded
1787096195945 start:closed
1787096195969 shell-event
1787096195975 frame-visible
1787096195975 icon:bc7-gpu-uploaded
1787096196086 notification:provider-error:notification-restart-capacity
1787096196087 status:snapshot-updated
1787096196090 frame-visible
1787096196091 icon:bc7-gpu-uploaded
1787096196127 status:owned-flyout-opened
1787096196129 frame-visible
1787096196129 icon:bc7-gpu-uploaded
1787096196146 shell-event
1787096196146 frame-visible
1787096196147 icon:bc7-gpu-uploaded
1787096196161 status:command-terminal
1787096196612 notification:provider-error:notification-restart-capacity
1787096196612 status:snapshot-updated
1787096196613 frame-visible
1787096196613 icon:bc7-gpu-uploaded
1787096197081 notification:provider-error:notification-restart-capacity
1787096197081 status:snapshot-updated
1787096197081 frame-visible
1787096197081 icon:bc7-gpu-uploaded
1787096197608 notification:provider-error:notification-restart-capacity
1787096197608 status:snapshot-updated
1787096197609 frame-visible
1787096197609 icon:bc7-gpu-uploaded
1787096198128 notification:provider-error:notification-restart-capacity
1787096198128 status:snapshot-updated
1787096198129 frame-visible
1787096198129 icon:bc7-gpu-uploaded
1787096198653 notification:provider-error:notification-restart-capacity
1787096198654 status:snapshot-updated
1787096198657 frame-visible
1787096198657 icon:bc7-gpu-uploaded
1787096199175 notification:provider-error:notification-restart-capacity
1787096199175 status:snapshot-updated
1787096199175 frame-visible
1787096199176 icon:bc7-gpu-uploaded
1787096199643 notification:provider-error:notification-restart-capacity
1787096199643 status:snapshot-updated
1787096199643 frame-visible
1787096199643 icon:bc7-gpu-uploaded
1787096200162 notification:provider-error:notification-restart-capacity
1787096200162 status:snapshot-updated
1787096200163 frame-visible
1787096200163 icon:bc7-gpu-uploaded
1787096200682 notification:provider-error:notification-restart-capacity
1787096200683 status:snapshot-updated
1787096200690 frame-visible
1787096200691 icon:bc7-gpu-uploaded
1787096201211 notification:provider-error:notification-restart-capacity
1787096201211 status:snapshot-updated
1787096201211 frame-visible
1787096201211 icon:bc7-gpu-uploaded
1787096201730 notification:provider-error:notification-restart-capacity
1787096201731 status:snapshot-updated
1787096201731 frame-visible
1787096201731 icon:bc7-gpu-uploaded
1787096202196 notification:provider-error:notification-restart-capacity
1787096202196 status:snapshot-updated
1787096202196 frame-visible
1787096202196 icon:bc7-gpu-uploaded
1787096202717 notification:provider-error:notification-restart-capacity
1787096202717 status:snapshot-updated
1787096202723 frame-visible
1787096202723 icon:bc7-gpu-uploaded
1787096203239 notification:provider-error:notification-restart-capacity
1787096203239 status:snapshot-updated
1787096203240 frame-visible
1787096203240 icon:bc7-gpu-uploaded
1787096203762 notification:provider-error:notification-restart-capacity
1787096203762 status:snapshot-updated
1787096203762 frame-visible
1787096203762 icon:bc7-gpu-uploaded
1787096204286 notification:provider-error:notification-restart-capacity
1787096204286 status:snapshot-updated
1787096204291 frame-visible
1787096204291 icon:bc7-gpu-uploaded
1787096204752 notification:provider-error:notification-restart-capacity
1787096204753 status:snapshot-updated
1787096204757 frame-visible
1787096204757 icon:bc7-gpu-uploaded
1787096205273 notification:provider-error:notification-restart-capacity
1787096205273 status:snapshot-updated
1787096205294 frame-visible
1787096205294 icon:bc7-gpu-uploaded
1787096205799 notification:provider-error:notification-restart-capacity
1787096205799 status:snapshot-updated
1787096205807 frame-visible
1787096205807 icon:bc7-gpu-uploaded
1787096206327 notification:provider-error:notification-restart-capacity
1787096206328 status:snapshot-updated
1787096206328 frame-visible
1787096206328 icon:bc7-gpu-uploaded
1787096206619 notification:provider-error:notification-restart-capacity
1787096206619 status:snapshot-updated
1787096206623 frame-visible
1787096206623 icon:bc7-gpu-uploaded
1787096207144 notification:provider-error:notification-restart-capacity
1787096207144 status:snapshot-updated
1787096207145 frame-visible
1787096207145 icon:bc7-gpu-uploaded
1787096207664 notification:provider-error:notification-restart-capacity
1787096207664 status:snapshot-updated
1787096207665 frame-visible
1787096207665 icon:bc7-gpu-uploaded
1787096208182 notification:provider-error:notification-restart-capacity
1787096208182 status:snapshot-updated
1787096208190 frame-visible
1787096208190 icon:bc7-gpu-uploaded
1787096208648 notification:provider-error:notification-restart-capacity
1787096208648 status:snapshot-updated
1787096208657 frame-visible
1787096208657 icon:bc7-gpu-uploaded
1787096209170 notification:provider-error:notification-restart-capacity
1787096209170 status:snapshot-updated
1787096209173 frame-visible
1787096209173 icon:bc7-gpu-uploaded
1787096209695 notification:provider-error:notification-restart-capacity
1787096209695 status:snapshot-updated
1787096209695 frame-visible
1787096209695 icon:bc7-gpu-uploaded
1787096210215 notification:provider-error:notification-restart-capacity
1787096210216 status:snapshot-updated
1787096210223 frame-visible
1787096210223 icon:bc7-gpu-uploaded
1787096210736 notification:provider-error:notification-restart-capacity
1787096210737 status:snapshot-updated
1787096210740 frame-visible
1787096210741 icon:bc7-gpu-uploaded
1787096211266 notification:provider-error:notification-restart-capacity
1787096211266 status:snapshot-updated
1787096211273 frame-visible
1787096211274 icon:bc7-gpu-uploaded
1787096211729 notification:provider-error:notification-restart-capacity
1787096211729 status:snapshot-updated
1787096211730 frame-visible
1787096211730 icon:bc7-gpu-uploaded
1787096212253 notification:provider-error:notification-restart-capacity
1787096212254 status:snapshot-updated
1787096212257 frame-visible
1787096212257 icon:bc7-gpu-uploaded
1787096212774 notification:provider-error:notification-restart-capacity
1787096212774 status:snapshot-updated
1787096212775 frame-visible
1787096212775 icon:bc7-gpu-uploaded
1787096213296 notification:provider-error:notification-restart-capacity
1787096213297 status:snapshot-updated
1787096213297 frame-visible
1787096213297 icon:bc7-gpu-uploaded
1787096213668 taskbar:auto-hide-teardown-visible
