1787098127059 taskbar:appbar-unavailable-owned-shell
1787098127067 taskbar:appbar-owned
1787098127088 frame-visible
1787098127099 locale:zh-TW
1787098127099 theme:light
1787098127099 wallpaper:loaded
1787098127102 frame-visible
1787098127102 icon:bc7-gpu-uploaded
1787098127158 shell-event
1787098127161 frame-visible
1787098127161 icon:bc7-gpu-uploaded
1787098127216 frame-visible
1787098127217 icon:bc7-gpu-uploaded
1787098127503 status:snapshot-updated
1787098127511 frame-visible
1787098127511 icon:bc7-gpu-uploaded
1787098127680 notification:snapshot-reconciled
1787098127680 frame-visible
1787098127680 icon:bc7-gpu-uploaded
1787098127695 frame-visible
1787098127695 icon:bc7-gpu-uploaded
1787098128027 status:snapshot-updated
1787098128027 frame-visible
1787098128028 icon:bc7-gpu-uploaded
1787098128263 notification:snapshot-reconciled
1787098128263 frame-visible
1787098128263 icon:bc7-gpu-uploaded
1787098128553 status:snapshot-updated
1787098128561 frame-visible
1787098128561 icon:bc7-gpu-uploaded
1787098129072 status:snapshot-updated
1787098129078 frame-visible
1787098129078 icon:bc7-gpu-uploaded
1787098129128 status:owned-flyout-opened
1787098129139 frame-visible
1787098129139 icon:bc7-gpu-uploaded
1787098129549 status:snapshot-updated
1787098129549 frame-visible
1787098129549 icon:bc7-gpu-uploaded
1787098130071 status:snapshot-updated
1787098130077 frame-visible
1787098130077 icon:bc7-gpu-uploaded
1787098130592 status:snapshot-updated
1787098130594 frame-visible
1787098130594 icon:bc7-gpu-uploaded
1787098131115 status:snapshot-updated
1787098131116 frame-visible
1787098131116 icon:bc7-gpu-uploaded
1787098131636 status:snapshot-updated
1787098131644 frame-visible
1787098131644 icon:bc7-gpu-uploaded
1787098132104 status:snapshot-updated
1787098132111 frame-visible
1787098132111 icon:bc7-gpu-uploaded
1787098132624 status:snapshot-updated
1787098132627 frame-visible
1787098132627 icon:bc7-gpu-uploaded
1787098133144 status:snapshot-updated
1787098133144 frame-visible
1787098133144 icon:bc7-gpu-uploaded
1787098133666 status:snapshot-updated
1787098133666 frame-visible
1787098133667 icon:bc7-gpu-uploaded
1787098134188 status:snapshot-updated
1787098134194 frame-visible
1787098134194 icon:bc7-gpu-uploaded
1787098134713 status:snapshot-updated
1787098134713 frame-visible
1787098134713 icon:bc7-gpu-uploaded
1787098135235 status:snapshot-updated
1787098135236 frame-visible
1787098135236 icon:bc7-gpu-uploaded
1787098135698 status:snapshot-updated
1787098135698 frame-visible
1787098135699 icon:bc7-gpu-uploaded
1787098136228 status:snapshot-updated
1787098136228 frame-visible
1787098136229 icon:bc7-gpu-uploaded
1787098172271 taskbar:appbar-unavailable-owned-shell
1787098172277 taskbar:appbar-owned
1787098172297 frame-visible
1787098172307 locale:zh-TW
1787098172307 theme:light
1787098172307 wallpaper:loaded
1787098172310 frame-visible
1787098172310 icon:bc7-gpu-uploaded
1787098172368 shell-event
1787098172368 frame-visible
1787098172368 icon:bc7-gpu-uploaded
1787098172378 frame-visible
1787098172378 icon:bc7-gpu-uploaded
1787098172714 status:snapshot-updated
1787098172714 frame-visible
1787098172714 icon:bc7-gpu-uploaded
1787098172893 notification:snapshot-reconciled
1787098172894 frame-visible
1787098172894 icon:bc7-gpu-uploaded
1787098172911 frame-visible
1787098172912 icon:bc7-gpu-uploaded
1787098173244 status:snapshot-updated
1787098173244 frame-visible
1787098173244 icon:bc7-gpu-uploaded
1787098173482 notification:snapshot-reconciled
1787098173482 frame-visible
1787098173482 icon:bc7-gpu-uploaded
1787098173772 status:snapshot-updated
1787098173777 frame-visible
1787098173777 icon:bc7-gpu-uploaded
1787098174286 status:owned-flyout-opened
1787098174289 frame-visible
1787098174289 icon:bc7-gpu-uploaded
1787098174303 status:snapshot-updated
1787098174304 frame-visible
1787098174304 icon:bc7-gpu-uploaded
1787098174773 status:snapshot-updated
1787098174778 frame-visible
1787098174778 icon:bc7-gpu-uploaded
1787098175296 status:snapshot-updated
1787098175296 frame-visible
1787098175296 icon:bc7-gpu-uploaded
1787098175823 status:snapshot-updated
1787098175827 frame-visible
1787098175827 icon:bc7-gpu-uploaded
1787098176349 status:snapshot-updated
1787098176349 frame-visible
1787098176349 icon:bc7-gpu-uploaded
1787098176871 status:snapshot-updated
1787098176877 frame-visible
1787098176877 icon:bc7-gpu-uploaded
1787098177339 status:snapshot-updated
1787098177343 frame-visible
1787098177344 icon:bc7-gpu-uploaded
1787098177861 status:snapshot-updated
1787098177862 frame-visible
1787098177862 icon:bc7-gpu-uploaded
1787098178389 status:snapshot-updated
1787098178394 frame-visible
1787098178394 icon:bc7-gpu-uploaded
1787098178912 status:snapshot-updated
1787098178912 frame-visible
1787098178913 icon:bc7-gpu-uploaded
1787098179377 status:snapshot-updated
1787098179377 frame-visible
1787098179377 icon:bc7-gpu-uploaded
1787098179904 status:snapshot-updated
1787098179911 frame-visible
1787098179911 icon:bc7-gpu-uploaded
1787098180426 status:snapshot-updated
1787098180427 frame-visible
1787098180427 icon:bc7-gpu-uploaded
1787098215133 taskbar:appbar-unavailable-owned-shell
1787098215139 taskbar:appbar-owned
1787098215161 frame-visible
1787098215171 locale:zh-TW
1787098215171 theme:light
1787098215171 wallpaper:loaded
1787098215173 frame-visible
1787098215173 icon:bc7-gpu-uploaded
1787098215232 shell-event
1787098215232 frame-visible
1787098215232 icon:bc7-gpu-uploaded
1787098215244 frame-visible
1787098215244 icon:bc7-gpu-uploaded
1787098215582 status:snapshot-updated
1787098215583 frame-visible
1787098215583 icon:bc7-gpu-uploaded
1787098215761 notification:snapshot-reconciled
1787098215761 frame-visible
1787098215761 icon:bc7-gpu-uploaded
1787098215777 frame-visible
1787098215777 icon:bc7-gpu-uploaded
1787098216113 status:snapshot-updated
1787098216113 frame-visible
1787098216113 icon:bc7-gpu-uploaded
1787098216640 status:snapshot-updated
1787098216643 frame-visible
1787098216643 icon:bc7-gpu-uploaded
1787098217108 status:snapshot-updated
1787098217110 frame-visible
1787098217110 icon:bc7-gpu-uploaded
1787098217148 status:owned-flyout-opened
1787098217150 frame-visible
1787098217150 icon:bc7-gpu-uploaded
1787098244864 taskbar:appbar-unavailable-owned-shell
1787098244874 taskbar:appbar-owned
1787098244896 frame-visible
1787098244906 locale:zh-TW
1787098244907 theme:light
1787098244907 wallpaper:loaded
1787098244910 frame-visible
1787098244910 icon:bc7-gpu-uploaded
1787098244966 shell-event
1787098244967 frame-visible
1787098244967 icon:bc7-gpu-uploaded
1787098244993 frame-visible
1787098244993 icon:bc7-gpu-uploaded
1787098245313 status:snapshot-updated
1787098245314 frame-visible
1787098245314 icon:bc7-gpu-uploaded
1787098245494 notification:snapshot-reconciled
1787098245495 frame-visible
1787098245495 icon:bc7-gpu-uploaded
1787098245511 frame-visible
1787098245511 icon:bc7-gpu-uploaded
1787098245844 status:snapshot-updated
1787098245844 frame-visible
1787098245844 icon:bc7-gpu-uploaded
1787098246372 status:snapshot-updated
1787098246376 frame-visible
1787098246376 icon:bc7-gpu-uploaded
1787098246898 status:owned-flyout-opened
1787098246906 status:snapshot-updated
1787098246907 frame-visible
1787098246908 icon:bc7-gpu-uploaded
1787098247130 notification:center-reconciled
1787098247256 notification:snapshot-reconciled
1787098247276 frame-visible
1787098247276 icon:bc7-gpu-uploaded
1787098247373 status:snapshot-updated
1787098247377 frame-visible
1787098247377 icon:bc7-gpu-uploaded
1787098247389 notification:center-reconciled
1787098247841 notification:snapshot-reconciled
1787098247843 frame-visible
1787098247843 icon:bc7-gpu-uploaded
1787098247899 status:snapshot-updated
1787098247899 frame-visible
1787098247899 icon:bc7-gpu-uploaded
1787098248422 status:snapshot-updated
1787098248426 frame-visible
1787098248426 icon:bc7-gpu-uploaded
1787098248943 status:snapshot-updated
1787098248944 frame-visible
1787098248944 icon:bc7-gpu-uploaded
1787098249407 status:snapshot-updated
1787098249410 frame-visible
1787098249410 icon:bc7-gpu-uploaded
1787098249935 status:snapshot-updated
1787098249943 frame-visible
1787098249943 icon:bc7-gpu-uploaded
1787098250461 status:snapshot-updated
1787098250461 frame-visible
1787098250461 icon:bc7-gpu-uploaded
1787098250985 status:snapshot-updated
1787098250993 frame-visible
1787098250993 icon:bc7-gpu-uploaded
1787098251451 status:snapshot-updated
1787098251451 frame-visible
1787098251451 icon:bc7-gpu-uploaded
1787098282685 taskbar:appbar-unavailable-owned-shell
1787098282694 taskbar:appbar-owned
1787098282714 frame-visible
1787098282724 locale:zh-TW
1787098282724 theme:light
1787098282724 wallpaper:loaded
1787098282725 frame-visible
1787098282725 icon:bc7-gpu-uploaded
1787098282785 shell-event
1787098282785 frame-visible
1787098282785 icon:bc7-gpu-uploaded
1787098282810 frame-visible
1787098282810 icon:bc7-gpu-uploaded
1787098283134 status:snapshot-updated
1787098283143 frame-visible
1787098283143 icon:bc7-gpu-uploaded
1787098283312 notification:snapshot-reconciled
1787098283312 frame-visible
1787098283312 icon:bc7-gpu-uploaded
1787098283327 frame-visible
1787098283327 icon:bc7-gpu-uploaded
1787098283660 status:snapshot-updated
1787098283660 frame-visible
1787098283660 icon:bc7-gpu-uploaded
1787098284188 status:snapshot-updated
1787098284193 frame-visible
1787098284193 icon:bc7-gpu-uploaded
1787098284481 notification:snapshot-reconciled
1787098284481 frame-visible
1787098284481 icon:bc7-gpu-uploaded
1787098284708 status:owned-flyout-opened
1787098284718 status:snapshot-updated
1787098284718 frame-visible
1787098284718 icon:bc7-gpu-uploaded
1787098284922 notification:center-reconciled
1787098285074 notification:snapshot-reconciled
1787098285094 frame-visible
1787098285094 icon:bc7-gpu-uploaded
1787098285168 notification:center-reconciled
1787098285190 status:snapshot-updated
1787098285194 frame-visible
1787098285194 icon:bc7-gpu-uploaded
1787098285666 notification:snapshot-reconciled
1787098285667 frame-visible
1787098285667 icon:bc7-gpu-uploaded
1787098285724 status:snapshot-updated
1787098285726 frame-visible
1787098285726 icon:bc7-gpu-uploaded
1787098286245 status:snapshot-updated
1787098286245 frame-visible
1787098286245 icon:bc7-gpu-uploaded
1787098286767 status:snapshot-updated
1787098286768 frame-visible
1787098286768 icon:bc7-gpu-uploaded
1787098287234 status:snapshot-updated
1787098287237 frame-visible
1787098287237 icon:bc7-gpu-uploaded
1787098287758 status:snapshot-updated
1787098287759 frame-visible
1787098287760 icon:bc7-gpu-uploaded
1787098288284 status:snapshot-updated
1787098288293 frame-visible
1787098288293 icon:bc7-gpu-uploaded
1787098288809 status:snapshot-updated
1787098288810 frame-visible
1787098288810 icon:bc7-gpu-uploaded
1787098289276 status:snapshot-updated
1787098289281 frame-visible
1787098289281 icon:bc7-gpu-uploaded
1787098321161 taskbar:appbar-unavailable-owned-shell
1787098321167 taskbar:appbar-owned
1787098321189 frame-visible
1787098321199 locale:zh-TW
1787098321200 theme:light
1787098321200 wallpaper:loaded
1787098321203 frame-visible
1787098321203 icon:bc7-gpu-uploaded
1787098321260 shell-event
1787098321260 frame-visible
1787098321260 icon:bc7-gpu-uploaded
1787098321277 frame-visible
1787098321278 icon:bc7-gpu-uploaded
1787098321607 status:snapshot-updated
1787098321609 frame-visible
1787098321610 icon:bc7-gpu-uploaded
1787098321788 notification:snapshot-reconciled
1787098321789 frame-visible
1787098321789 icon:bc7-gpu-uploaded
1787098321793 frame-visible
1787098321793 icon:bc7-gpu-uploaded
1787098322140 status:snapshot-updated
1787098322143 frame-visible
1787098322143 icon:bc7-gpu-uploaded
1787098322615 status:snapshot-updated
1787098322615 frame-visible
1787098322615 icon:bc7-gpu-uploaded
1787098323143 status:snapshot-updated
1787098323143 frame-visible
1787098323143 icon:bc7-gpu-uploaded
1787098323180 status:owned-flyout-opened
1787098323182 frame-visible
1787098323182 icon:bc7-gpu-uploaded
1787098323387 notification:center-reconciled
1787098323556 notification:snapshot-reconciled
1787098323560 frame-visible
1787098323560 icon:bc7-gpu-uploaded
1787098323673 status:snapshot-updated
1787098323677 frame-visible
1787098323677 icon:bc7-gpu-uploaded
1787098324205 status:snapshot-updated
1787098324209 frame-visible
1787098324209 icon:bc7-gpu-uploaded
1787098324672 status:snapshot-updated
1787098324676 frame-visible
1787098324676 icon:bc7-gpu-uploaded
1787098325200 status:snapshot-updated
1787098325200 frame-visible
1787098325200 icon:bc7-gpu-uploaded
1787098325728 status:snapshot-updated
1787098325729 frame-visible
1787098325729 icon:bc7-gpu-uploaded
1787098326257 status:snapshot-updated
1787098326259 frame-visible
1787098326260 icon:bc7-gpu-uploaded
1787098326724 status:snapshot-updated
1787098326726 frame-visible
1787098326726 icon:bc7-gpu-uploaded
1787098327247 status:snapshot-updated
1787098327247 frame-visible
1787098327247 icon:bc7-gpu-uploaded
1787098348769 taskbar:appbar-unavailable-owned-shell
1787098348777 taskbar:appbar-owned
1787098348797 frame-visible
1787098348807 locale:zh-TW
1787098348808 theme:light
1787098348808 wallpaper:loaded
1787098348810 frame-visible
1787098348810 icon:bc7-gpu-uploaded
1787098348869 shell-event
1787098348877 frame-visible
1787098348877 icon:bc7-gpu-uploaded
1787098348893 frame-visible
1787098348894 icon:bc7-gpu-uploaded
1787098349216 status:snapshot-updated
1787098349217 frame-visible
1787098349217 icon:bc7-gpu-uploaded
1787098349396 notification:snapshot-reconciled
1787098349396 frame-visible
1787098349397 icon:bc7-gpu-uploaded
1787098349410 frame-visible
1787098349410 icon:bc7-gpu-uploaded
1787098349742 status:snapshot-updated
1787098349743 frame-visible
1787098349743 icon:bc7-gpu-uploaded
1787098350275 status:snapshot-updated
1787098350276 frame-visible
1787098350276 icon:bc7-gpu-uploaded
1787098350568 notification:snapshot-reconciled
1787098350568 frame-visible
1787098350568 icon:bc7-gpu-uploaded
1787098350803 status:owned-flyout-opened
1787098350812 status:snapshot-updated
1787098350814 frame-visible
1787098350814 icon:bc7-gpu-uploaded
1787098351016 notification:center-reconciled
1787098351165 notification:snapshot-reconciled
1787098351165 frame-visible
1787098351165 icon:bc7-gpu-uploaded
1787098351253 notification:center-reconciled
1787098351280 status:snapshot-updated
1787098351280 frame-visible
1787098351281 icon:bc7-gpu-uploaded
1787098351733 status:flyout-dismissed
1787098351738 frame-visible
1787098351738 icon:bc7-gpu-uploaded
1787098351751 notification:snapshot-reconciled
1787098351751 frame-visible
1787098351751 icon:bc7-gpu-uploaded
1787098351810 status:snapshot-updated
1787098351810 frame-visible
1787098351810 icon:bc7-gpu-uploaded
1787098463211 taskbar:appbar-unavailable-owned-shell
1787098463219 taskbar:appbar-owned
1787098463239 frame-visible
1787098463250 locale:zh-TW
1787098463250 theme:light
1787098463250 wallpaper:loaded
1787098463251 frame-visible
1787098463251 icon:bc7-gpu-uploaded
1787098463309 shell-event
1787098463309 frame-visible
1787098463310 icon:bc7-gpu-uploaded
1787098463658 status:snapshot-updated
1787098463659 frame-visible
1787098463659 icon:bc7-gpu-uploaded
1787098463843 notification:snapshot-reconciled
1787098463844 frame-visible
1787098463844 icon:bc7-gpu-uploaded
1787098463859 frame-visible
1787098463860 icon:bc7-gpu-uploaded
1787098464192 status:snapshot-updated
1787098464192 frame-visible
1787098464192 icon:bc7-gpu-uploaded
1787098464432 notification:snapshot-reconciled
1787098464432 frame-visible
1787098464432 icon:bc7-gpu-uploaded
1787098464723 status:snapshot-updated
1787098464725 frame-visible
1787098464725 icon:bc7-gpu-uploaded
1787098465193 status:snapshot-updated
1787098465194 frame-visible
1787098465194 icon:bc7-gpu-uploaded
1787098465226 status:owned-flyout-opened
1787098465228 frame-visible
1787098465228 icon:bc7-gpu-uploaded
1787098465439 notification:center-reconciled
1787098465612 notification:snapshot-reconciled
1787098465613 frame-visible
1787098465613 icon:bc7-gpu-uploaded
1787098465700 notification:center-reconciled
1787098465730 status:snapshot-updated
1787098465730 frame-visible
1787098465730 icon:bc7-gpu-uploaded
1787098466167 status:flyout-dismissed
1787098466172 frame-visible
1787098466172 icon:bc7-gpu-uploaded
1787098466199 notification:snapshot-reconciled
1787098466199 frame-visible
1787098466199 icon:bc7-gpu-uploaded
1787098466257 status:snapshot-updated
1787098466258 frame-visible
1787098466258 icon:bc7-gpu-uploaded
