1787256319098 win-e:hook-active
1787256319099 taskbar:icon-source-edge:42
1787256319488 taskbar:appbar-unavailable-owned-shell
1787256319488 taskbar:appbar-fallback-geometry-active
1787256319500 taskbar:appbar-owned
1787256319500 frame-visible
1787256319504 wallpaper:loaded
1787256319517 frame-visible
1787256319994 status:snapshot-updated
1787256319994 shell-event
1787256319995 frame-visible
1787256320051 clock:updated
1787256320055 frame-visible
1787256320122 task
1787256320123 task:identity:win:48020:4350F4C
1787256320133 task:left-activated
1787256320138 frame-visible
1787256320171 shell-event
1787256320171 frame-visible
1787256320469 task
1787256320469 task:identity:win:48020:4350F4C
1787256320550 task:minimized-shelved:win:48020:4350F4C
1787256320550 task:left-minimized
1787256320550 frame-visible
1787256320568 status:snapshot-updated
1787256320568 shell-event
1787256320568 notification:snapshot-reconciled
1787256320568 frame-visible
1787256320745 task
1787256320745 task:identity:win:48020:4350F4C
1787256320807 task:left-restored-activated
1787256320808 frame-visible
1787256320816 shell-event
1787256320825 frame-visible
1787256321052 clock:updated
1787256321052 status:snapshot-updated
1787256321055 frame-visible
1787256321110 task:minimized-shelved:win:48020:4350F4C
1787256321110 shell-event
1787256321110 frame-visible
1787256321176 notification:snapshot-reconciled
1787256321176 frame-visible
1787256321233 shell-event
1787256321238 frame-visible
