1787072148871 frame-visible
1787072148882 locale:zh-TW
1787072148882 theme:dark
1787072148882 wallpaper:loaded
1787072148896 frame-visible
1787072148897 icon:bc7-gpu-uploaded
1787072148899 frame-visible
1787072148899 icon:bc7-gpu-uploaded
1787072148943 shell-event
1787072148946 frame-visible
1787072148946 icon:bc7-gpu-uploaded
1787072149493 status:snapshot-updated
1787072149493 notification:snapshot-reconciled
1787072149493 frame-visible
1787072149493 icon:bc7-gpu-uploaded
1787072150097 status:snapshot-updated
1787072150097 frame-visible
1787072150097 icon:bc7-gpu-uploaded
1787072150705 status:snapshot-updated
1787072150706 frame-visible
1787072150706 icon:bc7-gpu-uploaded
1787072151311 status:snapshot-updated
1787072151311 frame-visible
1787072151312 icon:bc7-gpu-uploaded
1787072151918 status:snapshot-updated
1787072151921 frame-visible
1787072151921 icon:bc7-gpu-uploaded
1787072152060 status:owned-flyout-opened
1787072152085 frame-visible
1787072152085 icon:bc7-gpu-uploaded
1787072152363 status:owned-flyout-opened
1787072152390 frame-visible
1787072152390 icon:bc7-gpu-uploaded
1787072152570 status:snapshot-updated
1787072152571 frame-visible
1787072152571 icon:bc7-gpu-uploaded
1787072152837 status:owned-flyout-opened
1787072152856 frame-visible
1787072152856 icon:bc7-gpu-uploaded
1787072153174 status:snapshot-updated
1787072153175 frame-visible
1787072153175 icon:bc7-gpu-uploaded
1787072153210 status:owned-flyout-opened
1787072153220 frame-visible
1787072153221 icon:bc7-gpu-uploaded
1787072153523 status:owned-flyout-opened
1787072153543 frame-visible
1787072153543 icon:bc7-gpu-uploaded
1787072154440 status:command-terminal
1787072154460 status:snapshot-updated
1787072154463 frame-visible
1787072154463 icon:bc7-gpu-uploaded
1787072154529 clock:updated
1787072154530 status:snapshot-updated
1787072154531 frame-visible
1787072154531 icon:bc7-gpu-uploaded
1787072155459 status:command-terminal
1787072155474 status:snapshot-updated
1787072155476 frame-visible
1787072155476 icon:bc7-gpu-uploaded
1787072155900 clock:updated
1787072155900 status:snapshot-updated
1787072155901 frame-visible
1787072155901 icon:bc7-gpu-uploaded
1787072156496 status:snapshot-updated
1787072156497 frame-visible
1787072156497 icon:bc7-gpu-uploaded
1787072157102 status:snapshot-updated
1787072157103 frame-visible
1787072157103 icon:bc7-gpu-uploaded
1787072157698 status:snapshot-updated
1787072157699 frame-visible
1787072157700 icon:bc7-gpu-uploaded
1787072158299 status:snapshot-updated
1787072158299 frame-visible
1787072158300 icon:bc7-gpu-uploaded
1787072158898 status:snapshot-updated
1787072158898 frame-visible
1787072158898 icon:bc7-gpu-uploaded
1787072159504 status:snapshot-updated
1787072159505 frame-visible
1787072159506 icon:bc7-gpu-uploaded
1787072160034 clock:updated
1787072160035 frame-visible
1787072160035 icon:bc7-gpu-uploaded
1787072160102 status:snapshot-updated
1787072160103 frame-visible
1787072160103 icon:bc7-gpu-uploaded
1787072160704 status:snapshot-updated
1787072160705 frame-visible
1787072160705 icon:bc7-gpu-uploaded
1787072161307 status:snapshot-updated
1787072161307 frame-visible
1787072161308 icon:bc7-gpu-uploaded
1787072161911 status:snapshot-updated
1787072161913 frame-visible
1787072161913 icon:bc7-gpu-uploaded
1787072162512 status:snapshot-updated
1787072162512 frame-visible
1787072162512 icon:bc7-gpu-uploaded
1787072163118 status:snapshot-updated
1787072163118 frame-visible
1787072163118 icon:bc7-gpu-uploaded
1787072163721 status:snapshot-updated
1787072163722 frame-visible
1787072163722 icon:bc7-gpu-uploaded
1787072164324 status:snapshot-updated
1787072164325 frame-visible
1787072164325 icon:bc7-gpu-uploaded
1787072164923 status:snapshot-updated
1787072164924 frame-visible
1787072164924 icon:bc7-gpu-uploaded
1787072165524 status:snapshot-updated
1787072165524 frame-visible
1787072165524 icon:bc7-gpu-uploaded
1787072165884 status:snapshot-updated
1787072165885 frame-visible
1787072165885 icon:bc7-gpu-uploaded
1787072166484 status:snapshot-updated
1787072166485 frame-visible
1787072166485 icon:bc7-gpu-uploaded
1787072167089 status:snapshot-updated
1787072167090 frame-visible
1787072167090 icon:bc7-gpu-uploaded
1787072167688 status:snapshot-updated
1787072167689 frame-visible
1787072167689 icon:bc7-gpu-uploaded
1787072168291 status:snapshot-updated
1787072168292 frame-visible
1787072168292 icon:bc7-gpu-uploaded
1787072168890 status:snapshot-updated
