1787093494641 taskbar:preview-shell-hook-owned
1787093494669 frame-visible
1787093494679 locale:en-US
1787093494679 theme:light
1787093494679 wallpaper:loaded
1787093494680 frame-visible
1787093494680 icon:bc7-gpu-uploaded
1787093494738 shell-event
1787093494742 frame-visible
1787093494743 icon:bc7-gpu-uploaded
1787093495093 status:snapshot-updated
1787093495093 notification:snapshot-reconciled
1787093495094 frame-visible
1787093495094 icon:bc7-gpu-uploaded
1787093495241 taskbar:auto-hide-hidden
1787093495620 status:snapshot-updated
1787093495628 taskbar:auto-hide-shown
1787093495628 frame-visible
1787093495628 icon:bc7-gpu-uploaded
1787093495644 frame-visible
1787093495644 icon:bc7-gpu-uploaded
1787093495942 frame-visible
1787093495942 icon:bc7-gpu-uploaded
1787093496152 status:snapshot-updated
1787093496159 frame-visible
1787093496159 icon:bc7-gpu-uploaded
1787093496498 taskbar:auto-hide-hidden
1787093496604 taskbar:auto-hide-shown
1787093496610 frame-visible
1787093496610 icon:bc7-gpu-uploaded
1787093496629 status:snapshot-updated
1787093496629 frame-visible
1787093496629 icon:bc7-gpu-uploaded
1787093496759 frame-visible
1787093496759 icon:bc7-gpu-uploaded
1787093496778 taskbar:context-opened
1787093496783 frame-visible
1787093496783 icon:bc7-gpu-uploaded
1787093497043 frame-visible
1787093497043 icon:bc7-gpu-uploaded
1787093497160 status:snapshot-updated
1787093497160 frame-visible
1787093497160 icon:bc7-gpu-uploaded
1787093497636 status:snapshot-updated
1787093497642 frame-visible
1787093497642 icon:bc7-gpu-uploaded
1787093497848 frame-visible
1787093497848 icon:bc7-gpu-uploaded
1787093498161 status:snapshot-updated
1787093498161 frame-visible
1787093498161 icon:bc7-gpu-uploaded
1787093498400 taskbar:auto-hide-hidden
1787093498687 status:snapshot-updated
1787093498693 frame-visible
1787093498693 icon:bc7-gpu-uploaded
1787093499216 status:snapshot-updated
1787093499216 frame-visible
1787093499216 icon:bc7-gpu-uploaded
1787093499685 status:snapshot-updated
1787093499692 frame-visible
1787093499692 icon:bc7-gpu-uploaded
1787093500214 status:snapshot-updated
1787093500214 frame-visible
1787093500214 icon:bc7-gpu-uploaded
1787093500737 status:snapshot-updated
1787093500743 frame-visible
1787093500743 icon:bc7-gpu-uploaded
1787093501260 status:snapshot-updated
1787093501260 frame-visible
1787093501260 icon:bc7-gpu-uploaded
1787093501731 status:snapshot-updated
1787093501732 frame-visible
1787093501732 icon:bc7-gpu-uploaded
1787093502257 status:snapshot-updated
1787093502259 frame-visible
1787093502259 icon:bc7-gpu-uploaded
1787093502785 status:snapshot-updated
1787093502792 frame-visible
1787093502792 icon:bc7-gpu-uploaded
1787093503309 status:snapshot-updated
1787093503309 frame-visible
1787093503309 icon:bc7-gpu-uploaded
1787093503775 status:snapshot-updated
1787093503776 frame-visible
1787093503776 icon:bc7-gpu-uploaded
1787093504303 status:snapshot-updated
1787093504309 frame-visible
1787093504309 icon:bc7-gpu-uploaded
1787093504829 status:snapshot-updated
1787093504829 frame-visible
1787093504829 icon:bc7-gpu-uploaded
1787093505355 status:snapshot-updated
1787093505359 frame-visible
1787093505359 icon:bc7-gpu-uploaded
1787093505826 status:snapshot-updated
1787093505826 frame-visible
1787093505827 icon:bc7-gpu-uploaded
1787093506351 status:snapshot-updated
1787093506359 frame-visible
1787093506359 icon:bc7-gpu-uploaded
1787093506880 status:snapshot-updated
1787093506880 frame-visible
1787093506881 icon:bc7-gpu-uploaded
1787093507405 status:snapshot-updated
1787093507409 frame-visible
1787093507409 icon:bc7-gpu-uploaded
1787093507696 status:snapshot-updated
1787093507696 frame-visible
1787093507696 icon:bc7-gpu-uploaded
1787093508222 status:snapshot-updated
1787093508225 frame-visible
1787093508226 icon:bc7-gpu-uploaded
1787093508792 taskbar:auto-hide-teardown-visible
