1787098364342 taskbar:appbar-unavailable-owned-shell
1787098364351 taskbar:appbar-owned
1787098364373 frame-visible
1787098364383 locale:zh-TW
1787098364383 theme:dark
1787098364383 wallpaper:loaded
1787098364386 frame-visible
1787098364386 icon:bc7-gpu-uploaded
1787098364409 frame-visible
1787098364410 icon:bc7-gpu-uploaded
1787098364445 shell-event
1787098364445 frame-visible
1787098364445 icon:bc7-gpu-uploaded
1787098364795 status:snapshot-updated
1787098364795 frame-visible
1787098364795 icon:bc7-gpu-uploaded
1787098364977 notification:snapshot-reconciled
1787098364977 frame-visible
1787098364977 icon:bc7-gpu-uploaded
1787098364993 frame-visible
1787098364993 icon:bc7-gpu-uploaded
1787098365330 status:snapshot-updated
1787098365341 frame-visible
1787098365341 icon:bc7-gpu-uploaded
1787098365579 notification:snapshot-reconciled
1787098365579 frame-visible
1787098365579 icon:bc7-gpu-uploaded
1787098365813 status:snapshot-updated
1787098365813 frame-visible
1787098365813 icon:bc7-gpu-uploaded
1787098366301 status:owned-flyout-opened
1787098366303 frame-visible
1787098366303 icon:bc7-gpu-uploaded
1787098366340 status:snapshot-updated
1787098366342 frame-visible
1787098366342 icon:bc7-gpu-uploaded
1787098476302 taskbar:appbar-unavailable-owned-shell
1787098476307 taskbar:appbar-owned
1787098476328 frame-visible
1787098476338 locale:zh-TW
1787098476339 theme:dark
1787098476339 wallpaper:loaded
1787098476342 frame-visible
1787098476342 icon:bc7-gpu-uploaded
1787098476404 shell-event
1787098476405 frame-visible
1787098476405 icon:bc7-gpu-uploaded
1787098476442 frame-visible
1787098476442 icon:bc7-gpu-uploaded
1787098476754 status:snapshot-updated
1787098476758 frame-visible
1787098476758 icon:bc7-gpu-uploaded
1787098476935 notification:snapshot-reconciled
1787098476935 frame-visible
1787098476935 icon:bc7-gpu-uploaded
1787098476942 frame-visible
1787098476942 icon:bc7-gpu-uploaded
1787098477285 status:snapshot-updated
1787098477292 frame-visible
1787098477292 icon:bc7-gpu-uploaded
1787098477526 notification:snapshot-reconciled
1787098477526 frame-visible
1787098477526 icon:bc7-gpu-uploaded
1787098477759 status:snapshot-updated
1787098477759 frame-visible
1787098477759 icon:bc7-gpu-uploaded
1787098478280 status:snapshot-updated
1787098478281 frame-visible
1787098478281 icon:bc7-gpu-uploaded
1787098478334 status:owned-flyout-opened
1787098478344 frame-visible
1787098478344 icon:bc7-gpu-uploaded
