1787224067981 taskbar:preview-shell-hook-owned
1787224068005 frame-visible
1787224068016 wallpaper:loaded
1787224068017 frame-visible
1787224068017 icon:bc7-gpu-uploaded
1787224068114 frame-visible
1787224068114 icon:bc7-gpu-uploaded
1787224068471 status:snapshot-updated
1787224068471 frame-visible
1787224068471 icon:bc7-gpu-uploaded
1787224068592 notification:snapshot-reconciled
1787224068592 frame-visible
1787224068592 icon:bc7-gpu-uploaded
1787224068990 status:snapshot-updated
1787224068998 frame-visible
1787224068999 icon:bc7-gpu-uploaded
1787224069048 clock:updated
1787224069048 frame-visible
1787224069049 icon:bc7-gpu-uploaded
1787224069511 status:snapshot-updated
1787224069515 frame-visible
1787224069525 icon:bc7-gpu-uploaded
1787224070031 clock:updated
1787224070032 status:snapshot-updated
1787224070032 frame-visible
1787224070032 icon:bc7-gpu-uploaded
1787224070559 status:snapshot-updated
1787224070566 frame-visible
1787224070566 icon:bc7-gpu-uploaded
1787224071029 clock:updated
1787224071031 frame-visible
1787224071031 icon:bc7-gpu-uploaded
1787224071087 status:snapshot-updated
1787224071087 frame-visible
1787224071088 icon:bc7-gpu-uploaded
1787224071422 error:status:command:StaleGeneration: host generation changed
1787224071445 status:command-terminal
1787224071462 status:owned-flyout-opened
1787224071472 frame-visible
1787224071472 icon:bc7-gpu-uploaded
1787224071652 status:snapshot-updated
1787224071652 frame-visible
1787224071652 icon:bc7-gpu-uploaded
1787224072056 clock:updated
1787224072057 frame-visible
1787224072057 icon:bc7-gpu-uploaded
1787224072180 status:snapshot-updated
1787224072181 frame-visible
1787224072181 icon:bc7-gpu-uploaded
1787224072706 status:snapshot-updated
1787224072706 frame-visible
1787224072706 icon:bc7-gpu-uploaded
1787224073051 clock:updated
1787224073051 frame-visible
1787224073051 icon:bc7-gpu-uploaded
1787224073223 status:snapshot-updated
1787224073231 frame-visible
1787224073231 icon:bc7-gpu-uploaded
1787224073530 error:status:command:StaleGeneration: host generation changed
1787224073557 status:command-terminal
1787224073755 status:snapshot-updated
1787224073755 frame-visible
1787224073755 icon:bc7-gpu-uploaded
1787224074049 clock:updated
1787224074049 frame-visible
1787224074049 icon:bc7-gpu-uploaded
1787224074277 status:snapshot-updated
1787224074281 frame-visible
1787224074281 icon:bc7-gpu-uploaded
1787224074803 status:snapshot-updated
1787224074803 frame-visible
1787224074804 icon:bc7-gpu-uploaded
1787224075042 clock:updated
1787224075043 frame-visible
1787224075043 icon:bc7-gpu-uploaded
1787224075333 status:snapshot-updated
1787224075333 frame-visible
1787224075333 icon:bc7-gpu-uploaded
1787224075864 status:snapshot-updated
1787224075866 frame-visible
1787224075866 icon:bc7-gpu-uploaded
1787224075867 status:flyout-dismissed
1787224075882 frame-visible
1787224075883 icon:bc7-gpu-uploaded
1787224076037 clock:updated
1787224076037 frame-visible
1787224076038 icon:bc7-gpu-uploaded
1787224076391 status:snapshot-updated
1787224076398 frame-visible
1787224076398 icon:bc7-gpu-uploaded
1787224076915 status:snapshot-updated
1787224076917 frame-visible
1787224076917 icon:bc7-gpu-uploaded
1787224077031 clock:updated
1787224077031 frame-visible
1787224077032 icon:bc7-gpu-uploaded
1787224077440 status:snapshot-updated
1787224077440 frame-visible
1787224077440 icon:bc7-gpu-uploaded
1787224077872 status:owned-flyout-opened
1787224077873 frame-visible
1787224077873 icon:bc7-gpu-uploaded
1787224077967 status:snapshot-updated
1787224077976 frame-visible
1787224077977 icon:bc7-gpu-uploaded
1787224078026 clock:updated
1787224078031 frame-visible
1787224078031 icon:bc7-gpu-uploaded
1787224078258 status:flyout-dismissed
1787224078265 frame-visible
1787224078266 icon:bc7-gpu-uploaded
1787224078374 status:input-context-opened
1787224078381 frame-visible
1787224078381 icon:bc7-gpu-uploaded
1787224078496 status:snapshot-updated
1787224078501 frame-visible
1787224078501 icon:bc7-gpu-uploaded
1787224078766 status:context-dismissed
1787224078768 frame-visible
1787224078768 icon:bc7-gpu-uploaded
1787224078893 status:volume-context-opened
1787224078894 frame-visible
1787224078894 icon:bc7-gpu-uploaded
1787224079033 clock:updated
1787224079033 status:snapshot-updated
1787224079033 frame-visible
1787224079033 icon:bc7-gpu-uploaded
1787224079555 status:snapshot-updated
1787224079564 frame-visible
1787224079565 icon:bc7-gpu-uploaded
1787224079746 status:context-dismissed
1787224079748 frame-visible
1787224079748 icon:bc7-gpu-uploaded
1787224080024 clock:updated
1787224080031 frame-visible
1787224080031 icon:bc7-gpu-uploaded
1787224080082 status:snapshot-updated
1787224080082 frame-visible
1787224080082 icon:bc7-gpu-uploaded
1787224080604 status:snapshot-updated
1787224080605 frame-visible
1787224080605 icon:bc7-gpu-uploaded
1787224081012 clock:updated
1787224081014 frame-visible
1787224081014 icon:bc7-gpu-uploaded
1787224081129 status:snapshot-updated
1787224081131 frame-visible
1787224081131 icon:bc7-gpu-uploaded
1787224081481 status:snapshot-updated
1787224081481 frame-visible
1787224081481 icon:bc7-gpu-uploaded
1787224081759 status:owned-flyout-opened
1787224081759 frame-visible
1787224081759 icon:bc7-gpu-uploaded
1787224082003 clock:updated
1787224082003 status:snapshot-updated
1787224082003 frame-visible
1787224082003 icon:bc7-gpu-uploaded
1787224082530 status:snapshot-updated
1787224082534 frame-visible
1787224082534 icon:bc7-gpu-uploaded
1787224083005 clock:updated
1787224083005 frame-visible
1787224083005 icon:bc7-gpu-uploaded
1787224083062 status:snapshot-updated
1787224083064 frame-visible
1787224083064 icon:bc7-gpu-uploaded
1787224083597 status:snapshot-updated
1787224083598 frame-visible
1787224083598 icon:bc7-gpu-uploaded
1787224084001 clock:updated
1787224084001 frame-visible
1787224084001 icon:bc7-gpu-uploaded
1787224084117 status:snapshot-updated
1787224084117 frame-visible
1787224084117 icon:bc7-gpu-uploaded
1787224084642 status:snapshot-updated
1787224084648 frame-visible
1787224084648 icon:bc7-gpu-uploaded
1787224085054 clock:updated
1787224085054 frame-visible
1787224085054 icon:bc7-gpu-uploaded
1787224085169 status:snapshot-updated
1787224085169 frame-visible
1787224085169 icon:bc7-gpu-uploaded
1787224085690 status:snapshot-updated
1787224085697 frame-visible
1787224085698 icon:bc7-gpu-uploaded
1787224086040 clock:updated
1787224086047 frame-visible
1787224086047 icon:bc7-gpu-uploaded
1787224086274 status:snapshot-updated
1787224086281 frame-visible
1787224086281 icon:bc7-gpu-uploaded
1787224086798 status:snapshot-updated
1787224086799 frame-visible
1787224086799 icon:bc7-gpu-uploaded
1787224087029 clock:updated
1787224087031 frame-visible
1787224087031 icon:bc7-gpu-uploaded
1787224087324 status:snapshot-updated
1787224087325 frame-visible
1787224087325 icon:bc7-gpu-uploaded
1787224087848 status:snapshot-updated
1787224087848 frame-visible
1787224087848 icon:bc7-gpu-uploaded
1787224088022 clock:updated
1787224088106 taskbar:auto-hide-teardown-visible
