1787224196690 taskbar:preview-shell-hook-owned
1787224196714 frame-visible
1787224196725 wallpaper:loaded
1787224196726 frame-visible
1787224196726 icon:bc7-gpu-uploaded
1787224197009 clock:updated
1787224197016 frame-visible
1787224197016 icon:bc7-gpu-uploaded
1787224197181 status:snapshot-updated
1787224197181 frame-visible
1787224197181 icon:bc7-gpu-uploaded
1787224197299 notification:snapshot-reconciled
1787224197299 frame-visible
1787224197299 icon:bc7-gpu-uploaded
1787224197698 status:snapshot-updated
1787224197698 frame-visible
1787224197698 icon:bc7-gpu-uploaded
1787224198048 clock:updated
1787224198049 frame-visible
1787224198049 icon:bc7-gpu-uploaded
1787224198221 status:snapshot-updated
1787224198231 frame-visible
1787224198231 icon:bc7-gpu-uploaded
1787224198754 status:snapshot-updated
1787224198754 frame-visible
1787224198754 icon:bc7-gpu-uploaded
1787224199048 clock:updated
1787224199048 frame-visible
1787224199048 icon:bc7-gpu-uploaded
1787224199277 status:snapshot-updated
1787224199280 frame-visible
1787224199280 icon:bc7-gpu-uploaded
1787224199797 status:snapshot-updated
1787224199798 frame-visible
1787224199798 icon:bc7-gpu-uploaded
1787224200029 clock:updated
1787224200030 frame-visible
1787224200030 icon:bc7-gpu-uploaded
1787224200036 error:status:command:StaleGeneration: host generation changed
1787224200064 status:command-terminal
1787224200081 status:owned-flyout-opened
1787224200099 frame-visible
1787224200099 icon:bc7-gpu-uploaded
1787224200335 status:snapshot-updated
1787224200335 frame-visible
1787224200335 icon:bc7-gpu-uploaded
1787224200858 status:snapshot-updated
1787224200863 frame-visible
1787224200864 icon:bc7-gpu-uploaded
1787224201031 clock:updated
1787224201032 frame-visible
1787224201032 icon:bc7-gpu-uploaded
1787224201387 status:snapshot-updated
1787224201387 frame-visible
1787224201388 icon:bc7-gpu-uploaded
1787224201906 status:snapshot-updated
1787224201906 frame-visible
1787224201906 icon:bc7-gpu-uploaded
1787224202035 clock:updated
1787224202035 frame-visible
1787224202036 icon:bc7-gpu-uploaded
1787224202167 error:status:command:StaleGeneration: host generation changed
1787224202189 status:command-terminal
1787224202442 status:snapshot-updated
1787224202442 frame-visible
1787224202442 icon:bc7-gpu-uploaded
1787224202968 status:snapshot-updated
1787224202968 frame-visible
1787224202968 icon:bc7-gpu-uploaded
1787224203025 clock:updated
1787224203030 frame-visible
1787224203030 icon:bc7-gpu-uploaded
1787224203493 status:snapshot-updated
1787224203499 frame-visible
1787224203499 icon:bc7-gpu-uploaded
1787224204025 clock:updated
1787224204025 status:snapshot-updated
1787224204030 frame-visible
1787224204030 icon:bc7-gpu-uploaded
1787224204504 status:flyout-dismissed
1787224204515 frame-visible
1787224204515 icon:bc7-gpu-uploaded
1787224204551 status:snapshot-updated
1787224204551 frame-visible
1787224204551 icon:bc7-gpu-uploaded
1787224205020 clock:updated
1787224205020 frame-visible
1787224205020 icon:bc7-gpu-uploaded
1787224205077 status:snapshot-updated
1787224205080 frame-visible
1787224205080 icon:bc7-gpu-uploaded
1787224205601 status:snapshot-updated
1787224205602 frame-visible
1787224205602 icon:bc7-gpu-uploaded
1787224206002 clock:updated
1787224206002 frame-visible
1787224206002 icon:bc7-gpu-uploaded
1787224206126 status:snapshot-updated
1787224206130 frame-visible
1787224206132 icon:bc7-gpu-uploaded
1787224206520 status:owned-flyout-opened
1787224206520 frame-visible
1787224206520 icon:bc7-gpu-uploaded
1787224206662 status:snapshot-updated
1787224206662 frame-visible
1787224206662 icon:bc7-gpu-uploaded
1787224206895 status:flyout-dismissed
1787224206899 frame-visible
1787224206905 icon:bc7-gpu-uploaded
1787224207010 clock:updated
1787224207024 status:input-context-opened
1787224207024 frame-visible
1787224207024 icon:bc7-gpu-uploaded
1787224207257 status:snapshot-updated
1787224207257 frame-visible
1787224207257 icon:bc7-gpu-uploaded
1787224207407 status:context-dismissed
1787224207415 frame-visible
1787224207415 icon:bc7-gpu-uploaded
1787224207536 status:volume-context-opened
1787224207537 frame-visible
1787224207537 icon:bc7-gpu-uploaded
1787224207719 status:snapshot-updated
1787224207719 frame-visible
1787224207719 icon:bc7-gpu-uploaded
1787224208014 clock:updated
1787224208014 frame-visible
1787224208014 icon:bc7-gpu-uploaded
1787224208245 status:snapshot-updated
1787224208247 frame-visible
1787224208247 icon:bc7-gpu-uploaded
1787224208371 status:context-dismissed
1787224208382 frame-visible
1787224208382 icon:bc7-gpu-uploaded
1787224208772 status:snapshot-updated
1787224208780 frame-visible
1787224208780 icon:bc7-gpu-uploaded
1787224209010 clock:updated
1787224209011 frame-visible
1787224209011 icon:bc7-gpu-uploaded
1787224209296 status:snapshot-updated
1787224209297 frame-visible
1787224209297 icon:bc7-gpu-uploaded
1787224209824 status:snapshot-updated
1787224209830 frame-visible
1787224209830 icon:bc7-gpu-uploaded
1787224210051 clock:updated
1787224210051 frame-visible
1787224210051 icon:bc7-gpu-uploaded
1787224210172 status:snapshot-updated
1787224210173 frame-visible
1787224210173 icon:bc7-gpu-uploaded
1787224210386 status:owned-flyout-opened
1787224210386 frame-visible
1787224210386 icon:bc7-gpu-uploaded
1787224210696 status:snapshot-updated
1787224210699 frame-visible
1787224210700 icon:bc7-gpu-uploaded
1787224211048 clock:updated
1787224211049 frame-visible
1787224211049 icon:bc7-gpu-uploaded
1787224211223 status:snapshot-updated
1787224211230 frame-visible
1787224211230 icon:bc7-gpu-uploaded
1787224211758 status:snapshot-updated
1787224211765 frame-visible
1787224211765 icon:bc7-gpu-uploaded
1787224212048 clock:updated
1787224212048 frame-visible
1787224212048 icon:bc7-gpu-uploaded
1787224212296 status:snapshot-updated
1787224212296 frame-visible
1787224212297 icon:bc7-gpu-uploaded
1787224212815 status:snapshot-updated
1787224212815 frame-visible
1787224212815 icon:bc7-gpu-uploaded
1787224213053 clock:updated
1787224213053 frame-visible
1787224213053 icon:bc7-gpu-uploaded
1787224213341 status:snapshot-updated
1787224213347 frame-visible
1787224213347 icon:bc7-gpu-uploaded
1787224213865 status:snapshot-updated
1787224213865 frame-visible
1787224213865 icon:bc7-gpu-uploaded
1787224214041 clock:updated
1787224214042 frame-visible
1787224214042 icon:bc7-gpu-uploaded
1787224214388 status:snapshot-updated
1787224214388 frame-visible
1787224214388 icon:bc7-gpu-uploaded
1787224214915 status:snapshot-updated
1787224214915 frame-visible
1787224214916 icon:bc7-gpu-uploaded
1787224215031 clock:updated
1787224215031 frame-visible
1787224215031 icon:bc7-gpu-uploaded
1787224215501 status:snapshot-updated
1787224215501 frame-visible
1787224215501 icon:bc7-gpu-uploaded
1787224216024 clock:updated
1787224216024 status:snapshot-updated
1787224216030 frame-visible
1787224216030 icon:bc7-gpu-uploaded
1787224216548 status:snapshot-updated
1787224216548 frame-visible
1787224216548 icon:bc7-gpu-uploaded
1787224216774 taskbar:auto-hide-teardown-visible
