1787085762513 taskbar:appbar-unavailable-owned-shell
1787085762524 taskbar:appbar-owned
1787085762546 frame-visible
1787085762557 locale:en-US
1787085762557 theme:light
1787085762557 wallpaper:loaded
1787085762561 frame-visible
1787085762561 icon:bc7-gpu-uploaded
1787085762594 frame-visible
1787085762594 icon:bc7-gpu-uploaded
1787085762619 shell-event
1787085762619 frame-visible
1787085762619 icon:bc7-gpu-uploaded
1787085763163 status:snapshot-updated
1787085763164 notification:snapshot-reconciled
1787085763164 frame-visible
1787085763164 icon:bc7-gpu-uploaded
1787085763178 frame-visible
1787085763178 icon:bc7-gpu-uploaded
1787085763760 status:snapshot-updated
1787085763761 frame-visible
1787085763761 icon:bc7-gpu-uploaded
1787085764357 status:snapshot-updated
1787085764358 frame-visible
1787085764358 icon:bc7-gpu-uploaded
1787085764951 status:snapshot-updated
1787085764951 frame-visible
1787085764952 icon:bc7-gpu-uploaded
1787085765544 status:snapshot-updated
1787085765544 notification:snapshot-reconciled
1787085765544 frame-visible
1787085765544 icon:bc7-gpu-uploaded
1787085766134 status:snapshot-updated
1787085766135 frame-visible
1787085766135 icon:bc7-gpu-uploaded
1787085766731 status:snapshot-updated
1787085766731 frame-visible
1787085766731 icon:bc7-gpu-uploaded
1787085767328 status:snapshot-updated
1787085767328 frame-visible
1787085767329 icon:bc7-gpu-uploaded
1787085767925 status:snapshot-updated
1787085767926 frame-visible
1787085767926 icon:bc7-gpu-uploaded
1787085768520 status:snapshot-updated
1787085768521 frame-visible
1787085768521 icon:bc7-gpu-uploaded
1787085769116 status:snapshot-updated
1787085769116 frame-visible
1787085769117 icon:bc7-gpu-uploaded
1787085769363 frame-visible
1787085769363 icon:bc7-gpu-uploaded
1787085769378 frame-visible
1787085769378 icon:bc7-gpu-uploaded
1787085769545 taskbar:resize-saved
1787085769546 frame-visible
1787085769546 icon:bc7-gpu-uploaded
1787085769703 status:snapshot-updated
1787085769703 frame-visible
1787085769703 icon:bc7-gpu-uploaded
1787085769778 frame-visible
1787085769779 icon:bc7-gpu-uploaded
1787085769940 taskbar:resize-owned-workarea-synced
1787085769940 taskbar:resize-applied
1787085769940 frame-visible
1787085769941 icon:bc7-gpu-uploaded
1787085769945 frame-visible
1787085769945 icon:bc7-gpu-uploaded
1787085770301 status:snapshot-updated
1787085770301 frame-visible
1787085770301 icon:bc7-gpu-uploaded
1787085770845 frame-visible
1787085770845 icon:bc7-gpu-uploaded
1787085770860 frame-visible
1787085770860 icon:bc7-gpu-uploaded
1787085770861 frame-visible
1787085770861 icon:bc7-gpu-uploaded
1787085770893 status:snapshot-updated
1787085770894 frame-visible
1787085770894 icon:bc7-gpu-uploaded
1787085771029 taskbar:resize-saved
1787085771029 frame-visible
1787085771029 icon:bc7-gpu-uploaded
1787085771261 frame-visible
1787085771261 icon:bc7-gpu-uploaded
1787085771423 taskbar:resize-owned-workarea-synced
1787085771423 taskbar:resize-applied
1787085771423 frame-visible
1787085771424 icon:bc7-gpu-uploaded
1787085771428 frame-visible
1787085771428 icon:bc7-gpu-uploaded
1787085771489 status:snapshot-updated
1787085771489 frame-visible
1787085771489 icon:bc7-gpu-uploaded
1787085772080 status:snapshot-updated
1787085772081 frame-visible
1787085772081 icon:bc7-gpu-uploaded
1787085772333 taskbar:context-opened
1787085772334 frame-visible
1787085772334 icon:bc7-gpu-uploaded
1787085772673 status:snapshot-updated
1787085772673 frame-visible
1787085772674 icon:bc7-gpu-uploaded
1787085773268 status:snapshot-updated
1787085773268 frame-visible
1787085773268 icon:bc7-gpu-uploaded
1787085773861 status:snapshot-updated
1787085773862 frame-visible
1787085773862 icon:bc7-gpu-uploaded
1787085774460 status:snapshot-updated
1787085774460 frame-visible
1787085774460 icon:bc7-gpu-uploaded
1787085775047 status:snapshot-updated
1787085775047 frame-visible
1787085775047 icon:bc7-gpu-uploaded
1787085775637 status:snapshot-updated
1787085775638 frame-visible
1787085775638 icon:bc7-gpu-uploaded
1787085776230 status:snapshot-updated
1787085776231 frame-visible
1787085776231 icon:bc7-gpu-uploaded
1787085776822 status:snapshot-updated
1787085776822 frame-visible
1787085776822 icon:bc7-gpu-uploaded
1787085777415 status:snapshot-updated
1787085777416 frame-visible
1787085777416 icon:bc7-gpu-uploaded
1787085777770 status:snapshot-updated
1787085777770 frame-visible
1787085777770 icon:bc7-gpu-uploaded
1787085778359 status:snapshot-updated
1787085778360 frame-visible
1787085778360 icon:bc7-gpu-uploaded
1787085778955 status:snapshot-updated
1787085778955 frame-visible
1787085778956 icon:bc7-gpu-uploaded
1787085779546 status:snapshot-updated
1787085779546 frame-visible
1787085779546 icon:bc7-gpu-uploaded
1787085780011 clock:updated
1787085780011 frame-visible
1787085780012 icon:bc7-gpu-uploaded
1787085780138 status:snapshot-updated
1787085780138 frame-visible
1787085780138 icon:bc7-gpu-uploaded
1787085780728 status:snapshot-updated
1787085780729 frame-visible
1787085780729 icon:bc7-gpu-uploaded
1787085781321 status:snapshot-updated
1787085781322 frame-visible
1787085781322 icon:bc7-gpu-uploaded
1787085781913 status:snapshot-updated
1787085781914 frame-visible
1787085781914 icon:bc7-gpu-uploaded
1787085782507 status:snapshot-updated
1787085782508 frame-visible
1787085782509 icon:bc7-gpu-uploaded
