1786931280647 desktop:refreshed
1786931280647 frame-visible
1786931280673 frame-visible
1786931280674 locale:zh-CN
1786931280674 wallpaper:loaded
1786931280675 frame-visible
1786931280681 frame-visible
1786931280747 shell-event
1786931280747 frame-visible
1786931280748 frame-visible
1786931280811 frame-visible
1786931280874 frame-visible
1786931280940 frame-visible
1786931281007 frame-visible
1786931281060 frame-visible
1786931281123 frame-visible
1786931281190 frame-visible
1786931281247 frame-visible
1786931281315 notification:snapshot-reconciled
1786931281315 frame-visible
1786931281316 frame-visible
1786931281373 frame-visible
1786931281440 frame-visible
1786931281490 frame-visible
1786931281557 frame-visible
1786931281623 frame-visible
1786931281690 frame-visible
1786931281763 frame-visible
1786931281807 frame-visible
1786931281874 frame-visible
1786931281940 frame-visible
1786931282007 frame-visible
1786931282056 frame-visible
1786931282123 frame-visible
1786931282190 frame-visible
1786931282257 frame-visible
1786931282329 frame-visible
1786931282374 frame-visible
1786931282440 frame-visible
1786931282507 frame-visible
1786931282557 frame-visible
1786931282623 frame-visible
1786931282690 frame-visible
1786931282757 frame-visible
1786931282807 frame-visible
1786931282873 frame-visible
1786931282940 frame-visible
1786931283007 frame-visible
1786931283073 frame-visible
1786931283123 frame-visible
