1787085707974 frame-visible
1787085707985 locale:en-US
1787085707985 theme:light
1787085707985 wallpaper:loaded
1787085707988 frame-visible
1787085707988 icon:bc7-gpu-uploaded
1787085708012 frame-visible
1787085708012 icon:bc7-gpu-uploaded
1787085708045 shell-event
1787085708045 frame-visible
1787085708046 icon:bc7-gpu-uploaded
1787085708597 status:snapshot-updated
1787085708597 notification:snapshot-reconciled
1787085708598 frame-visible
1787085708598 icon:bc7-gpu-uploaded
1787085709194 status:snapshot-updated
1787085709194 frame-visible
1787085709194 icon:bc7-gpu-uploaded
1787085709793 status:snapshot-updated
1787085709793 frame-visible
1787085709793 icon:bc7-gpu-uploaded
1787085710389 status:snapshot-updated
1787085710399 frame-visible
1787085710399 icon:bc7-gpu-uploaded
1787085710996 status:snapshot-updated
1787085710996 frame-visible
1787085710996 icon:bc7-gpu-uploaded
1787085711593 status:snapshot-updated
1787085711593 frame-visible
1787085711593 icon:bc7-gpu-uploaded
1787085712192 status:snapshot-updated
1787085712192 frame-visible
1787085712192 icon:bc7-gpu-uploaded
1787085712791 status:snapshot-updated
1787085712791 frame-visible
1787085712791 icon:bc7-gpu-uploaded
1787085713228 frame-visible
1787085713228 icon:bc7-gpu-uploaded
1787085713245 frame-visible
1787085713245 icon:bc7-gpu-uploaded
1787085713390 status:snapshot-updated
1787085713390 frame-visible
1787085713391 icon:bc7-gpu-uploaded
1787085713644 frame-visible
1787085713644 icon:bc7-gpu-uploaded
1787085713989 status:snapshot-updated
1787085713989 frame-visible
1787085713989 icon:bc7-gpu-uploaded
1787085714432 taskbar:context-opened
1787085714435 frame-visible
1787085714435 icon:bc7-gpu-uploaded
1787085714588 status:snapshot-updated
1787085714588 frame-visible
1787085714588 icon:bc7-gpu-uploaded
1787085715184 status:snapshot-updated
1787085715184 frame-visible
1787085715184 icon:bc7-gpu-uploaded
1787085715782 status:snapshot-updated
1787085715782 frame-visible
1787085715782 icon:bc7-gpu-uploaded
1787085716374 status:snapshot-updated
1787085716374 frame-visible
1787085716374 icon:bc7-gpu-uploaded
1787085716971 status:snapshot-updated
1787085716971 frame-visible
1787085716971 icon:bc7-gpu-uploaded
1787085717565 status:snapshot-updated
1787085717565 frame-visible
1787085717565 icon:bc7-gpu-uploaded
1787085718164 status:snapshot-updated
1787085718164 frame-visible
1787085718164 icon:bc7-gpu-uploaded
1787085718758 status:snapshot-updated
1787085718758 frame-visible
1787085718758 icon:bc7-gpu-uploaded
1787085719355 status:snapshot-updated
1787085719356 frame-visible
1787085719356 icon:bc7-gpu-uploaded
1787085719953 status:snapshot-updated
1787085719953 frame-visible
1787085719953 icon:bc7-gpu-uploaded
1787085720012 clock:updated
1787085720012 frame-visible
1787085720012 icon:bc7-gpu-uploaded
1787085720550 status:snapshot-updated
1787085720550 frame-visible
1787085720550 icon:bc7-gpu-uploaded
1787085721141 status:snapshot-updated
1787085721141 frame-visible
1787085721141 icon:bc7-gpu-uploaded
1787085721737 status:snapshot-updated
1787085721737 frame-visible
1787085721737 icon:bc7-gpu-uploaded
1787085722331 status:snapshot-updated
1787085722331 frame-visible
1787085722331 icon:bc7-gpu-uploaded
1787085722921 status:snapshot-updated
1787085722922 frame-visible
1787085722922 icon:bc7-gpu-uploaded
1787085723284 status:snapshot-updated
1787085723284 frame-visible
1787085723284 icon:bc7-gpu-uploaded
1787085723878 status:snapshot-updated
1787085723879 frame-visible
1787085723879 icon:bc7-gpu-uploaded
1787085724472 status:snapshot-updated
1787085724472 frame-visible
1787085724472 icon:bc7-gpu-uploaded
1787085725064 status:snapshot-updated
1787085725064 frame-visible
1787085725064 icon:bc7-gpu-uploaded
1787085725661 status:snapshot-updated
1787085725662 frame-visible
1787085725662 icon:bc7-gpu-uploaded
1787085726252 status:snapshot-updated
1787085726252 frame-visible
1787085726253 icon:bc7-gpu-uploaded
1787085726852 status:snapshot-updated
1787085726853 frame-visible
1787085726853 icon:bc7-gpu-uploaded
1787085727447 status:snapshot-updated
1787085727447 frame-visible
1787085727447 icon:bc7-gpu-uploaded
