1787253066315 win-e:hook-active
1787253066315 taskbar:icon-source-edge:42
1787253066613 taskbar:appbar-unavailable-owned-shell
1787253066613 taskbar:appbar-fallback-geometry-active
1787253066631 taskbar:appbar-owned
1787253066631 frame-visible
1787253066637 wallpaper:loaded
1787253066648 frame-visible
1787253066661 frame-visible
1787253066716 start
1787253066889 start:owned-opened
1787253066889 shell-hotkey:start-toggle
1787253066889 shell-event
1787253066893 frame-visible
1787253067004 start
1787253067005 start:closed
1787253067005 shell-hotkey:start-toggle
1787253067005 clock:updated
1787253067007 frame-visible
1787253067010 frame-visible
1787253067120 status:snapshot-updated
1787253067125 frame-visible
1787253067414 notification:snapshot-reconciled
1787253067414 frame-visible
1787253067643 status:snapshot-updated
1787253067643 frame-visible
1787253068051 clock:updated
1787253068058 frame-visible
1787253068165 status:snapshot-updated
1787253068165 frame-visible
1787253068682 status:snapshot-updated
1787253068692 frame-visible
1787253069025 clock:updated
1787253069025 frame-visible
1787253069147 notification:snapshot-reconciled
1787253069147 frame-visible
1787253069203 status:snapshot-updated
1787253069208 frame-visible
1787253069723 status:snapshot-updated
1787253069723 frame-visible
1787253070009 clock:updated
1787253070010 frame-visible
1787253070303 status:snapshot-updated
1787253070304 frame-visible
1787253070820 status:snapshot-updated
1787253070825 frame-visible
1787253071055 clock:updated
1787253071058 frame-visible
1787253071341 status:snapshot-updated
1787253071342 frame-visible
1787253071871 status:snapshot-updated
1787253071875 frame-visible
