1787293395164 win-e:hook-active
1787293395164 taskbar:icon-source-edge:42
1787293395847 taskbar:appbar-unavailable-owned-shell
1787293395847 taskbar:appbar-fallback-geometry-active
1787293395854 taskbar:appbar-owned
1787293395854 frame-visible
1787293395858 locale:en-US
1787293395858 wallpaper:loaded
1787293395867 frame-visible
1787293395876 frame-visible
1787293395930 shell-event
1787293395941 frame-visible
1787293395958 frame-visible
1787293395988 start
1787293396151 start:owned-opened
1787293396158 clock:updated
1787293396160 frame-visible
1787293396323 status:snapshot-updated
1787293396326 frame-visible
1787293396559 notification:snapshot-reconciled
1787293396559 frame-visible
1787293396840 status:snapshot-updated
1787293396850 frame-visible
1787293397015 clock:updated
1787293397024 frame-visible
1787293397052 start:size-persisted
1787293397113 start
1787293397113 start:closed
1787293397134 frame-visible
1787293397412 status:snapshot-updated
1787293397412 frame-visible
1787293397514 start
1787293397559 start:owned-opened
1787293397567 frame-visible
1787293397638 start
1787293397638 start:closed
1787293397641 frame-visible
1787293397905 status:snapshot-updated
1787293397908 frame-visible
1787293398017 clock:updated
1787293398024 frame-visible
1787293398180 win-e:hook-active
1787293398181 taskbar:icon-source-edge:42
1787293398859 taskbar:appbar-unavailable-owned-shell
1787293398859 taskbar:appbar-fallback-geometry-active
1787293398865 taskbar:appbar-owned
1787293398865 frame-visible
1787293398868 locale:en-US
1787293398868 wallpaper:loaded
1787293398877 frame-visible
1787293398888 start
1787293399061 start:owned-opened
1787293399069 clock:updated
1787293399069 shell-event
1787293399072 frame-visible
