1787014997430 superexplorer:icon-resolved
1787014997820 desktop:refreshed
1787014997820 frame-visible
1787014997856 wallpaper:loaded
1787014997858 frame-visible
1787014997859 icon:bc7-gpu-uploaded
1787014997905 frame-visible
1787014997905 icon:bc7-gpu-uploaded
1787014997922 frame-visible
1787014997922 icon:bc7-gpu-uploaded
1787014997988 frame-visible
1787014997988 icon:bc7-gpu-uploaded
1787014998038 frame-visible
1787014998039 icon:bc7-gpu-uploaded
1787014998105 frame-visible
1787014998105 icon:bc7-gpu-uploaded
1787014998172 frame-visible
1787014998172 icon:bc7-gpu-uploaded
1787014998239 frame-visible
1787014998239 icon:bc7-gpu-uploaded
1787014998289 frame-visible
1787014998289 icon:bc7-gpu-uploaded
1787014998355 frame-visible
1787014998365 icon:bc7-gpu-uploaded
1787014998422 frame-visible
1787014998422 icon:bc7-gpu-uploaded
1787014998455 frame-visible
1787014998455 icon:bc7-gpu-uploaded
1787014998488 frame-visible
1787014998488 icon:bc7-gpu-uploaded
1787014998522 frame-visible
1787014998522 icon:bc7-gpu-uploaded
1787014998554 frame-visible
1787014998554 icon:bc7-gpu-uploaded
1787014998572 frame-visible
1787014998572 icon:bc7-gpu-uploaded
1787014998604 frame-visible
1787014998604 icon:bc7-gpu-uploaded
1787014998655 frame-visible
1787014998655 icon:bc7-gpu-uploaded
1787014998672 frame-visible
1787014998672 icon:bc7-gpu-uploaded
1787014998704 frame-visible
1787014998705 icon:bc7-gpu-uploaded
1787014998738 frame-visible
1787014998739 icon:bc7-gpu-uploaded
1787014998755 frame-visible
1787014998756 icon:bc7-gpu-uploaded
1787014998805 frame-visible
1787014998805 icon:bc7-gpu-uploaded
1787014998855 frame-visible
1787014998855 icon:bc7-gpu-uploaded
1787014998888 frame-visible
1787014998888 icon:bc7-gpu-uploaded
1787014998922 frame-visible
1787014998922 icon:bc7-gpu-uploaded
1787014998939 frame-visible
1787014998939 icon:bc7-gpu-uploaded
1787014998988 frame-visible
1787014998988 icon:bc7-gpu-uploaded
1787014999038 frame-visible
1787014999039 icon:bc7-gpu-uploaded
1787014999055 frame-visible
1787014999055 icon:bc7-gpu-uploaded
1787014999121 frame-visible
1787014999121 icon:bc7-gpu-uploaded
1787014999172 frame-visible
1787014999172 icon:bc7-gpu-uploaded
1787014999239 frame-visible
1787014999239 icon:bc7-gpu-uploaded
1787014999305 frame-visible
1787014999305 icon:bc7-gpu-uploaded
1787014999372 frame-visible
1787014999372 icon:bc7-gpu-uploaded
1787014999422 frame-visible
1787014999422 icon:bc7-gpu-uploaded
1787014999506 frame-visible
1787014999506 icon:bc7-gpu-uploaded
1787014999554 frame-visible
1787014999555 icon:bc7-gpu-uploaded
1787014999621 frame-visible
1787014999621 icon:bc7-gpu-uploaded
1787014999672 frame-visible
1787014999672 icon:bc7-gpu-uploaded
1787014999739 frame-visible
1787014999739 icon:bc7-gpu-uploaded
1787014999755 frame-visible
1787014999755 icon:bc7-gpu-uploaded
1787014999805 frame-visible
1787014999805 icon:bc7-gpu-uploaded
1787014999872 frame-visible
1787014999872 icon:bc7-gpu-uploaded
1787014999938 frame-visible
1787014999938 icon:bc7-gpu-uploaded
1787014999991 desktop:position-persisted
1787014999992 frame-visible
1787014999992 icon:bc7-gpu-uploaded
1787015000055 frame-visible
1787015000055 icon:bc7-gpu-uploaded
1787015000121 frame-visible
1787015000121 icon:bc7-gpu-uploaded
1787015000188 frame-visible
1787015000188 icon:bc7-gpu-uploaded
1787015000255 frame-visible
1787015000255 icon:bc7-gpu-uploaded
1787015000305 frame-visible
1787015000305 icon:bc7-gpu-uploaded
1787015000372 frame-visible
1787015000372 icon:bc7-gpu-uploaded
1787015000438 frame-visible
1787015000438 icon:bc7-gpu-uploaded
1787015000488 frame-visible
1787015000488 icon:bc7-gpu-uploaded
1787015000554 frame-visible
1787015000555 icon:bc7-gpu-uploaded
1787015000621 frame-visible
1787015000621 icon:bc7-gpu-uploaded
1787015000688 frame-visible
1787015000688 icon:bc7-gpu-uploaded
1787015000739 frame-visible
1787015000739 icon:bc7-gpu-uploaded
1787015000805 frame-visible
1787015000805 icon:bc7-gpu-uploaded
1787015000872 frame-visible
1787015000872 icon:bc7-gpu-uploaded
1787015000938 frame-visible
1787015000938 icon:bc7-gpu-uploaded
1787015001005 frame-visible
1787015001005 icon:bc7-gpu-uploaded
1787015001055 frame-visible
1787015001055 icon:bc7-gpu-uploaded
1787015001121 frame-visible
1787015001121 icon:bc7-gpu-uploaded
1787015001188 frame-visible
1787015001188 icon:bc7-gpu-uploaded
1787015001238 frame-visible
1787015001239 icon:bc7-gpu-uploaded
1787015001305 frame-visible
1787015001305 icon:bc7-gpu-uploaded
1787015001372 frame-visible
1787015001372 icon:bc7-gpu-uploaded
1787015001438 frame-visible
1787015001438 icon:bc7-gpu-uploaded
1787015001505 frame-visible
1787015001505 icon:bc7-gpu-uploaded
1787015001555 frame-visible
1787015001555 icon:bc7-gpu-uploaded
1787015001621 frame-visible
1787015001621 icon:bc7-gpu-uploaded
1787015001688 frame-visible
1787015001688 icon:bc7-gpu-uploaded
1787015001756 frame-visible
1787015001756 icon:bc7-gpu-uploaded
1787015001805 frame-visible
1787015001805 icon:bc7-gpu-uploaded
1787015001872 frame-visible
1787015001872 icon:bc7-gpu-uploaded
1787015001938 frame-visible
1787015001938 icon:bc7-gpu-uploaded
1787015002004 frame-visible
1787015002004 icon:bc7-gpu-uploaded
1787015002054 frame-visible
1787015002054 icon:bc7-gpu-uploaded
1787015002121 frame-visible
1787015002121 icon:bc7-gpu-uploaded
1787015002188 frame-visible
1787015002188 icon:bc7-gpu-uploaded
1787015002255 frame-visible
1787015002255 icon:bc7-gpu-uploaded
1787015002305 frame-visible
1787015002305 icon:bc7-gpu-uploaded
1787015002372 frame-visible
1787015002372 icon:bc7-gpu-uploaded
1787015002438 frame-visible
1787015002438 icon:bc7-gpu-uploaded
1787015002505 frame-visible
1787015002505 icon:bc7-gpu-uploaded
1787015002555 frame-visible
1787015002555 icon:bc7-gpu-uploaded
1787015002621 frame-visible
1787015002621 icon:bc7-gpu-uploaded
1787015002688 frame-visible
1787015002688 icon:bc7-gpu-uploaded
1787015002738 frame-visible
1787015002739 icon:bc7-gpu-uploaded
1787015002805 frame-visible
1787015002805 icon:bc7-gpu-uploaded
1787015002872 frame-visible
1787015002872 icon:bc7-gpu-uploaded
1787015002938 frame-visible
1787015002938 icon:bc7-gpu-uploaded
1787015003005 frame-visible
1787015003005 icon:bc7-gpu-uploaded
1787015003055 frame-visible
1787015003055 icon:bc7-gpu-uploaded
1787015003121 frame-visible
1787015003121 icon:bc7-gpu-uploaded
1787015003188 frame-visible
1787015003188 icon:bc7-gpu-uploaded
1787015003255 frame-visible
1787015003255 icon:bc7-gpu-uploaded
1787015003305 frame-visible
1787015003305 icon:bc7-gpu-uploaded
1787015003372 frame-visible
1787015003372 icon:bc7-gpu-uploaded
1787015003438 frame-visible
1787015003438 icon:bc7-gpu-uploaded
1787015003504 frame-visible
1787015003505 icon:bc7-gpu-uploaded
1787015003572 frame-visible
1787015003572 icon:bc7-gpu-uploaded
1787015003621 frame-visible
1787015003621 icon:bc7-gpu-uploaded
1787015003688 frame-visible
1787015003688 icon:bc7-gpu-uploaded
1787015003755 frame-visible
1787015003755 icon:bc7-gpu-uploaded
1787015003806 frame-visible
1787015003806 icon:bc7-gpu-uploaded
