1787255861332 win-e:hook-active
1787255861332 taskbar:icon-source-edge:42
1787255861616 taskbar:appbar-unavailable-owned-shell
1787255861616 taskbar:appbar-fallback-geometry-active
1787255861633 taskbar:appbar-owned
1787255861634 frame-visible
1787255861637 wallpaper:loaded
1787255861648 frame-visible
1787255861657 frame-visible
1787255862122 clock:updated
1787255862123 status:snapshot-updated
1787255862123 shell-event
1787255862123 frame-visible
1787255862252 task
1787255862252 task:identity:win:3520:1160E38
1787255862261 task:left-activated
1787255862261 frame-visible
1787255862294 shell-event
1787255862295 frame-visible
1787255862603 task
1787255862603 task:identity:win:3520:1160E38
1787255862639 task:minimized-shelved:win:3520:1160E38
1787255862649 task:left-minimized
1787255862649 frame-visible
1787255862665 status:snapshot-updated
1787255862665 shell-event
1787255862665 notification:snapshot-reconciled
1787255862666 frame-visible
1787255862819 task
1787255862820 task:identity:win:3520:1160E38
1787255862882 task:left-restored-activated
1787255862883 frame-visible
1787255862891 shell-event
1787255862893 frame-visible
1787255863005 clock:updated
1787255863006 frame-visible
1787255863178 task:minimized-shelved:win:3520:1160E38
1787255863178 status:snapshot-updated
1787255863179 shell-event
1787255863179 frame-visible
1787255863235 shell-event
1787255863239 frame-visible
