1786994304702 superexplorer:icon-resolved
1786994305058 desktop:refreshed
1786994305058 frame-visible
1786994305097 wallpaper:loaded
1786994305099 frame-visible
1786994305099 icon:bc7-gpu-uploaded
1786994305150 frame-visible
1786994305150 icon:bc7-gpu-uploaded
1786994305167 frame-visible
1786994305168 icon:bc7-gpu-uploaded
1786994305217 frame-visible
1786994305218 icon:bc7-gpu-uploaded
1786994305284 frame-visible
1786994305284 icon:bc7-gpu-uploaded
1786994305350 frame-visible
1786994305351 icon:bc7-gpu-uploaded
1786994305417 frame-visible
1786994305417 icon:bc7-gpu-uploaded
1786994305467 frame-visible
1786994305467 icon:bc7-gpu-uploaded
1786994305533 frame-visible
1786994305534 icon:bc7-gpu-uploaded
1786994305600 frame-visible
1786994305602 icon:bc7-gpu-uploaded
1786994305667 frame-visible
1786994305667 icon:bc7-gpu-uploaded
1786994305716 frame-visible
1786994305717 icon:bc7-gpu-uploaded
1786994305784 frame-visible
1786994305784 icon:bc7-gpu-uploaded
1786994305801 frame-visible
1786994305801 icon:bc7-gpu-uploaded
1786994305850 frame-visible
1786994305851 icon:bc7-gpu-uploaded
1786994305900 frame-visible
1786994305901 icon:bc7-gpu-uploaded
1786994305917 frame-visible
1786994305918 icon:bc7-gpu-uploaded
1786994305934 frame-visible
1786994305934 icon:bc7-gpu-uploaded
1786994305966 frame-visible
1786994305967 icon:bc7-gpu-uploaded
1786994305984 frame-visible
1786994305984 icon:bc7-gpu-uploaded
1786994306033 frame-visible
1786994306034 icon:bc7-gpu-uploaded
1786994306051 frame-visible
1786994306051 icon:bc7-gpu-uploaded
1786994306100 frame-visible
1786994306100 icon:bc7-gpu-uploaded
1786994306150 frame-visible
1786994306150 icon:bc7-gpu-uploaded
1786994306167 frame-visible
1786994306168 icon:bc7-gpu-uploaded
1786994306184 frame-visible
1786994306184 icon:bc7-gpu-uploaded
1786994306217 frame-visible
1786994306217 icon:bc7-gpu-uploaded
1786994306234 frame-visible
1786994306234 icon:bc7-gpu-uploaded
1786994306284 frame-visible
1786994306284 icon:bc7-gpu-uploaded
1786994306334 frame-visible
1786994306334 icon:bc7-gpu-uploaded
1786994306351 frame-visible
1786994306351 icon:bc7-gpu-uploaded
1786994306401 frame-visible
1786994306401 icon:bc7-gpu-uploaded
1786994306467 frame-visible
1786994306467 icon:bc7-gpu-uploaded
1786994306533 frame-visible
1786994306533 icon:bc7-gpu-uploaded
1786994306600 frame-visible
1786994306600 icon:bc7-gpu-uploaded
1786994306650 frame-visible
1786994306650 icon:bc7-gpu-uploaded
1786994306717 frame-visible
1786994306717 icon:bc7-gpu-uploaded
1786994306818 frame-visible
1786994306818 icon:bc7-gpu-uploaded
1786994306851 frame-visible
1786994306852 icon:bc7-gpu-uploaded
1786994306900 frame-visible
1786994306901 icon:bc7-gpu-uploaded
1786994306967 frame-visible
1786994306967 icon:bc7-gpu-uploaded
1786994307033 frame-visible
1786994307033 icon:bc7-gpu-uploaded
1786994307100 frame-visible
1786994307100 icon:bc7-gpu-uploaded
1786994307150 frame-visible
1786994307150 icon:bc7-gpu-uploaded
1786994307217 frame-visible
1786994307217 icon:bc7-gpu-uploaded
1786994307284 frame-visible
1786994307284 icon:bc7-gpu-uploaded
1786994307334 frame-visible
1786994307334 icon:bc7-gpu-uploaded
1786994307351 frame-visible
1786994307351 icon:bc7-gpu-uploaded
1786994307400 frame-visible
1786994307401 icon:bc7-gpu-uploaded
1786994307466 frame-visible
1786994307467 icon:bc7-gpu-uploaded
1786994307533 frame-visible
1786994307533 icon:bc7-gpu-uploaded
1786994307600 frame-visible
1786994307600 icon:bc7-gpu-uploaded
1786994307650 frame-visible
1786994307650 icon:bc7-gpu-uploaded
1786994307717 frame-visible
1786994307717 icon:bc7-gpu-uploaded
1786994307784 frame-visible
1786994307784 icon:bc7-gpu-uploaded
1786994307851 frame-visible
1786994307851 icon:bc7-gpu-uploaded
1786994307901 frame-visible
1786994307901 icon:bc7-gpu-uploaded
1786994307967 frame-visible
1786994307967 icon:bc7-gpu-uploaded
1786994308033 frame-visible
1786994308034 icon:bc7-gpu-uploaded
1786994308100 frame-visible
1786994308100 icon:bc7-gpu-uploaded
1786994308150 frame-visible
1786994308150 icon:bc7-gpu-uploaded
1786994308217 frame-visible
1786994308217 icon:bc7-gpu-uploaded
1786994308284 frame-visible
1786994308284 icon:bc7-gpu-uploaded
1786994308334 frame-visible
1786994308334 icon:bc7-gpu-uploaded
1786994308400 frame-visible
1786994308401 icon:bc7-gpu-uploaded
1786994308467 frame-visible
1786994308467 icon:bc7-gpu-uploaded
1786994308534 frame-visible
1786994308534 icon:bc7-gpu-uploaded
1786994308583 frame-visible
1786994308584 icon:bc7-gpu-uploaded
1786994308650 frame-visible
1786994308650 icon:bc7-gpu-uploaded
1786994308717 frame-visible
1786994308717 icon:bc7-gpu-uploaded
1786994308784 frame-visible
1786994308784 icon:bc7-gpu-uploaded
1786994308834 frame-visible
1786994308834 icon:bc7-gpu-uploaded
1786994308901 frame-visible
1786994308901 icon:bc7-gpu-uploaded
1786994308967 frame-visible
1786994308967 icon:bc7-gpu-uploaded
1786994309033 frame-visible
1786994309034 icon:bc7-gpu-uploaded
1786994309100 frame-visible
1786994309100 icon:bc7-gpu-uploaded
1786994309150 frame-visible
1786994309150 icon:bc7-gpu-uploaded
1786994309217 frame-visible
1786994309218 icon:bc7-gpu-uploaded
1786994309284 frame-visible
1786994309284 icon:bc7-gpu-uploaded
1786994309350 frame-visible
1786994309351 icon:bc7-gpu-uploaded
1786994309401 frame-visible
1786994309401 icon:bc7-gpu-uploaded
1786994309466 frame-visible
1786994309467 icon:bc7-gpu-uploaded
1786994309533 frame-visible
1786994309534 icon:bc7-gpu-uploaded
1786994309600 frame-visible
1786994309600 icon:bc7-gpu-uploaded
1786994309650 frame-visible
1786994309650 icon:bc7-gpu-uploaded
1786994309716 frame-visible
1786994309717 icon:bc7-gpu-uploaded
1786994309784 frame-visible
1786994309784 icon:bc7-gpu-uploaded
1786994309834 frame-visible
1786994309834 icon:bc7-gpu-uploaded
1786994309900 frame-visible
1786994309901 icon:bc7-gpu-uploaded
1786994309967 frame-visible
1786994309967 icon:bc7-gpu-uploaded
1786994310034 frame-visible
1786994310034 icon:bc7-gpu-uploaded
1786994310084 frame-visible
1786994310084 icon:bc7-gpu-uploaded
1786994310150 frame-visible
1786994310150 icon:bc7-gpu-uploaded
1786994310217 frame-visible
1786994310217 icon:bc7-gpu-uploaded
1786994310284 frame-visible
1786994310284 icon:bc7-gpu-uploaded
1786994310334 frame-visible
1786994310334 icon:bc7-gpu-uploaded
1786994310400 frame-visible
1786994310401 icon:bc7-gpu-uploaded
1786994310467 frame-visible
1786994310467 icon:bc7-gpu-uploaded
1786994310533 frame-visible
1786994310533 icon:bc7-gpu-uploaded
1786994310583 frame-visible
1786994310583 icon:bc7-gpu-uploaded
1786994310650 frame-visible
1786994310650 icon:bc7-gpu-uploaded
1786994310717 frame-visible
1786994310717 icon:bc7-gpu-uploaded
1786994310784 frame-visible
1786994310785 icon:bc7-gpu-uploaded
1786994310834 frame-visible
1786994310834 icon:bc7-gpu-uploaded
1786994310901 frame-visible
1786994310901 icon:bc7-gpu-uploaded
1786994310967 frame-visible
1786994310967 icon:bc7-gpu-uploaded
1786994311034 frame-visible
1786994311034 icon:bc7-gpu-uploaded
1786994311083 frame-visible
1786994311084 icon:bc7-gpu-uploaded
