1787253569786 win-e:hook-active
1787253569787 taskbar:icon-source-edge:42
1787253570074 taskbar:appbar-unavailable-owned-shell
1787253570074 taskbar:appbar-fallback-geometry-active
1787253570091 taskbar:appbar-owned
1787253570091 frame-visible
1787253570096 wallpaper:loaded
1787253570106 frame-visible
1787253570127 frame-visible
1787253570142 frame-visible
1787253570170 start
1787253570323 start:owned-opened
1787253570323 shell-hotkey:start-toggle
1787253570323 shell-event
1787253570330 frame-visible
1787253570553 status:snapshot-updated
1787253570559 frame-visible
1787253570610 start
1787253570610 start:closed
1787253570610 shell-hotkey:start-toggle
1787253570614 frame-visible
