1787224929370 taskbar:preview-shell-hook-owned
1787224929395 frame-visible
1787224929405 wallpaper:loaded
1787224929406 frame-visible
1787224929406 icon:bc7-gpu-uploaded
1787224929464 shell-event
1787224929464 frame-visible
1787224929464 icon:bc7-gpu-uploaded
1787224929637 shell-event
1787224929644 frame-visible
1787224929644 icon:bc7-gpu-uploaded
1787224929695 frame-visible
1787224929695 icon:bc7-gpu-uploaded
1787224929760 frame-visible
1787224929760 icon:bc7-gpu-uploaded
1787224929810 frame-visible
1787224929811 icon:bc7-gpu-uploaded
1787224929867 status:snapshot-updated
1787224929868 frame-visible
1787224929868 icon:bc7-gpu-uploaded
1787224929927 frame-visible
1787224929927 icon:bc7-gpu-uploaded
1787224929988 notification:snapshot-reconciled
1787224929988 frame-visible
1787224929988 icon:bc7-gpu-uploaded
1787224930046 clock:updated
1787224930046 frame-visible
1787224930046 icon:bc7-gpu-uploaded
1787224930111 frame-visible
1787224930111 icon:bc7-gpu-uploaded
1787224930162 frame-visible
1787224930162 icon:bc7-gpu-uploaded
1787224930226 frame-visible
1787224930226 icon:bc7-gpu-uploaded
1787224930277 frame-visible
1787224930277 icon:bc7-gpu-uploaded
1787224930343 frame-visible
1787224930343 icon:bc7-gpu-uploaded
1787224930392 status:snapshot-updated
1787224930392 frame-visible
1787224930393 icon:bc7-gpu-uploaded
1787224930449 frame-visible
1787224930450 icon:bc7-gpu-uploaded
1787224930511 frame-visible
1787224930511 icon:bc7-gpu-uploaded
1787224930572 frame-visible
1787224930572 icon:bc7-gpu-uploaded
1787224930630 frame-visible
1787224930630 icon:bc7-gpu-uploaded
1787224930692 frame-visible
1787224930692 icon:bc7-gpu-uploaded
1787224930745 frame-visible
1787224930745 icon:bc7-gpu-uploaded
1787224930809 frame-visible
1787224930809 icon:bc7-gpu-uploaded
1787224930861 frame-visible
1787224930861 icon:bc7-gpu-uploaded
1787224930919 status:snapshot-updated
1787224930926 frame-visible
1787224930926 icon:bc7-gpu-uploaded
1787224930977 frame-visible
1787224930977 icon:bc7-gpu-uploaded
1787224931035 clock:updated
1787224931043 frame-visible
1787224931043 icon:bc7-gpu-uploaded
1787224931092 frame-visible
1787224931093 icon:bc7-gpu-uploaded
1787224931154 frame-visible
1787224931154 icon:bc7-gpu-uploaded
1787224931212 frame-visible
1787224931213 icon:bc7-gpu-uploaded
1787224931276 frame-visible
1787224931276 icon:bc7-gpu-uploaded
1787224931328 frame-visible
1787224931328 icon:bc7-gpu-uploaded
1787224931394 frame-visible
1787224931394 icon:bc7-gpu-uploaded
1787224931445 status:snapshot-updated
1787224931445 frame-visible
1787224931445 icon:bc7-gpu-uploaded
1787224931510 frame-visible
1787224931511 icon:bc7-gpu-uploaded
1787224931560 frame-visible
1787224931560 icon:bc7-gpu-uploaded
1787224931617 frame-visible
1787224931618 icon:bc7-gpu-uploaded
1787224931677 frame-visible
1787224931677 icon:bc7-gpu-uploaded
1787224931739 frame-visible
1787224931739 icon:bc7-gpu-uploaded
1787224931796 frame-visible
1787224931796 icon:bc7-gpu-uploaded
1787224931861 frame-visible
1787224931861 icon:bc7-gpu-uploaded
1787224931911 frame-visible
1787224931911 icon:bc7-gpu-uploaded
1787224931969 status:snapshot-updated
1787224931969 frame-visible
1787224931969 icon:bc7-gpu-uploaded
1787224932026 clock:updated
1787224932026 frame-visible
1787224932026 icon:bc7-gpu-uploaded
1787224932093 frame-visible
1787224932094 icon:bc7-gpu-uploaded
1787224932142 frame-visible
1787224932143 icon:bc7-gpu-uploaded
1787224932198 frame-visible
1787224932198 icon:bc7-gpu-uploaded
1787224932259 frame-visible
1787224932260 icon:bc7-gpu-uploaded
1787224932318 frame-visible
1787224932318 icon:bc7-gpu-uploaded
1787224932376 frame-visible
1787224932376 icon:bc7-gpu-uploaded
1787224932434 frame-visible
1787224932434 icon:bc7-gpu-uploaded
1787224932490 status:snapshot-updated
1787224932493 frame-visible
1787224932493 icon:bc7-gpu-uploaded
1787224932547 frame-visible
1787224932547 icon:bc7-gpu-uploaded
1787224932609 frame-visible
1787224932610 icon:bc7-gpu-uploaded
1787224932661 frame-visible
1787224932661 icon:bc7-gpu-uploaded
1787224932727 frame-visible
1787224932727 icon:bc7-gpu-uploaded
1787224932779 frame-visible
1787224932779 icon:bc7-gpu-uploaded
1787224932838 frame-visible
1787224932838 icon:bc7-gpu-uploaded
1787224932901 frame-visible
1787224932901 icon:bc7-gpu-uploaded
1787224932962 frame-visible
1787224932962 icon:bc7-gpu-uploaded
1787224933018 clock:updated
1787224933018 status:snapshot-updated
1787224933018 frame-visible
1787224933018 icon:bc7-gpu-uploaded
1787224933080 frame-visible
1787224933080 icon:bc7-gpu-uploaded
1787224933133 frame-visible
1787224933134 icon:bc7-gpu-uploaded
1787224933193 frame-visible
1787224933193 icon:bc7-gpu-uploaded
1787224933249 frame-visible
1787224933249 icon:bc7-gpu-uploaded
1787224933310 frame-visible
1787224933310 icon:bc7-gpu-uploaded
1787224933363 frame-visible
1787224933364 icon:bc7-gpu-uploaded
1787224933427 frame-visible
1787224933427 icon:bc7-gpu-uploaded
1787224933487 frame-visible
1787224933487 icon:bc7-gpu-uploaded
1787224933543 status:snapshot-updated
1787224933544 frame-visible
1787224933544 icon:bc7-gpu-uploaded
1787224933609 frame-visible
1787224933609 icon:bc7-gpu-uploaded
1787224933661 frame-visible
1787224933661 icon:bc7-gpu-uploaded
1787224933716 frame-visible
1787224933716 icon:bc7-gpu-uploaded
1787224933776 frame-visible
1787224933776 icon:bc7-gpu-uploaded
1787224933831 frame-visible
1787224933831 icon:bc7-gpu-uploaded
1787224933893 frame-visible
1787224933894 icon:bc7-gpu-uploaded
1787224933946 frame-visible
1787224933947 icon:bc7-gpu-uploaded
1787224934004 clock:updated
1787224934011 frame-visible
1787224934011 icon:bc7-gpu-uploaded
1787224934067 status:snapshot-updated
1787224934067 frame-visible
1787224934068 icon:bc7-gpu-uploaded
1787224934126 frame-visible
1787224934126 icon:bc7-gpu-uploaded
1787224934183 frame-visible
1787224934184 icon:bc7-gpu-uploaded
1787224934242 frame-visible
1787224934243 icon:bc7-gpu-uploaded
1787224934299 frame-visible
1787224934299 icon:bc7-gpu-uploaded
1787224934359 frame-visible
1787224934359 icon:bc7-gpu-uploaded
1787224934415 frame-visible
1787224934415 icon:bc7-gpu-uploaded
1787224934476 frame-visible
1787224934476 icon:bc7-gpu-uploaded
1787224934528 frame-visible
1787224934528 icon:bc7-gpu-uploaded
1787224934586 status:snapshot-updated
1787224934594 frame-visible
1787224934594 icon:bc7-gpu-uploaded
1787224934659 frame-visible
1787224934659 icon:bc7-gpu-uploaded
1787224934715 frame-visible
1787224934715 icon:bc7-gpu-uploaded
1787224934776 frame-visible
1787224934776 icon:bc7-gpu-uploaded
1787224934830 frame-visible
1787224934830 icon:bc7-gpu-uploaded
1787224934894 frame-visible
1787224934894 icon:bc7-gpu-uploaded
1787224934945 frame-visible
1787224934945 icon:bc7-gpu-uploaded
1787224935003 clock:updated
1787224935010 frame-visible
1787224935011 icon:bc7-gpu-uploaded
1787224935061 frame-visible
1787224935061 icon:bc7-gpu-uploaded
1787224935118 status:snapshot-updated
1787224935128 frame-visible
1787224935128 icon:bc7-gpu-uploaded
1787224935176 frame-visible
1787224935176 icon:bc7-gpu-uploaded
1787224935239 frame-visible
1787224935239 icon:bc7-gpu-uploaded
1787224935296 frame-visible
1787224935296 icon:bc7-gpu-uploaded
1787224935360 frame-visible
1787224935360 icon:bc7-gpu-uploaded
1787224935411 frame-visible
1787224935411 icon:bc7-gpu-uploaded
1787224935476 frame-visible
1787224935476 icon:bc7-gpu-uploaded
1787224935528 frame-visible
1787224935528 icon:bc7-gpu-uploaded
1787224935594 frame-visible
1787224935594 icon:bc7-gpu-uploaded
1787224935642 status:snapshot-updated
1787224935643 frame-visible
1787224935644 icon:bc7-gpu-uploaded
1787224935701 frame-visible
1787224935701 icon:bc7-gpu-uploaded
1787224935759 frame-visible
1787224935759 icon:bc7-gpu-uploaded
1787224935826 frame-visible
1787224935826 icon:bc7-gpu-uploaded
1787224935882 frame-visible
1787224935882 icon:bc7-gpu-uploaded
1787224935943 frame-visible
1787224935943 icon:bc7-gpu-uploaded
1787224935999 frame-visible
1787224935999 icon:bc7-gpu-uploaded
1787224936056 clock:updated
1787224936059 frame-visible
1787224936059 icon:bc7-gpu-uploaded
1787224936113 frame-visible
1787224936113 icon:bc7-gpu-uploaded
1787224936171 status:snapshot-updated
1787224936176 frame-visible
1787224936176 icon:bc7-gpu-uploaded
1787224936230 frame-visible
1787224936230 icon:bc7-gpu-uploaded
1787224936293 frame-visible
1787224936293 icon:bc7-gpu-uploaded
1787224936345 frame-visible
1787224936345 icon:bc7-gpu-uploaded
1787224936411 frame-visible
1787224936411 icon:bc7-gpu-uploaded
1787224936477 frame-visible
1787224936477 icon:bc7-gpu-uploaded
1787224936527 frame-visible
1787224936527 icon:bc7-gpu-uploaded
1787224936593 frame-visible
1787224936593 icon:bc7-gpu-uploaded
1787224936643 frame-visible
1787224936644 icon:bc7-gpu-uploaded
1787224936702 status:snapshot-updated
1787224936702 frame-visible
1787224936702 icon:bc7-gpu-uploaded
1787224936762 frame-visible
1787224936762 icon:bc7-gpu-uploaded
1787224936817 frame-visible
1787224936817 icon:bc7-gpu-uploaded
1787224936879 frame-visible
1787224936879 icon:bc7-gpu-uploaded
1787224936935 frame-visible
1787224936935 icon:bc7-gpu-uploaded
1787224936997 frame-visible
1787224936997 icon:bc7-gpu-uploaded
1787224937055 clock:updated
1787224937062 frame-visible
1787224937062 icon:bc7-gpu-uploaded
1787224937114 frame-visible
1787224937114 icon:bc7-gpu-uploaded
1787224937177 frame-visible
1787224937177 icon:bc7-gpu-uploaded
1787224937228 status:snapshot-updated
1787224937228 frame-visible
1787224937228 icon:bc7-gpu-uploaded
1787224937293 frame-visible
1787224937293 icon:bc7-gpu-uploaded
1787224937346 frame-visible
1787224937346 icon:bc7-gpu-uploaded
1787224937410 frame-visible
1787224937410 icon:bc7-gpu-uploaded
1787224937462 frame-visible
1787224937462 icon:bc7-gpu-uploaded
1787224937526 frame-visible
1787224937526 icon:bc7-gpu-uploaded
1787224937582 frame-visible
1787224937582 icon:bc7-gpu-uploaded
1787224937643 frame-visible
1787224937643 icon:bc7-gpu-uploaded
1787224937696 frame-visible
1787224937696 icon:bc7-gpu-uploaded
1787224937756 status:snapshot-updated
1787224937759 frame-visible
1787224937760 icon:bc7-gpu-uploaded
1787224937814 frame-visible
1787224937814 icon:bc7-gpu-uploaded
1787224937876 frame-visible
1787224937876 icon:bc7-gpu-uploaded
1787224937929 frame-visible
1787224937929 icon:bc7-gpu-uploaded
1787224937994 frame-visible
1787224937994 icon:bc7-gpu-uploaded
1787224938043 clock:updated
1787224938044 frame-visible
1787224938044 icon:bc7-gpu-uploaded
1787224938109 frame-visible
1787224938109 icon:bc7-gpu-uploaded
1787224938163 frame-visible
1787224938163 icon:bc7-gpu-uploaded
1787224938226 frame-visible
1787224938226 icon:bc7-gpu-uploaded
1787224938280 status:snapshot-updated
1787224938281 frame-visible
1787224938281 icon:bc7-gpu-uploaded
1787224938342 frame-visible
1787224938343 icon:bc7-gpu-uploaded
1787224938397 frame-visible
1787224938397 icon:bc7-gpu-uploaded
1787224938460 frame-visible
1787224938460 icon:bc7-gpu-uploaded
1787224938512 frame-visible
1787224938512 icon:bc7-gpu-uploaded
1787224938576 frame-visible
1787224938576 icon:bc7-gpu-uploaded
1787224938628 frame-visible
1787224938628 icon:bc7-gpu-uploaded
1787224938693 frame-visible
1787224938693 icon:bc7-gpu-uploaded
1787224938750 frame-visible
1787224938751 icon:bc7-gpu-uploaded
1787224938807 status:snapshot-updated
1787224938809 frame-visible
1787224938809 icon:bc7-gpu-uploaded
1787224938867 frame-visible
1787224938867 icon:bc7-gpu-uploaded
1787224938926 frame-visible
1787224938926 icon:bc7-gpu-uploaded
1787224938983 frame-visible
1787224938983 icon:bc7-gpu-uploaded
1787224939039 clock:updated
1787224939042 frame-visible
1787224939042 icon:bc7-gpu-uploaded
1787224939096 frame-visible
1787224939097 icon:bc7-gpu-uploaded
1787224939159 frame-visible
1787224939159 icon:bc7-gpu-uploaded
1787224939211 frame-visible
1787224939211 icon:bc7-gpu-uploaded
1787224939276 frame-visible
1787224939276 icon:bc7-gpu-uploaded
1787224939333 status:snapshot-updated
1787224939333 frame-visible
1787224939333 icon:bc7-gpu-uploaded
1787224939393 frame-visible
1787224939393 icon:bc7-gpu-uploaded
1787224939446 frame-visible
1787224939447 icon:bc7-gpu-uploaded
1787224939510 frame-visible
1787224939510 icon:bc7-gpu-uploaded
1787224939561 frame-visible
1787224939561 icon:bc7-gpu-uploaded
1787224939626 frame-visible
1787224939626 icon:bc7-gpu-uploaded
1787224939676 frame-visible
1787224939677 icon:bc7-gpu-uploaded
1787224939742 frame-visible
1787224939742 icon:bc7-gpu-uploaded
1787224939793 frame-visible
1787224939793 icon:bc7-gpu-uploaded
1787224939850 frame-visible
1787224939850 icon:bc7-gpu-uploaded
1787224939923 status:snapshot-updated
1787224939923 frame-visible
1787224939924 icon:bc7-gpu-uploaded
1787224939979 frame-visible
1787224939979 icon:bc7-gpu-uploaded
1787224940035 clock:updated
1787224940043 frame-visible
1787224940043 icon:bc7-gpu-uploaded
1787224940094 frame-visible
1787224940094 icon:bc7-gpu-uploaded
1787224940159 frame-visible
1787224940159 icon:bc7-gpu-uploaded
1787224940209 frame-visible
1787224940209 icon:bc7-gpu-uploaded
1787224940267 frame-visible
1787224940267 icon:bc7-gpu-uploaded
1787224940326 frame-visible
1787224940326 icon:bc7-gpu-uploaded
1787224940383 frame-visible
1787224940383 icon:bc7-gpu-uploaded
1787224940441 status:snapshot-updated
1787224940442 frame-visible
1787224940443 icon:bc7-gpu-uploaded
1787224940506 frame-visible
1787224940506 icon:bc7-gpu-uploaded
1787224940563 frame-visible
1787224940564 icon:bc7-gpu-uploaded
