1787254915881 win-e:hook-active
1787254915882 taskbar:icon-source-edge:42
1787254915890 task:minimized-shelved:win:15092:27A1318
1787254915890 task:minimized-shelved:win:18684:207DC
1787254915890 task:minimized-shelved:win:19000:206DE
1787254915890 task:minimized-shelved:win:21628:9034C
1787254915890 task:minimized-shelved:win:22260:3068C
1787254915890 task:minimized-shelved:win:22956:10A2E
1787254915890 task:minimized-shelved:win:30136:10070C
1787254915890 task:minimized-shelved:win:31292:20570
1787254915890 task:minimized-shelved:win:35484:5080E
1787254915890 task:minimized-shelved:win:41148:C30C26
1787254916181 taskbar:appbar-unavailable-owned-shell
1787254916181 taskbar:appbar-fallback-geometry-active
1787254916188 taskbar:appbar-owned
1787254916189 frame-visible
1787254916193 wallpaper:loaded
1787254916204 frame-visible
1787254916225 frame-visible
1787254916267 shell-event
1787254916273 frame-visible
1787254916741 status:snapshot-updated
1787254916741 shell-event
1787254916742 frame-visible
1787254916914 task
1787254916914 task:identity:win:34632:FD0D4C
1787254916924 task:left-activated
1787254916925 frame-visible
1787254916972 shell-event
1787254916973 frame-visible
1787254917031 clock:updated
1787254917039 frame-visible
1787254917213 status:snapshot-updated
1787254917213 notification:snapshot-reconciled
1787254917214 frame-visible
1787254917733 status:snapshot-updated
1787254917739 frame-visible
1787254918029 clock:updated
1787254918030 frame-visible
1787254918260 status:snapshot-updated
1787254918260 frame-visible
1787254918792 status:snapshot-updated
1787254918792 frame-visible
1787254919034 clock:updated
1787254919039 frame-visible
1787254919325 status:snapshot-updated
1787254919325 frame-visible
1787254919852 status:snapshot-updated
1787254919856 frame-visible
1787254920028 clock:updated
1787254920029 frame-visible
1787254920386 status:snapshot-updated
1787254920390 frame-visible
1787254920920 status:snapshot-updated
1787254920923 frame-visible
1787254921035 clock:updated
1787254921040 frame-visible
1787254921463 status:snapshot-updated
1787254921463 frame-visible
