1787255029110 win-e:hook-active
1787255029111 taskbar:icon-source-edge:42
1787255029118 task:minimized-shelved:win:15092:27A1318
1787255029119 task:minimized-shelved:win:18684:207DC
1787255029119 task:minimized-shelved:win:19000:206DE
1787255029119 task:minimized-shelved:win:21628:9034C
1787255029119 task:minimized-shelved:win:22260:3068C
1787255029119 task:minimized-shelved:win:22956:10A2E
1787255029119 task:minimized-shelved:win:30136:10070C
1787255029119 task:minimized-shelved:win:31292:20570
1787255029119 task:minimized-shelved:win:35484:5080E
1787255029119 task:minimized-shelved:win:41148:C30C26
1787255029398 taskbar:appbar-unavailable-owned-shell
1787255029398 taskbar:appbar-fallback-geometry-active
1787255029415 taskbar:appbar-owned
1787255029416 frame-visible
1787255029420 wallpaper:loaded
1787255029429 frame-visible
1787255029441 frame-visible
1787255029918 status:snapshot-updated
1787255029918 shell-event
1787255029919 frame-visible
1787255030031 clock:updated
1787255030039 frame-visible
1787255030075 task
1787255030075 task:identity:win:49452:C605E4
1787255030084 task:left-activated
1787255030094 shell-event
1787255030094 frame-visible
1787255030432 task
1787255030432 task:identity:win:49452:C605E4
1787255030468 task:minimized-shelved:win:49452:C605E4
1787255030468 task:left-minimized
1787255030468 frame-visible
1787255030484 status:snapshot-updated
1787255030484 shell-event
1787255030484 notification:snapshot-reconciled
1787255030484 frame-visible
1787255030943 status:snapshot-updated
1787255030943 frame-visible
1787255031001 clock:updated
1787255031006 frame-visible
1787255031472 status:snapshot-updated
1787255031473 frame-visible
1787255031649 notification:snapshot-reconciled
1787255031649 frame-visible
1787255031996 status:snapshot-updated
1787255031996 frame-visible
1787255032053 clock:updated
1787255032056 frame-visible
1787255032517 status:snapshot-updated
1787255032524 frame-visible
1787255033041 clock:updated
1787255033041 status:snapshot-updated
1787255033041 frame-visible
1787255033622 status:snapshot-updated
1787255033623 frame-visible
1787255034028 clock:updated
1787255034028 frame-visible
1787255034142 status:snapshot-updated
1787255034142 frame-visible
1787255034670 status:snapshot-updated
1787255034673 frame-visible
1787255035013 clock:updated
1787255035023 frame-visible
1787255035194 status:snapshot-updated
1787255035194 frame-visible
