1787072081502 frame-visible
1787072081513 locale:zh-TW
1787072081513 theme:light
1787072081513 wallpaper:loaded
1787072081524 frame-visible
1787072081524 icon:bc7-gpu-uploaded
1787072081530 frame-visible
1787072081530 icon:bc7-gpu-uploaded
1787072081574 shell-event
1787072081580 frame-visible
1787072081580 icon:bc7-gpu-uploaded
1787072082128 status:snapshot-updated
1787072082128 notification:snapshot-reconciled
1787072082128 frame-visible
1787072082128 icon:bc7-gpu-uploaded
1787072082729 status:snapshot-updated
1787072082729 frame-visible
1787072082729 icon:bc7-gpu-uploaded
1787072083332 status:snapshot-updated
1787072083332 frame-visible
1787072083332 icon:bc7-gpu-uploaded
1787072083937 status:snapshot-updated
1787072083947 frame-visible
1787072083947 icon:bc7-gpu-uploaded
1787072084549 status:snapshot-updated
1787072084549 frame-visible
1787072084549 icon:bc7-gpu-uploaded
1787072084648 status:owned-flyout-opened
1787072084656 frame-visible
1787072084656 icon:bc7-gpu-uploaded
1787072084984 status:owned-flyout-opened
1787072085004 frame-visible
1787072085004 icon:bc7-gpu-uploaded
1787072085184 status:snapshot-updated
1787072085205 frame-visible
1787072085205 icon:bc7-gpu-uploaded
1787072085357 status:owned-flyout-opened
1787072085390 frame-visible
1787072085390 icon:bc7-gpu-uploaded
1787072085763 status:owned-flyout-opened
1787072085784 frame-visible
1787072085785 icon:bc7-gpu-uploaded
1787072085809 status:snapshot-updated
1787072085810 frame-visible
1787072085810 icon:bc7-gpu-uploaded
1787072086151 status:owned-flyout-opened
1787072086173 frame-visible
1787072086173 icon:bc7-gpu-uploaded
1787072087085 status:command-terminal
1787072087138 status:snapshot-updated
1787072087142 frame-visible
1787072087142 icon:bc7-gpu-uploaded
1787072087206 clock:updated
1787072087206 status:snapshot-updated
1787072087207 frame-visible
1787072087207 icon:bc7-gpu-uploaded
1787072088118 status:command-terminal
1787072088135 status:snapshot-updated
1787072088142 frame-visible
1787072088142 icon:bc7-gpu-uploaded
1787072088572 clock:updated
1787072088572 status:snapshot-updated
1787072088573 frame-visible
1787072088573 icon:bc7-gpu-uploaded
1787072089180 status:snapshot-updated
1787072089181 frame-visible
1787072089181 icon:bc7-gpu-uploaded
1787072089795 status:snapshot-updated
1787072089795 frame-visible
1787072089796 icon:bc7-gpu-uploaded
1787072090402 status:snapshot-updated
1787072090403 frame-visible
1787072090403 icon:bc7-gpu-uploaded
1787072091008 status:snapshot-updated
1787072091009 frame-visible
1787072091009 icon:bc7-gpu-uploaded
1787072091613 status:snapshot-updated
1787072091613 frame-visible
1787072091613 icon:bc7-gpu-uploaded
1787072092217 status:snapshot-updated
1787072092218 frame-visible
1787072092218 icon:bc7-gpu-uploaded
1787072092818 status:snapshot-updated
1787072092819 frame-visible
1787072092819 icon:bc7-gpu-uploaded
1787072093420 status:snapshot-updated
1787072093422 frame-visible
1787072093422 icon:bc7-gpu-uploaded
1787072094025 status:snapshot-updated
1787072094026 frame-visible
1787072094026 icon:bc7-gpu-uploaded
1787072094633 status:snapshot-updated
1787072094634 frame-visible
1787072094634 icon:bc7-gpu-uploaded
1787072095229 status:snapshot-updated
1787072095230 frame-visible
1787072095230 icon:bc7-gpu-uploaded
1787072095833 status:snapshot-updated
1787072095834 frame-visible
1787072095834 icon:bc7-gpu-uploaded
1787072096432 status:snapshot-updated
1787072096433 frame-visible
1787072096433 icon:bc7-gpu-uploaded
1787072097032 status:snapshot-updated
1787072097033 frame-visible
1787072097033 icon:bc7-gpu-uploaded
1787072097629 status:snapshot-updated
1787072097629 frame-visible
1787072097629 icon:bc7-gpu-uploaded
1787072098234 status:snapshot-updated
1787072098235 frame-visible
1787072098235 icon:bc7-gpu-uploaded
1787072098600 status:snapshot-updated
1787072098601 frame-visible
1787072098601 icon:bc7-gpu-uploaded
1787072099197 status:snapshot-updated
1787072099198 frame-visible
1787072099198 icon:bc7-gpu-uploaded
1787072099798 status:snapshot-updated
1787072099799 frame-visible
1787072099799 icon:bc7-gpu-uploaded
1787072100034 clock:updated
1787072100035 frame-visible
1787072100035 icon:bc7-gpu-uploaded
1787072100396 status:snapshot-updated
1787072100397 frame-visible
1787072100397 icon:bc7-gpu-uploaded
1787072100995 status:snapshot-updated
1787072100995 frame-visible
1787072100996 icon:bc7-gpu-uploaded
