1787093516903 taskbar:preview-shell-hook-owned
1787093516933 frame-visible
1787093516943 locale:en-US
1787093516943 theme:light
1787093516943 wallpaper:loaded
1787093516944 frame-visible
1787093516944 icon:bc7-gpu-uploaded
1787093517001 shell-event
1787093517009 frame-visible
1787093517009 icon:bc7-gpu-uploaded
1787093517356 status:snapshot-updated
1787093517356 notification:snapshot-reconciled
1787093517360 frame-visible
1787093517360 icon:bc7-gpu-uploaded
1787093517513 taskbar:auto-hide-hidden
1787093517809 frame-visible
1787093517810 icon:bc7-gpu-uploaded
1787093517818 taskbar:auto-hide-fast-shown
1787093517832 frame-visible
1787093517832 icon:bc7-gpu-uploaded
1787093517883 status:snapshot-updated
1787093517893 frame-visible
1787093517893 icon:bc7-gpu-uploaded
1787093518142 frame-visible
1787093518142 icon:bc7-gpu-uploaded
1787093518361 status:snapshot-updated
1787093518361 frame-visible
1787093518361 icon:bc7-gpu-uploaded
1787093518662 taskbar:auto-hide-hidden
1787093518792 frame-visible
1787093518793 icon:bc7-gpu-uploaded
1787093518823 taskbar:auto-hide-fast-shown
1787093518838 frame-visible
1787093518838 icon:bc7-gpu-uploaded
1787093518896 status:snapshot-updated
1787093518896 frame-visible
1787093518896 icon:bc7-gpu-uploaded
1787093518976 taskbar:context-opened
1787093518978 frame-visible
1787093518978 icon:bc7-gpu-uploaded
1787093519226 frame-visible
1787093519226 icon:bc7-gpu-uploaded
1787093519419 status:snapshot-updated
1787093519426 frame-visible
1787093519426 icon:bc7-gpu-uploaded
1787093519894 status:snapshot-updated
1787093519894 frame-visible
1787093519894 icon:bc7-gpu-uploaded
1787093520013 clock:updated
1787093520013 frame-visible
1787093520014 icon:bc7-gpu-uploaded
1787093520047 frame-visible
1787093520047 icon:bc7-gpu-uploaded
1787093520423 status:snapshot-updated
1787093520426 frame-visible
1787093520426 icon:bc7-gpu-uploaded
1787093520585 taskbar:auto-hide-hidden
1787093520949 status:snapshot-updated
1787093520949 frame-visible
1787093520949 icon:bc7-gpu-uploaded
1787093521477 status:snapshot-updated
1787093521478 frame-visible
1787093521478 icon:bc7-gpu-uploaded
1787093521946 status:snapshot-updated
1787093521946 frame-visible
1787093521947 icon:bc7-gpu-uploaded
1787093522475 status:snapshot-updated
1787093522475 frame-visible
1787093522475 icon:bc7-gpu-uploaded
1787093523001 status:snapshot-updated
1787093523009 frame-visible
1787093523009 icon:bc7-gpu-uploaded
1787093523527 status:snapshot-updated
1787093523528 frame-visible
1787093523528 icon:bc7-gpu-uploaded
1787093523999 status:snapshot-updated
1787093523999 frame-visible
1787093523999 icon:bc7-gpu-uploaded
1787093524525 status:snapshot-updated
1787093524526 frame-visible
1787093524526 icon:bc7-gpu-uploaded
1787093525056 status:snapshot-updated
1787093525059 frame-visible
1787093525059 icon:bc7-gpu-uploaded
1787093525526 status:snapshot-updated
1787093525529 frame-visible
1787093525529 icon:bc7-gpu-uploaded
1787093526054 status:snapshot-updated
1787093526059 frame-visible
1787093526059 icon:bc7-gpu-uploaded
1787093526585 status:snapshot-updated
1787093526592 frame-visible
1787093526592 icon:bc7-gpu-uploaded
1787093527114 status:snapshot-updated
1787093527115 frame-visible
1787093527115 icon:bc7-gpu-uploaded
1787093527590 status:snapshot-updated
1787093527592 frame-visible
1787093527592 icon:bc7-gpu-uploaded
1787093528115 status:snapshot-updated
1787093528116 frame-visible
1787093528116 icon:bc7-gpu-uploaded
1787093528642 status:snapshot-updated
1787093528643 frame-visible
1787093528643 icon:bc7-gpu-uploaded
1787093529113 status:snapshot-updated
1787093529113 frame-visible
1787093529113 icon:bc7-gpu-uploaded
1787093529638 status:snapshot-updated
1787093529642 frame-visible
1787093529642 icon:bc7-gpu-uploaded
1787093529934 status:snapshot-updated
1787093529935 frame-visible
1787093529935 icon:bc7-gpu-uploaded
1787093530461 status:snapshot-updated
1787093530461 frame-visible
1787093530461 icon:bc7-gpu-uploaded
1787093531000 taskbar:auto-hide-teardown-visible
