1787072347963 frame-visible
1787072347973 locale:zh-TW
1787072347973 theme:high-contrast
1787072347973 wallpaper:loaded
1787072347977 frame-visible
1787072347977 icon:bc7-gpu-uploaded
1787072348010 frame-visible
1787072348010 icon:bc7-gpu-uploaded
1787072348033 shell-event
1787072348034 frame-visible
1787072348034 icon:bc7-gpu-uploaded
1787072348574 status:snapshot-updated
1787072348574 notification:snapshot-reconciled
1787072348575 frame-visible
1787072348575 icon:bc7-gpu-uploaded
1787072348594 frame-visible
1787072348594 icon:bc7-gpu-uploaded
1787072349168 status:snapshot-updated
1787072349169 notification:snapshot-reconciled
1787072349169 frame-visible
1787072349169 icon:bc7-gpu-uploaded
1787072349764 status:snapshot-updated
1787072349764 frame-visible
1787072349764 icon:bc7-gpu-uploaded
1787072350371 status:snapshot-updated
1787072350372 frame-visible
1787072350372 icon:bc7-gpu-uploaded
1787072350972 status:snapshot-updated
1787072350972 frame-visible
1787072350972 icon:bc7-gpu-uploaded
1787072351225 status:owned-flyout-opened
1787072351232 frame-visible
1787072351233 icon:bc7-gpu-uploaded
1787072351466 status:owned-flyout-opened
1787072351480 frame-visible
1787072351480 icon:bc7-gpu-uploaded
1787072351574 status:snapshot-updated
1787072351575 frame-visible
1787072351575 icon:bc7-gpu-uploaded
1787072351798 status:owned-flyout-opened
1787072351814 frame-visible
1787072351814 icon:bc7-gpu-uploaded
1787072352115 status:owned-flyout-opened
1787072352132 frame-visible
1787072352132 icon:bc7-gpu-uploaded
1787072352195 status:snapshot-updated
1787072352196 frame-visible
1787072352196 icon:bc7-gpu-uploaded
1787072352434 status:owned-flyout-opened
1787072352452 frame-visible
1787072352453 icon:bc7-gpu-uploaded
1787072353358 status:command-terminal
1787072353375 status:snapshot-updated
1787072353376 frame-visible
1787072353376 icon:bc7-gpu-uploaded
1787072353562 clock:updated
1787072353562 status:snapshot-updated
1787072353563 frame-visible
1787072353563 icon:bc7-gpu-uploaded
1787072354388 status:command-terminal
1787072354401 status:snapshot-updated
1787072354402 frame-visible
1787072354402 icon:bc7-gpu-uploaded
1787072354879 clock:updated
1787072354879 status:snapshot-updated
1787072354880 frame-visible
1787072354880 icon:bc7-gpu-uploaded
1787072355482 status:snapshot-updated
1787072355483 frame-visible
1787072355483 icon:bc7-gpu-uploaded
1787072356080 status:snapshot-updated
1787072356081 frame-visible
1787072356081 icon:bc7-gpu-uploaded
1787072356669 status:snapshot-updated
1787072356670 frame-visible
1787072356670 icon:bc7-gpu-uploaded
1787072357266 status:snapshot-updated
1787072357267 frame-visible
1787072357267 icon:bc7-gpu-uploaded
1787072357861 status:snapshot-updated
1787072357866 frame-visible
1787072357866 icon:bc7-gpu-uploaded
1787072358464 status:snapshot-updated
1787072358465 frame-visible
1787072358465 icon:bc7-gpu-uploaded
1787072359059 status:snapshot-updated
1787072359060 frame-visible
1787072359061 icon:bc7-gpu-uploaded
1787072359664 status:snapshot-updated
1787072359665 frame-visible
1787072359665 icon:bc7-gpu-uploaded
1787072360265 status:snapshot-updated
1787072360266 frame-visible
1787072360266 icon:bc7-gpu-uploaded
1787072360862 status:snapshot-updated
1787072360863 frame-visible
1787072360864 icon:bc7-gpu-uploaded
1787072361458 status:snapshot-updated
1787072361459 frame-visible
1787072361459 icon:bc7-gpu-uploaded
1787072362055 status:snapshot-updated
1787072362056 frame-visible
1787072362056 icon:bc7-gpu-uploaded
1787072362648 status:snapshot-updated
1787072362649 frame-visible
1787072362649 icon:bc7-gpu-uploaded
1787072363245 status:snapshot-updated
1787072363246 frame-visible
1787072363246 icon:bc7-gpu-uploaded
1787072363844 status:snapshot-updated
1787072363845 frame-visible
1787072363845 icon:bc7-gpu-uploaded
1787072364446 status:snapshot-updated
1787072364447 frame-visible
1787072364447 icon:bc7-gpu-uploaded
1787072364809 status:snapshot-updated
1787072364812 frame-visible
1787072364812 icon:bc7-gpu-uploaded
1787072365403 status:snapshot-updated
1787072365404 frame-visible
1787072365404 icon:bc7-gpu-uploaded
1787072366000 status:snapshot-updated
1787072366001 frame-visible
1787072366001 icon:bc7-gpu-uploaded
1787072366597 status:snapshot-updated
1787072366598 frame-visible
1787072366598 icon:bc7-gpu-uploaded
1787072367199 status:snapshot-updated
1787072367201 frame-visible
1787072367201 icon:bc7-gpu-uploaded
1787072367802 status:snapshot-updated
1787072367803 frame-visible
1787072367803 icon:bc7-gpu-uploaded
