dwData=1 cbData=1484 bytes=2334753400000000bc030000ea020800020000000700000072170000a3010e0052007500730074004400650073006b0020002d002000315cd27d0a0031002000
dwData=1 cbData=1484 bytes=2334753402000000bc03000050090100030000000000000000000000000000000000000000000000000000000000000000000000000000000000000000000000
dwData=1 cbData=1484 bytes=2334753400000000bc030000bc06020001000000070000000008000011073800540069006d00650053006e006100700070006500720020002800410063007400
dwData=1 cbData=1484 bytes=2334753402000000bc03000092071600030000002000000000000000000000000000000000000000000000000000000000000000000000000000000000000000
dwData=1 cbData=1484 bytes=2334753400000000bc030000d2020300000000000700000000140000e9028c00450076006500720079007400680069006e006700000000000000000000000000
terminal=NotifyIconCompatibilityTerminal { correlation_id: "native:18828:2", host_generation: 1787224168820, icon_generation: Some(1), terminal: Applied, message: "" }
terminal=NotifyIconCompatibilityTerminal { correlation_id: "native:27612:2", host_generation: 1787224168820, icon_generation: Some(3), terminal: NoChange, message: "" }
terminal=NotifyIconCompatibilityTerminal { correlation_id: "native:33372:4", host_generation: 1787224168820, icon_generation: Some(3), terminal: Applied, message: "" }
terminal=NotifyIconCompatibilityTerminal { correlation_id: "native:23428:4", host_generation: 1787224168820, icon_generation: Some(5), terminal: NoChange, message: "" }
dwData=1 cbData=1484 bytes=2334753402000000bc030000e8020600010000000700000001040000000000000000000000000000000000000000000000000000000000000000000000000000
dwData=1 cbData=1484 bytes=2334753402000000bc030000a8090100010000000700000000080000e10902004d006100610041007300730069007300740061006e007400410072006b006e00
dwData=1 cbData=1484 bytes=2334753400000000bc030000f20305000100000087000000018000008d047b004d0075004d00750050006c006100790065007200000000000000000000000000
dwData=1 cbData=1484 bytes=2334753402000000bc030000e80a0a00030000002000000000000000000000000000000000000000000000000000000000000000000000000000000000000000
dwData=1 cbData=1484 bytes=2334753402000000bc0300009407080001000000a700000003040000ab091a0a4d006900630072006f0073006f00660074002000330036003500200043006f00
dwData=1 cbData=1484 bytes=2334753402000000bc030000ae0302008200000000000000640400003304060044006900740074006f0000000000000000000000000000000000000000000000
dwData=1 cbData=1484 bytes=2334753401000000bc030000e205030064000000ae00000000000000c912230b570069006e0064006f00770073002000895b6851276020002d002000fa5e708b
dwData=1 cbData=1484 bytes=2334753400000000bc030000c4107e00000000008f00000065800000a0110600b06548722c670b4e7d8f2d4e20003500370032002e00390031004d0042002f00
dwData=1 cbData=1484 bytes=2334753400000000bc03000050090100030000000300000001800000550901000000000000000000000000000000000000000000000000000000000000000000
dwData=1 cbData=1484 bytes=2334753402000000bc0300003a080800070000000000000000000000000000000000000000000000000000000000000000000000000000000000000000000000
dwData=1 cbData=1484 bytes=2334753401000000bc03000060010100000000000700000065000000810f0902430070007500200030000a0054006300630064002000230030003a0020003400
dwData=1 cbData=1484 bytes=2334753400000000bc03000092071600030000002300000001800000bb0602000000000000000000000000000000000000000000000000000000000000000000
dwData=1 cbData=1484 bytes=2334753400000000bc030000a8090100010000000700000000080000e10902004d006100610041007300730069007300740061006e007400410072006b006e00
dwData=1 cbData=1484 bytes=2334753400000000bc030000e80a0a000300000027000000018000008a0b26004300680061007400470050005400000000000000000000000000000000000000
dwData=1 cbData=1484 bytes=2334753400000000bc0300009407080001000000a700000003040000ab091a0a4d006900630072006f0073006f00660074002000330036003500200043006f00
dwData=1 cbData=1484 bytes=2334753400000000bc030000ae0302008200000007000000640400003304060044006900740074006f0000000000000000000000000000000000000000000000
dwData=1 cbData=1484 bytes=2334753404000000bc030000c4107e00000000008f00000065800000a0110600b06548722c670b4e7d8f2d4e20003500370032002e00390031004d0042002f00
dwData=1 cbData=1484 bytes=2334753400000000bc0300003a0808000700000003000000018000003f090e000000000000000000000000000000000000000000000000000000000000000000
dwData=1 cbData=1484 bytes=2334753404000000bc0300009407080001000000a700000003040000ab091a0a4d006900630072006f0073006f00660074002000330036003500200043006f00
dwData=1 cbData=1484 bytes=2334753401000000bc03000060010100000000000700000065000000810f0a02430070007500200030000a0054006300630064002000230030003a0020003400
dwData=1 cbData=1484 bytes=2334753401000000bc030000600101000000000007000000650000009911d806430070007500200030000a0054006300630064002000230030003a0020003400
dwData=1 cbData=1484 bytes=2334753402000000bc030000600101000000000007000000650000009911d806430070007500200030000a0054006300630064002000230030003a0020003400
dwData=1 cbData=1484 bytes=2334753400000000bc030000600101001b00000007000000650000000d0e412243006f00720065002000540065006d0070002000760065007200730069006f00
dwData=1 cbData=1484 bytes=2334753401000000bc030000600101001b00000002000000650000009d02010043006f00720065002000540065006d0070002000760065007200730069006f00
dwData=1 cbData=1484 bytes=2334753401000000bc030000600101001b00000002000000650000009d02010043006f00720065002000540065006d0070002000760065007200730069006f00
dwData=1 cbData=1484 bytes=2334753400000000bc030000600101000000000007000000650000000d0e4222430070007500200030000a0054006300630064002000230030003a0020003400
dwData=1 cbData=1484 bytes=2334753402000000bc030000600101001b00000002000000650000009d02010043006f00720065002000540065006d0070002000760065007200730069006f00
snapshot-icons=2
dwData=1 cbData=1484 bytes=2334753400000000bc0300001403080001000000870000005480000035070a0e45007000690063002000470061006d006500730020005f55d552685600000000
dwData=1 cbData=1484 bytes=2334753401000000bc03000060010100000000000300000065000000950e032e430070007500200030000a0054006300630064002000230030003a0020003400
dwData=1 cbData=1484 bytes=2334753401000000bc03000060010100000000000500000065000000950e032e430070007500200030000a0054006300630064002000230030003a0020003500
dwData=1 cbData=1484 bytes=2334753400000000bc030000cc0fa800591b0000d70000002580000033000100530075007000650072004400650073006b0074006f007000200063006f006d00
dwData=1 cbData=1484 bytes=2334753404000000bc030000cc0fa800591b0000d70000002580000033000100530075007000650072004400650073006b0074006f007000200063006f006d00
dwData=1 cbData=1484 bytes=2334753400000000bc030000cc0fa8005a1b0000d70000002580000033000100530075007000650072004400650073006b0074006f007000200063006f006d00
dwData=1 cbData=1484 bytes=2334753404000000bc030000cc0fa8005a1b0000d70000002580000033000100530075007000650072004400650073006b0074006f007000200063006f006d00
terminal=NotifyIconCompatibilityTerminal { correlation_id: "native:18180:4", host_generation: 1787224168820, icon_generation: None, terminal: InvalidRequest, message: "notify-icon-owner-or-identity-invalid" }
terminal=NotifyIconCompatibilityTerminal { correlation_id: "native:14740:4", host_generation: 1787224168820, icon_generation: Some(5), terminal: NoChange, message: "" }
terminal=NotifyIconCompatibilityTerminal { correlation_id: "native:31292:4", host_generation: 1787224168820, icon_generation: Some(5), terminal: NoChange, message: "" }
terminal=NotifyIconCompatibilityTerminal { correlation_id: "native:21628:6", host_generation: 1787224168820, icon_generation: Some(5), terminal: Applied, message: "" }
terminal=NotifyIconCompatibilityTerminal { correlation_id: "native:31492:6", host_generation: 1787224168820, icon_generation: Some(7), terminal: NoChange, message: "" }
terminal=NotifyIconCompatibilityTerminal { correlation_id: "native:39188:6", host_generation: 1787224168820, icon_generation: Some(7), terminal: NoChange, message: "" }
terminal=NotifyIconCompatibilityTerminal { correlation_id: "native:21196:6", host_generation: 1787224168820, icon_generation: Some(7), terminal: NoChange, message: "" }
terminal=NotifyIconCompatibilityTerminal { correlation_id: "native:17868:6", host_generation: 1787224168820, icon_generation: None, terminal: InvalidRequest, message: "notify-icon-owned-invalid" }
terminal=NotifyIconCompatibilityTerminal { correlation_id: "native:15400:6", host_generation: 1787224168820, icon_generation: None, terminal: InvalidRequest, message: "notify-icon-owner-or-identity-invalid" }
terminal=NotifyIconCompatibilityTerminal { correlation_id: "native:27612:8", host_generation: 1787224168820, icon_generation: Some(7), terminal: Applied, message: "" }
terminal=NotifyIconCompatibilityTerminal { correlation_id: "native:30136:8", host_generation: 1787224168820, icon_generation: Some(9), terminal: NoChange, message: "" }
terminal=NotifyIconCompatibilityTerminal { correlation_id: "native:7616:8", host_generation: 1787224168820, icon_generation: None, terminal: InvalidRequest, message: "notify-icon-owner-or-identity-invalid" }
terminal=NotifyIconCompatibilityTerminal { correlation_id: "native:23428:10", host_generation: 1787224168820, icon_generation: Some(9), terminal: Applied, message: "" }
terminal=NotifyIconCompatibilityTerminal { correlation_id: "native:31292:12", host_generation: 1787224168820, icon_generation: Some(11), terminal: Applied, message: "" }
terminal=NotifyIconCompatibilityTerminal { correlation_id: "native:31492:14", host_generation: 1787224168820, icon_generation: Some(13), terminal: Applied, message: "" }
terminal=NotifyIconCompatibilityTerminal { correlation_id: "native:39188:16", host_generation: 1787224168820, icon_generation: Some(15), terminal: Applied, message: "" }
terminal=NotifyIconCompatibilityTerminal { correlation_id: "native:21196:18", host_generation: 1787224168820, icon_generation: Some(17), terminal: Applied, message: "" }
terminal=NotifyIconCompatibilityTerminal { correlation_id: "native:15400:18", host_generation: 1787224168820, icon_generation: None, terminal: InvalidRequest, message: "notify-icon-owner-or-identity-invalid" }
terminal=NotifyIconCompatibilityTerminal { correlation_id: "native:30136:20", host_generation: 1787224168820, icon_generation: Some(19), terminal: Applied, message: "" }
terminal=NotifyIconCompatibilityTerminal { correlation_id: "native:39188:20", host_generation: 1787224168820, icon_generation: Some(21), terminal: Applied, message: "" }
terminal=NotifyIconCompatibilityTerminal { correlation_id: "native:7616:20", host_generation: 1787224168820, icon_generation: None, terminal: InvalidRequest, message: "notify-icon-owner-or-identity-invalid" }
terminal=NotifyIconCompatibilityTerminal { correlation_id: "native:7616:20", host_generation: 1787224168820, icon_generation: None, terminal: InvalidRequest, message: "notify-icon-copy-failed" }
terminal=NotifyIconCompatibilityTerminal { correlation_id: "native:7616:20", host_generation: 1787224168820, icon_generation: Some(21), terminal: NoChange, message: "" }
terminal=NotifyIconCompatibilityTerminal { correlation_id: "native:7616:20", host_generation: 1787224168820, icon_generation: None, terminal: InvalidRequest, message: "notify-icon-owner-or-identity-invalid" }
terminal=NotifyIconCompatibilityTerminal { correlation_id: "native:7616:20", host_generation: 1787224168820, icon_generation: Some(21), terminal: NoChange, message: "" }
terminal=NotifyIconCompatibilityTerminal { correlation_id: "native:20784:22", host_generation: 1787224168820, icon_generation: Some(21), terminal: Applied, message: "" }
terminal=NotifyIconCompatibilityTerminal { correlation_id: "native:2636:25", host_generation: 1787224168820, icon_generation: Some(23), terminal: Applied, message: "" }
terminal=NotifyIconCompatibilityTerminal { correlation_id: "native:2636:25", host_generation: 1787224168820, icon_generation: Some(26), terminal: Applied, message: "" }
terminal=NotifyIconCompatibilityTerminal { correlation_id: "native:2636:27", host_generation: 1787224168820, icon_generation: Some(26), terminal: Applied, message: "" }
terminal=NotifyIconCompatibilityTerminal { correlation_id: "native:2636:27", host_generation: 1787224168820, icon_generation: Some(28), terminal: Applied, message: "" }
snapshot-icons=13
dwData=1 cbData=1484 bytes=2334753400000000bc030000cc0fa8005b1b0000d70000002580000033000100530075007000650072004400650073006b0074006f007000200063006f006d00
dwData=1 cbData=1484 bytes=2334753404000000bc030000cc0fa8005b1b0000d70000002580000033000100530075007000650072004400650073006b0074006f007000200063006f006d00
dwData=1 cbData=1484 bytes=2334753400000000bc030000cc0fa8005c1b0000d70000002580000033000100530075007000650072004400650073006b0074006f007000200063006f006d00
dwData=1 cbData=1484 bytes=2334753404000000bc030000cc0fa8005c1b0000d70000002580000033000100530075007000650072004400650073006b0074006f007000200063006f006d00
dwData=1 cbData=1484 bytes=2334753404000000bc03000014030800010000000000000000000000000000000000000000000000000000000000000000000000000000000000000000000000
dwData=1 cbData=1484 bytes=2334753400000000bc030000cc0fa8005d1b0000d70000002580000033000100530075007000650072004400650073006b0074006f007000200063006f006d00
dwData=1 cbData=1484 bytes=2334753404000000bc030000cc0fa8005d1b0000d70000002580000033000100530075007000650072004400650073006b0074006f007000200063006f006d00
dwData=1 cbData=1484 bytes=2334753400000000bc030000cc0fa8005e1b0000d70000002580000033000100530075007000650072004400650073006b0074006f007000200063006f006d00
dwData=1 cbData=1484 bytes=2334753404000000bc030000cc0fa8005e1b0000d70000002580000033000100530075007000650072004400650073006b0074006f007000200063006f006d00
dwData=1 cbData=1484 bytes=2334753401000000bc03000060010100000000000500000065000000950e032e430070007500200030000a0054006300630064002000230030003a0020003400
dwData=1 cbData=1484 bytes=2334753400000000bc030000cc0fa8005f1b0000d70000002580000033000100530075007000650072004400650073006b0074006f007000200063006f006d00
dwData=1 cbData=1484 bytes=2334753404000000bc030000cc0fa8005f1b0000d70000002580000033000100530075007000650072004400650073006b0074006f007000200063006f006d00
dwData=1 cbData=1484 bytes=2334753400000000bc030000e80206000100000007000000010400002f090a0053007400650061006d0000000000000000000000000000000000000000000000
dwData=1 cbData=1484 bytes=2334753400000000bc030000cc0fa800601b0000d70000002580000033000100530075007000650072004400650073006b0074006f007000200063006f006d00
dwData=1 cbData=1484 bytes=2334753404000000bc030000cc0fa800601b0000d70000002580000033000100530075007000650072004400650073006b0074006f007000200063006f006d00
dwData=1 cbData=1484 bytes=2334753400000000bc030000cc0fa800611b0000d70000002580000033000100530075007000650072004400650073006b0074006f007000200063006f006d00
dwData=1 cbData=1484 bytes=2334753404000000bc030000cc0fa800611b0000d70000002580000033000100530075007000650072004400650073006b0074006f007000200063006f006d00
terminal=NotifyIconCompatibilityTerminal { correlation_id: "native:2636:29", host_generation: 1787224168820, icon_generation: Some(28), terminal: Applied, message: "" }
terminal=NotifyIconCompatibilityTerminal { correlation_id: "native:2636:29", host_generation: 1787224168820, icon_generation: Some(30), terminal: Applied, message: "" }
terminal=NotifyIconCompatibilityTerminal { correlation_id: "native:2636:31", host_generation: 1787224168820, icon_generation: Some(30), terminal: Applied, message: "" }
terminal=NotifyIconCompatibilityTerminal { correlation_id: "native:2636:31", host_generation: 1787224168820, icon_generation: Some(32), terminal: Applied, message: "" }
terminal=NotifyIconCompatibilityTerminal { correlation_id: "native:20784:31", host_generation: 1787224168820, icon_generation: Some(32), terminal: Applied, message: "" }
terminal=NotifyIconCompatibilityTerminal { correlation_id: "native:2636:33", host_generation: 1787224168820, icon_generation: Some(32), terminal: Applied, message: "" }
terminal=NotifyIconCompatibilityTerminal { correlation_id: "native:2636:33", host_generation: 1787224168820, icon_generation: Some(34), terminal: Applied, message: "" }
terminal=NotifyIconCompatibilityTerminal { correlation_id: "native:2636:35", host_generation: 1787224168820, icon_generation: Some(34), terminal: Applied, message: "" }
terminal=NotifyIconCompatibilityTerminal { correlation_id: "native:2636:35", host_generation: 1787224168820, icon_generation: Some(36), terminal: Applied, message: "" }
terminal=NotifyIconCompatibilityTerminal { correlation_id: "native:7616:35", host_generation: 1787224168820, icon_generation: None, terminal: InvalidRequest, message: "notify-icon-owner-or-identity-invalid" }
terminal=NotifyIconCompatibilityTerminal { correlation_id: "native:2636:37", host_generation: 1787224168820, icon_generation: Some(36), terminal: Applied, message: "" }
terminal=NotifyIconCompatibilityTerminal { correlation_id: "native:2636:37", host_generation: 1787224168820, icon_generation: Some(38), terminal: Applied, message: "" }
terminal=NotifyIconCompatibilityTerminal { correlation_id: "native:14740:39", host_generation: 1787224168820, icon_generation: Some(38), terminal: Applied, message: "" }
terminal=NotifyIconCompatibilityTerminal { correlation_id: "native:2636:41", host_generation: 1787224168820, icon_generation: Some(40), terminal: Applied, message: "" }
terminal=NotifyIconCompatibilityTerminal { correlation_id: "native:2636:41", host_generation: 1787224168820, icon_generation: Some(42), terminal: Applied, message: "" }
terminal=NotifyIconCompatibilityTerminal { correlation_id: "native:2636:43", host_generation: 1787224168820, icon_generation: Some(42), terminal: Applied, message: "" }
terminal=NotifyIconCompatibilityTerminal { correlation_id: "native:2636:43", host_generation: 1787224168820, icon_generation: Some(44), terminal: Applied, message: "" }
snapshot-icons=21
dwData=1 cbData=1484 bytes=2334753400000000bc030000cc0fa800621b0000d70000002580000033000100530075007000650072004400650073006b0074006f007000200063006f006d00
dwData=1 cbData=1484 bytes=2334753404000000bc030000cc0fa800621b0000d70000002580000033000100530075007000650072004400650073006b0074006f007000200063006f006d00
dwData=1 cbData=1484 bytes=2334753400000000bc030000cc0fa800631b0000d70000002580000033000100530075007000650072004400650073006b0074006f007000200063006f006d00
dwData=1 cbData=1484 bytes=2334753404000000bc030000cc0fa800631b0000d70000002580000033000100530075007000650072004400650073006b0074006f007000200063006f006d00
dwData=1 cbData=1484 bytes=2334753400000000bc030000cc0fa800641b0000d70000002580000033000100530075007000650072004400650073006b0074006f007000200063006f006d00
dwData=1 cbData=1484 bytes=2334753404000000bc030000cc0fa800641b0000d70000002580000033000100530075007000650072004400650073006b0074006f007000200063006f006d00
dwData=1 cbData=1484 bytes=2334753400000000bc030000cc0fa800651b0000d70000002580000033000100530075007000650072004400650073006b0074006f007000200063006f006d00
dwData=1 cbData=1484 bytes=2334753404000000bc030000cc0fa800651b0000d70000002580000033000100530075007000650072004400650073006b0074006f007000200063006f006d00
dwData=1 cbData=1484 bytes=2334753400000000bc030000cc0fa800661b0000d70000002580000033000100530075007000650072004400650073006b0074006f007000200063006f006d00
dwData=1 cbData=1484 bytes=2334753404000000bc030000cc0fa800661b0000d70000002580000033000100530075007000650072004400650073006b0074006f007000200063006f006d00
dwData=1 cbData=1484 bytes=2334753400000000bc030000cc0fa800671b0000d70000002580000033000100530075007000650072004400650073006b0074006f007000200063006f006d00
dwData=1 cbData=1484 bytes=2334753404000000bc030000cc0fa800671b0000d70000002580000033000100530075007000650072004400650073006b0074006f007000200063006f006d00
dwData=1 cbData=1484 bytes=2334753400000000bc030000cc0fa800681b0000d70000002580000033000100530075007000650072004400650073006b0074006f007000200063006f006d00
dwData=1 cbData=1484 bytes=2334753404000000bc030000cc0fa800681b0000d70000002580000033000100530075007000650072004400650073006b0074006f007000200063006f006d00
terminal=NotifyIconCompatibilityTerminal { correlation_id: "native:2636:45", host_generation: 1787224168820, icon_generation: Some(44), terminal: Applied, message: "" }
terminal=NotifyIconCompatibilityTerminal { correlation_id: "native:2636:45", host_generation: 1787224168820, icon_generation: Some(46), terminal: Applied, message: "" }
terminal=NotifyIconCompatibilityTerminal { correlation_id: "native:2636:47", host_generation: 1787224168820, icon_generation: Some(46), terminal: Applied, message: "" }
terminal=NotifyIconCompatibilityTerminal { correlation_id: "native:2636:47", host_generation: 1787224168820, icon_generation: Some(48), terminal: Applied, message: "" }
terminal=NotifyIconCompatibilityTerminal { correlation_id: "native:2636:49", host_generation: 1787224168820, icon_generation: Some(48), terminal: Applied, message: "" }
terminal=NotifyIconCompatibilityTerminal { correlation_id: "native:2636:49", host_generation: 1787224168820, icon_generation: Some(50), terminal: Applied, message: "" }
terminal=NotifyIconCompatibilityTerminal { correlation_id: "native:2636:51", host_generation: 1787224168820, icon_generation: Some(50), terminal: Applied, message: "" }
terminal=NotifyIconCompatibilityTerminal { correlation_id: "native:2636:51", host_generation: 1787224168820, icon_generation: Some(52), terminal: Applied, message: "" }
terminal=NotifyIconCompatibilityTerminal { correlation_id: "native:2636:53", host_generation: 1787224168820, icon_generation: Some(52), terminal: Applied, message: "" }
terminal=NotifyIconCompatibilityTerminal { correlation_id: "native:2636:53", host_generation: 1787224168820, icon_generation: Some(54), terminal: Applied, message: "" }
terminal=NotifyIconCompatibilityTerminal { correlation_id: "native:2636:55", host_generation: 1787224168820, icon_generation: Some(54), terminal: Applied, message: "" }
terminal=NotifyIconCompatibilityTerminal { correlation_id: "native:2636:55", host_generation: 1787224168820, icon_generation: Some(56), terminal: Applied, message: "" }
terminal=NotifyIconCompatibilityTerminal { correlation_id: "native:2636:57", host_generation: 1787224168820, icon_generation: Some(56), terminal: Applied, message: "" }
terminal=NotifyIconCompatibilityTerminal { correlation_id: "native:2636:57", host_generation: 1787224168820, icon_generation: Some(58), terminal: Applied, message: "" }
snapshot-icons=28
dwData=1 cbData=1484 bytes=2334753400000000bc030000cc0fa800691b0000d70000002580000033000100530075007000650072004400650073006b0074006f007000200063006f006d00
dwData=1 cbData=1484 bytes=2334753404000000bc030000cc0fa800691b0000d70000002580000033000100530075007000650072004400650073006b0074006f007000200063006f006d00
dwData=1 cbData=1484 bytes=2334753400000000bc030000cc0fa8006a1b0000d70000002580000033000100530075007000650072004400650073006b0074006f007000200063006f006d00
dwData=1 cbData=1484 bytes=2334753404000000bc030000cc0fa8006a1b0000d70000002580000033000100530075007000650072004400650073006b0074006f007000200063006f006d00
dwData=1 cbData=1484 bytes=2334753401000000bc03000060010100000000000300000065000000910fba03430070007500200030000a0054006300630064002000230030003a0020003400
dwData=1 cbData=1484 bytes=2334753401000000bc03000060010100000000000500000065000000910fba03430070007500200030000a0054006300630064002000230030003a0020003400
dwData=1 cbData=1484 bytes=2334753400000000bc030000cc0fa8006b1b0000d70000002580000033000100530075007000650072004400650073006b0074006f007000200063006f006d00
dwData=1 cbData=1484 bytes=2334753404000000bc030000cc0fa8006b1b0000d70000002580000033000100530075007000650072004400650073006b0074006f007000200063006f006d00
dwData=1 cbData=1484 bytes=2334753400000000bc030000cc0fa8006c1b0000d70000002580000033000100530075007000650072004400650073006b0074006f007000200063006f006d00
dwData=1 cbData=1484 bytes=2334753404000000bc030000cc0fa8006c1b0000d70000002580000033000100530075007000650072004400650073006b0074006f007000200063006f006d00
dwData=1 cbData=1484 bytes=2334753401000000bc030000cc0fa800591b0000d70000002580000033000100530075007000650072004400650073006b0074006f007000200063006f006d00
terminal=NotifyIconCompatibilityTerminal { correlation_id: "native:2636:59", host_generation: 1787224168820, icon_generation: Some(58), terminal: Applied, message: "" }
terminal=NotifyIconCompatibilityTerminal { correlation_id: "native:2636:59", host_generation: 1787224168820, icon_generation: Some(60), terminal: Applied, message: "" }
terminal=NotifyIconCompatibilityTerminal { correlation_id: "native:2636:61", host_generation: 1787224168820, icon_generation: Some(60), terminal: Applied, message: "" }
terminal=NotifyIconCompatibilityTerminal { correlation_id: "native:2636:61", host_generation: 1787224168820, icon_generation: Some(62), terminal: Applied, message: "" }
terminal=NotifyIconCompatibilityTerminal { correlation_id: "native:7616:61", host_generation: 1787224168820, icon_generation: None, terminal: InvalidRequest, message: "notify-icon-owner-or-identity-invalid" }
terminal=NotifyIconCompatibilityTerminal { correlation_id: "native:2636:63", host_generation: 1787224168820, icon_generation: Some(62), terminal: Applied, message: "" }
terminal=NotifyIconCompatibilityTerminal { correlation_id: "native:2636:63", host_generation: 1787224168820, icon_generation: Some(64), terminal: Applied, message: "" }
terminal=NotifyIconCompatibilityTerminal { correlation_id: "native:2636:65", host_generation: 1787224168820, icon_generation: Some(64), terminal: Applied, message: "" }
terminal=NotifyIconCompatibilityTerminal { correlation_id: "native:2636:65", host_generation: 1787224168820, icon_generation: Some(66), terminal: Applied, message: "" }
terminal=NotifyIconCompatibilityTerminal { correlation_id: "native:2636:67", host_generation: 1787224168820, icon_generation: Some(66), terminal: Applied, message: "" }
snapshot-icons=32
dwData=1 cbData=1484 bytes=2334753401000000bc03000060010100000000000500000065000000910fba03430070007500200030000a0054006300630064002000230030003a0020003400
terminal=NotifyIconCompatibilityTerminal { correlation_id: "native:7616:67", host_generation: 1787224168820, icon_generation: None, terminal: InvalidRequest, message: "notify-icon-owner-or-identity-invalid" }
snapshot-icons=32
snapshot-icons=32
dwData=1 cbData=1484 bytes=2334753401000000bc03000060010100000000000500000065000000910fba03430070007500200030000a0054006300630064002000230030003a0020003400
terminal=NotifyIconCompatibilityTerminal { correlation_id: "native:7616:67", host_generation: 1787224168820, icon_generation: None, terminal: InvalidRequest, message: "notify-icon-owner-or-identity-invalid" }
snapshot-icons=32
snapshot-icons=32
dwData=1 cbData=1484 bytes=2334753401000000bc03000060010100000000000300000065000000ed08c107430070007500200030000a0054006300630064002000230030003a0020003400
dwData=1 cbData=1484 bytes=2334753401000000bc03000060010100000000000500000065000000ed08c107430070007500200030000a0054006300630064002000230030003a0020003400
terminal=NotifyIconCompatibilityTerminal { correlation_id: "native:7616:67", host_generation: 1787224168820, icon_generation: None, terminal: InvalidRequest, message: "notify-icon-owner-or-identity-invalid" }
snapshot-icons=32
snapshot-icons=32
dwData=1 cbData=1484 bytes=2334753401000000bc03000060010100000000000500000065000000ed08c107430070007500200030000a0054006300630064002000230030003a0020003400
terminal=NotifyIconCompatibilityTerminal { correlation_id: "native:7616:67", host_generation: 1787224168820, icon_generation: None, terminal: InvalidRequest, message: "notify-icon-owner-or-identity-invalid" }
snapshot-icons=32
dwData=1 cbData=1484 bytes=2334753401000000bc03000060010100000000000500000065000000ed08c107430070007500200030000a0054006300630064002000230030003a0020003400
terminal=NotifyIconCompatibilityTerminal { correlation_id: "native:7616:67", host_generation: 1787224168820, icon_generation: None, terminal: InvalidRequest, message: "notify-icon-owner-or-identity-invalid" }
snapshot-icons=32
snapshot-icons=32
dwData=1 cbData=1484 bytes=2334753401000000bc03000060010100000000000500000065000000ed08c107430070007500200030000a0054006300630064002000230030003a0020003400
terminal=NotifyIconCompatibilityTerminal { correlation_id: "native:7616:67", host_generation: 1787224168820, icon_generation: None, terminal: InvalidRequest, message: "notify-icon-owner-or-identity-invalid" }
snapshot-icons=32
snapshot-icons=32
dwData=1 cbData=1484 bytes=2334753401000000bc03000060010100000000000300000065000000bb0e9e05430070007500200030000a0054006300630064002000230030003a0020003400
dwData=1 cbData=1484 bytes=2334753401000000bc03000060010100000000000500000065000000bb0e9e05430070007500200030000a0054006300630064002000230030003a0020003400
terminal=NotifyIconCompatibilityTerminal { correlation_id: "native:7616:67", host_generation: 1787224168820, icon_generation: None, terminal: InvalidRequest, message: "notify-icon-owner-or-identity-invalid" }
snapshot-icons=32
dwData=1 cbData=1484 bytes=2334753401000000bc03000060010100000000000300000065000000bf0f4c15430070007500200030000a0054006300630064002000230030003a0020003400
dwData=1 cbData=1484 bytes=2334753401000000bc03000060010100000000000500000065000000bf0f4c15430070007500200030000a0054006300630064002000230030003a0020003400
terminal=NotifyIconCompatibilityTerminal { correlation_id: "native:7616:67", host_generation: 1787224168820, icon_generation: None, terminal: InvalidRequest, message: "notify-icon-owner-or-identity-invalid" }
snapshot-icons=32
snapshot-icons=32
dwData=1 cbData=1484 bytes=2334753401000000bc03000060010100000000000500000065000000bf0f4c15430070007500200030000a0054006300630064002000230030003a0020003600
terminal=NotifyIconCompatibilityTerminal { correlation_id: "native:7616:67", host_generation: 1787224168820, icon_generation: None, terminal: InvalidRequest, message: "notify-icon-owner-or-identity-invalid" }
snapshot-icons=32
snapshot-icons=32
dwData=1 cbData=1484 bytes=2334753401000000bc030000600101000000000003000000650000004f106508430070007500200030000a0054006300630064002000230030003a0020003600
dwData=1 cbData=1484 bytes=2334753401000000bc030000600101000000000005000000650000004f106508430070007500200030000a0054006300630064002000230030003a0020003400
terminal=NotifyIconCompatibilityTerminal { correlation_id: "native:7616:67", host_generation: 1787224168820, icon_generation: None, terminal: InvalidRequest, message: "notify-icon-owner-or-identity-invalid" }
snapshot-icons=32
dwData=1 cbData=1484 bytes=2334753401000000bc03000060010100000000000300000065000000c30fe209430070007500200030000a0054006300630064002000230030003a0020003400
dwData=1 cbData=1484 bytes=2334753401000000bc03000060010100000000000500000065000000c30fe209430070007500200030000a0054006300630064002000230030003a0020003500
terminal=NotifyIconCompatibilityTerminal { correlation_id: "native:7616:67", host_generation: 1787224168820, icon_generation: None, terminal: InvalidRequest, message: "notify-icon-owner-or-identity-invalid" }
snapshot-icons=32
snapshot-icons=32
dwData=1 cbData=1484 bytes=2334753401000000bc03000060010100000000000500000065000000c30fe209430070007500200030000a0054006300630064002000230030003a0020003400
terminal=NotifyIconCompatibilityTerminal { correlation_id: "native:7616:67", host_generation: 1787224168820, icon_generation: None, terminal: InvalidRequest, message: "notify-icon-owner-or-identity-invalid" }
snapshot-icons=32
snapshot-icons=32
dwData=1 cbData=1484 bytes=2334753401000000bc0300006001010000000000030000006500000087119706430070007500200030000a0054006300630064002000230030003a0020003400
dwData=1 cbData=1484 bytes=2334753401000000bc0300006001010000000000050000006500000087119706430070007500200030000a0054006300630064002000230030003a0020003400
terminal=NotifyIconCompatibilityTerminal { correlation_id: "native:7616:67", host_generation: 1787224168820, icon_generation: None, terminal: InvalidRequest, message: "notify-icon-owner-or-identity-invalid" }
snapshot-icons=32
snapshot-icons=32
dwData=1 cbData=1484 bytes=2334753401000000bc0300006001010000000000050000006500000087119706430070007500200030000a0054006300630064002000230030003a0020003500
terminal=NotifyIconCompatibilityTerminal { correlation_id: "native:7616:67", host_generation: 1787224168820, icon_generation: None, terminal: InvalidRequest, message: "notify-icon-owner-or-identity-invalid" }
snapshot-icons=32
snapshot-icons=32
dwData=1 cbData=1484 bytes=2334753401000000bc030000600101000000000003000000650000007d118b0a430070007500200030000a0054006300630064002000230030003a0020003500
dwData=1 cbData=1484 bytes=2334753401000000bc030000600101000000000005000000650000007d118b0a430070007500200030000a0054006300630064002000230030003a0020003400
terminal=NotifyIconCompatibilityTerminal { correlation_id: "native:7616:67", host_generation: 1787224168820, icon_generation: None, terminal: InvalidRequest, message: "notify-icon-owner-or-identity-invalid" }
snapshot-icons=32
dwData=1 cbData=1484 bytes=2334753401000000bc030000600101000000000005000000650000007d118b0a430070007500200030000a0054006300630064002000230030003a0020003400
terminal=NotifyIconCompatibilityTerminal { correlation_id: "native:7616:67", host_generation: 1787224168820, icon_generation: None, terminal: InvalidRequest, message: "notify-icon-owner-or-identity-invalid" }
snapshot-icons=32
snapshot-icons=32
dwData=1 cbData=1484 bytes=2334753401000000bc030000600101000000000005000000650000007d118b0a430070007500200030000a0054006300630064002000230030003a0020003400
terminal=NotifyIconCompatibilityTerminal { correlation_id: "native:7616:67", host_generation: 1787224168820, icon_generation: None, terminal: InvalidRequest, message: "notify-icon-owner-or-identity-invalid" }
snapshot-icons=32
snapshot-icons=32
dwData=1 cbData=1484 bytes=2334753401000000bc030000600101000000000003000000650000001b10f80b430070007500200030000a0054006300630064002000230030003a0020003400
dwData=1 cbData=1484 bytes=2334753401000000bc030000600101000000000005000000650000001b10f80b430070007500200030000a0054006300630064002000230030003a0020003400
terminal=NotifyIconCompatibilityTerminal { correlation_id: "native:7616:67", host_generation: 1787224168820, icon_generation: None, terminal: InvalidRequest, message: "notify-icon-owner-or-identity-invalid" }
snapshot-icons=32
dwData=1 cbData=1484 bytes=2334753401000000bc030000600101000000000005000000650000001b10f80b430070007500200030000a0054006300630064002000230030003a0020003400
terminal=NotifyIconCompatibilityTerminal { correlation_id: "native:7616:67", host_generation: 1787224168820, icon_generation: None, terminal: InvalidRequest, message: "notify-icon-owner-or-identity-invalid" }
snapshot-icons=32
snapshot-icons=32
dwData=1 cbData=1484 bytes=2334753401000000bc03000060010100000000000300000065000000910f6b05430070007500200030000a0054006300630064002000230030003a0020003400
dwData=1 cbData=1484 bytes=2334753401000000bc03000060010100000000000500000065000000910f6b05430070007500200030000a0054006300630064002000230030003a0020003400
dwData=1 cbData=1484 bytes=2334753403000000bc030000cc0fa800591b0000d70000002580000033000100530075007000650072004400650073006b0074006f007000200063006f006d00
dwData=1 cbData=1484 bytes=2334753402000000bc030000cc0fa800591b0000d70000002580000033000100530075007000650072004400650073006b0074006f007000200063006f006d00
dwData=1 cbData=1484 bytes=2334753402000000bc030000cc0fa8005a1b0000d70000002580000033000100530075007000650072004400650073006b0074006f007000200063006f006d00
dwData=1 cbData=1484 bytes=2334753402000000bc030000cc0fa8005b1b0000d70000002580000033000100530075007000650072004400650073006b0074006f007000200063006f006d00
dwData=1 cbData=1484 bytes=2334753402000000bc030000cc0fa8005c1b0000d70000002580000033000100530075007000650072004400650073006b0074006f007000200063006f006d00
dwData=1 cbData=1484 bytes=2334753402000000bc030000cc0fa8005d1b0000d70000002580000033000100530075007000650072004400650073006b0074006f007000200063006f006d00
dwData=1 cbData=1484 bytes=2334753402000000bc030000cc0fa8005e1b0000d70000002580000033000100530075007000650072004400650073006b0074006f007000200063006f006d00
dwData=1 cbData=1484 bytes=2334753402000000bc030000cc0fa8005f1b0000d70000002580000033000100530075007000650072004400650073006b0074006f007000200063006f006d00
dwData=1 cbData=1484 bytes=2334753402000000bc030000cc0fa800601b0000d70000002580000033000100530075007000650072004400650073006b0074006f007000200063006f006d00
dwData=1 cbData=1484 bytes=2334753402000000bc030000cc0fa800611b0000d70000002580000033000100530075007000650072004400650073006b0074006f007000200063006f006d00
dwData=1 cbData=1484 bytes=2334753402000000bc030000cc0fa800621b0000d70000002580000033000100530075007000650072004400650073006b0074006f007000200063006f006d00
dwData=1 cbData=1484 bytes=2334753402000000bc030000cc0fa800631b0000d70000002580000033000100530075007000650072004400650073006b0074006f007000200063006f006d00
dwData=1 cbData=1484 bytes=2334753402000000bc030000cc0fa800641b0000d70000002580000033000100530075007000650072004400650073006b0074006f007000200063006f006d00
dwData=1 cbData=1484 bytes=2334753402000000bc030000cc0fa800651b0000d70000002580000033000100530075007000650072004400650073006b0074006f007000200063006f006d00
dwData=1 cbData=1484 bytes=2334753402000000bc030000cc0fa800661b0000d70000002580000033000100530075007000650072004400650073006b0074006f007000200063006f006d00
dwData=1 cbData=1484 bytes=2334753402000000bc030000cc0fa800671b0000d70000002580000033000100530075007000650072004400650073006b0074006f007000200063006f006d00
dwData=1 cbData=1484 bytes=2334753402000000bc030000cc0fa800681b0000d70000002580000033000100530075007000650072004400650073006b0074006f007000200063006f006d00
dwData=1 cbData=1484 bytes=2334753402000000bc030000cc0fa800691b0000d70000002580000033000100530075007000650072004400650073006b0074006f007000200063006f006d00
dwData=1 cbData=1484 bytes=2334753402000000bc030000cc0fa8006a1b0000d70000002580000033000100530075007000650072004400650073006b0074006f007000200063006f006d00
dwData=1 cbData=1484 bytes=2334753402000000bc030000cc0fa8006b1b0000d70000002580000033000100530075007000650072004400650073006b0074006f007000200063006f006d00
dwData=1 cbData=1484 bytes=2334753402000000bc030000cc0fa8006c1b0000d70000002580000033000100530075007000650072004400650073006b0074006f007000200063006f006d00
terminal=NotifyIconCompatibilityTerminal { correlation_id: "native:7616:68", host_generation: 1787224168820, icon_generation: None, terminal: InvalidRequest, message: "notify-icon-owner-or-identity-invalid" }
terminal=NotifyIconCompatibilityTerminal { correlation_id: "native:2636:68", host_generation: 1787224168820, icon_generation: None, terminal: InvalidRequest, message: "notify-icon-owner-or-identity-invalid" }
terminal=NotifyIconCompatibilityTerminal { correlation_id: "native:2636:68", host_generation: 1787224168820, icon_generation: None, terminal: InvalidRequest, message: "notify-icon-owner-or-identity-invalid" }
terminal=NotifyIconCompatibilityTerminal { correlation_id: "native:2636:68", host_generation: 1787224168820, icon_generation: None, terminal: InvalidRequest, message: "notify-icon-owner-or-identity-invalid" }
terminal=NotifyIconCompatibilityTerminal { correlation_id: "native:2636:68", host_generation: 1787224168820, icon_generation: None, terminal: InvalidRequest, message: "notify-icon-owner-or-identity-invalid" }
terminal=NotifyIconCompatibilityTerminal { correlation_id: "native:2636:68", host_generation: 1787224168820, icon_generation: None, terminal: InvalidRequest, message: "notify-icon-owner-or-identity-invalid" }
terminal=NotifyIconCompatibilityTerminal { correlation_id: "native:2636:68", host_generation: 1787224168820, icon_generation: None, terminal: InvalidRequest, message: "notify-icon-owner-or-identity-invalid" }
terminal=NotifyIconCompatibilityTerminal { correlation_id: "native:2636:68", host_generation: 1787224168820, icon_generation: None, terminal: InvalidRequest, message: "notify-icon-owner-or-identity-invalid" }
terminal=NotifyIconCompatibilityTerminal { correlation_id: "native:2636:68", host_generation: 1787224168820, icon_generation: None, terminal: InvalidRequest, message: "notify-icon-owner-or-identity-invalid" }
terminal=NotifyIconCompatibilityTerminal { correlation_id: "native:2636:68", host_generation: 1787224168820, icon_generation: None, terminal: InvalidRequest, message: "notify-icon-owner-or-identity-invalid" }
terminal=NotifyIconCompatibilityTerminal { correlation_id: "native:2636:68", host_generation: 1787224168820, icon_generation: None, terminal: InvalidRequest, message: "notify-icon-owner-or-identity-invalid" }
terminal=NotifyIconCompatibilityTerminal { correlation_id: "native:2636:68", host_generation: 1787224168820, icon_generation: None, terminal: InvalidRequest, message: "notify-icon-owner-or-identity-invalid" }
terminal=NotifyIconCompatibilityTerminal { correlation_id: "native:2636:68", host_generation: 1787224168820, icon_generation: None, terminal: InvalidRequest, message: "notify-icon-owner-or-identity-invalid" }
terminal=NotifyIconCompatibilityTerminal { correlation_id: "native:2636:68", host_generation: 1787224168820, icon_generation: None, terminal: InvalidRequest, message: "notify-icon-owner-or-identity-invalid" }
terminal=NotifyIconCompatibilityTerminal { correlation_id: "native:2636:68", host_generation: 1787224168820, icon_generation: None, terminal: InvalidRequest, message: "notify-icon-owner-or-identity-invalid" }
terminal=NotifyIconCompatibilityTerminal { correlation_id: "native:2636:68", host_generation: 1787224168820, icon_generation: None, terminal: InvalidRequest, message: "notify-icon-owner-or-identity-invalid" }
terminal=NotifyIconCompatibilityTerminal { correlation_id: "native:2636:68", host_generation: 1787224168820, icon_generation: None, terminal: InvalidRequest, message: "notify-icon-owner-or-identity-invalid" }
terminal=NotifyIconCompatibilityTerminal { correlation_id: "native:2636:68", host_generation: 1787224168820, icon_generation: None, terminal: InvalidRequest, message: "notify-icon-owner-or-identity-invalid" }
terminal=NotifyIconCompatibilityTerminal { correlation_id: "native:2636:68", host_generation: 1787224168820, icon_generation: None, terminal: InvalidRequest, message: "notify-icon-owner-or-identity-invalid" }
terminal=NotifyIconCompatibilityTerminal { correlation_id: "native:2636:68", host_generation: 1787224168820, icon_generation: None, terminal: InvalidRequest, message: "notify-icon-owner-or-identity-invalid" }
terminal=NotifyIconCompatibilityTerminal { correlation_id: "native:2636:68", host_generation: 1787224168820, icon_generation: None, terminal: InvalidRequest, message: "notify-icon-owner-or-identity-invalid" }
terminal=NotifyIconCompatibilityTerminal { correlation_id: "native:2636:68", host_generation: 1787224168820, icon_generation: None, terminal: InvalidRequest, message: "notify-icon-owner-or-identity-invalid" }
snapshot-icons=12
snapshot-icons=12
dwData=1 cbData=1484 bytes=2334753401000000bc03000060010100000000000500000065000000910f6b05430070007500200030000a0054006300630064002000230030003a0020003400
terminal=NotifyIconCompatibilityTerminal { correlation_id: "native:7616:68", host_generation: 1787224168820, icon_generation: None, terminal: InvalidRequest, message: "notify-icon-owner-or-identity-invalid" }
snapshot-icons=12
dwData=1 cbData=1484 bytes=2334753401000000bc0300006001010000000000030000006500000037118d07430070007500200030000a0054006300630064002000230030003a0020003400
dwData=1 cbData=1484 bytes=2334753401000000bc0300006001010000000000050000006500000037118d07430070007500200030000a0054006300630064002000230030003a0020003400
terminal=NotifyIconCompatibilityTerminal { correlation_id: "native:7616:68", host_generation: 1787224168820, icon_generation: None, terminal: InvalidRequest, message: "notify-icon-owner-or-identity-invalid" }
snapshot-icons=12
snapshot-icons=12
dwData=1 cbData=1484 bytes=2334753401000000bc0300006001010000000000050000006500000037118d07430070007500200030000a0054006300630064002000230030003a0020003400
