1787224169071 taskbar:preview-shell-hook-owned
1787224169095 frame-visible
1787224169106 wallpaper:loaded
1787224169106 frame-visible
1787224169106 icon:bc7-gpu-uploaded
1787224169165 shell-event
1787224169165 frame-visible
1787224169165 icon:bc7-gpu-uploaded
1787224169564 status:snapshot-updated
1787224169565 frame-visible
1787224169565 icon:bc7-gpu-uploaded
1787224169690 notification:snapshot-reconciled
1787224169691 frame-visible
1787224169691 icon:bc7-gpu-uploaded
1787224170035 clock:updated
1787224170035 frame-visible
1787224170035 icon:bc7-gpu-uploaded
1787224170092 status:snapshot-updated
1787224170100 frame-visible
1787224170100 icon:bc7-gpu-uploaded
1787224170282 notification:snapshot-reconciled
1787224170283 frame-visible
1787224170283 icon:bc7-gpu-uploaded
1787224170627 status:snapshot-updated
1787224170633 frame-visible
1787224170633 icon:bc7-gpu-uploaded
1787224170866 notification:snapshot-reconciled
1787224170866 frame-visible
1787224170866 icon:bc7-gpu-uploaded
1787224171039 clock:updated
1787224171047 frame-visible
1787224171047 icon:bc7-gpu-uploaded
1787224171154 status:snapshot-updated
1787224171154 frame-visible
1787224171154 icon:bc7-gpu-uploaded
1787224171453 notification:snapshot-reconciled
1787224171453 frame-visible
1787224171453 icon:bc7-gpu-uploaded
1787224171682 status:snapshot-updated
1787224171683 frame-visible
1787224171683 icon:bc7-gpu-uploaded
1787224171839 notification:owned-overflow-opened
1787224171839 frame-visible
1787224171839 icon:bc7-gpu-uploaded
1787224172042 clock:updated
1787224172042 frame-visible
1787224172042 icon:bc7-gpu-uploaded
1787224172160 status:snapshot-updated
1787224172164 frame-visible
1787224172164 icon:bc7-gpu-uploaded
1787224172692 status:snapshot-updated
1787224172697 frame-visible
1787224172697 icon:bc7-gpu-uploaded
1787224173037 clock:updated
1787224173038 frame-visible
1787224173038 icon:bc7-gpu-uploaded
1787224173225 status:snapshot-updated
1787224173225 frame-visible
1787224173225 icon:bc7-gpu-uploaded
1787224173745 status:snapshot-updated
1787224173747 frame-visible
1787224173747 icon:bc7-gpu-uploaded
1787224174046 clock:updated
1787224174047 frame-visible
1787224174047 icon:bc7-gpu-uploaded
1787224174172 notification:event-completed
1787224174279 status:snapshot-updated
1787224174282 frame-visible
1787224174282 icon:bc7-gpu-uploaded
1787224174810 status:snapshot-updated
1787224174814 frame-visible
1787224174814 icon:bc7-gpu-uploaded
1787224175052 clock:updated
1787224175053 frame-visible
1787224175053 icon:bc7-gpu-uploaded
1787224175337 status:snapshot-updated
1787224175337 frame-visible
1787224175337 icon:bc7-gpu-uploaded
1787224175869 status:snapshot-updated
1787224175869 frame-visible
1787224175869 icon:bc7-gpu-uploaded
1787224176041 clock:updated
1787224176048 frame-visible
1787224176049 icon:bc7-gpu-uploaded
1787224176402 status:snapshot-updated
1787224176403 frame-visible
1787224176403 icon:bc7-gpu-uploaded
1787224176444 notification:event-completed
1787224176936 status:snapshot-updated
1787224176937 frame-visible
1787224176937 icon:bc7-gpu-uploaded
1787224177053 clock:updated
1787224177054 frame-visible
1787224177054 icon:bc7-gpu-uploaded
1787224177466 status:snapshot-updated
1787224177467 frame-visible
1787224177467 icon:bc7-gpu-uploaded
1787224178001 status:snapshot-updated
1787224178001 frame-visible
1787224178001 icon:bc7-gpu-uploaded
1787224178059 clock:updated
1787224178064 frame-visible
1787224178064 icon:bc7-gpu-uploaded
1787224178533 status:snapshot-updated
1787224178534 frame-visible
1787224178534 icon:bc7-gpu-uploaded
1787224178882 shell-event
1787224178882 frame-visible
1787224178882 icon:bc7-gpu-uploaded
1787224179001 clock:updated
1787224179002 frame-visible
1787224179002 icon:bc7-gpu-uploaded
1787224179061 status:snapshot-updated
1787224179064 frame-visible
1787224179064 icon:bc7-gpu-uploaded
1787224179604 status:snapshot-updated
1787224179604 frame-visible
1787224179604 icon:bc7-gpu-uploaded
1787224180039 clock:updated
1787224180039 frame-visible
1787224180039 icon:bc7-gpu-uploaded
1787224180157 status:snapshot-updated
1787224180165 frame-visible
1787224180165 icon:bc7-gpu-uploaded
1787224180634 status:snapshot-updated
1787224180634 frame-visible
1787224180634 icon:bc7-gpu-uploaded
1787224181052 clock:updated
1787224181053 frame-visible
1787224181053 icon:bc7-gpu-uploaded
1787224181169 status:snapshot-updated
1787224181169 frame-visible
1787224181169 icon:bc7-gpu-uploaded
1787224181702 status:snapshot-updated
1787224181702 frame-visible
1787224181702 icon:bc7-gpu-uploaded
1787224182049 clock:updated
1787224182050 frame-visible
1787224182050 icon:bc7-gpu-uploaded
1787224182236 status:snapshot-updated
1787224182236 frame-visible
1787224182236 icon:bc7-gpu-uploaded
1787224182587 status:snapshot-updated
1787224182587 frame-visible
1787224182587 icon:bc7-gpu-uploaded
1787224183002 clock:updated
1787224183002 frame-visible
1787224183003 icon:bc7-gpu-uploaded
1787224183118 status:snapshot-updated
1787224183118 frame-visible
1787224183118 icon:bc7-gpu-uploaded
1787224183648 status:snapshot-updated
1787224183648 frame-visible
1787224183649 icon:bc7-gpu-uploaded
1787224184004 clock:updated
1787224184004 frame-visible
1787224184005 icon:bc7-gpu-uploaded
1787224184178 status:snapshot-updated
1787224184180 frame-visible
1787224184180 icon:bc7-gpu-uploaded
1787224184708 status:snapshot-updated
1787224184714 frame-visible
1787224184714 icon:bc7-gpu-uploaded
1787224185019 clock:updated
1787224185019 frame-visible
1787224185019 icon:bc7-gpu-uploaded
1787224185251 status:snapshot-updated
1787224185251 frame-visible
1787224185251 icon:bc7-gpu-uploaded
1787224185780 status:snapshot-updated
1787224185781 frame-visible
1787224185781 icon:bc7-gpu-uploaded
1787224186024 clock:updated
1787224186024 frame-visible
1787224186024 icon:bc7-gpu-uploaded
1787224186310 status:snapshot-updated
1787224186314 frame-visible
1787224186314 icon:bc7-gpu-uploaded
1787224186842 status:snapshot-updated
1787224186849 frame-visible
1787224186849 icon:bc7-gpu-uploaded
1787224187019 clock:updated
1787224187019 frame-visible
1787224187019 icon:bc7-gpu-uploaded
1787224187379 status:snapshot-updated
1787224187380 frame-visible
1787224187381 icon:bc7-gpu-uploaded
1787224187910 status:snapshot-updated
1787224187914 frame-visible
1787224187914 icon:bc7-gpu-uploaded
1787224188026 clock:updated
1787224188032 frame-visible
1787224188032 icon:bc7-gpu-uploaded
1787224188389 status:snapshot-updated
1787224188390 frame-visible
1787224188390 icon:bc7-gpu-uploaded
1787224188974 status:snapshot-updated
1787224188975 frame-visible
1787224188975 icon:bc7-gpu-uploaded
1787224189032 clock:updated
1787224189032 frame-visible
1787224189033 icon:bc7-gpu-uploaded
1787224189495 status:snapshot-updated
1787224189498 frame-visible
1787224189498 icon:bc7-gpu-uploaded
1787224190027 clock:updated
1787224190027 status:snapshot-updated
1787224190030 frame-visible
1787224190030 icon:bc7-gpu-uploaded
1787224190512 status:snapshot-updated
1787224190517 frame-visible
1787224190517 icon:bc7-gpu-uploaded
1787224191045 clock:updated
1787224191046 status:snapshot-updated
1787224191047 frame-visible
1787224191047 icon:bc7-gpu-uploaded
1787224191347 notification:snapshot-reconciled
1787224191348 frame-visible
1787224191348 icon:bc7-gpu-uploaded
1787224191578 status:snapshot-updated
1787224191580 frame-visible
1787224191580 icon:bc7-gpu-uploaded
1787224192053 clock:updated
1787224192054 frame-visible
1787224192054 icon:bc7-gpu-uploaded
1787224192111 status:snapshot-updated
1787224192114 frame-visible
1787224192114 icon:bc7-gpu-uploaded
1787224192642 status:snapshot-updated
1787224192647 frame-visible
1787224192647 icon:bc7-gpu-uploaded
1787224193049 clock:updated
1787224193050 frame-visible
1787224193050 icon:bc7-gpu-uploaded
1787224193177 status:snapshot-updated
1787224193180 frame-visible
1787224193180 icon:bc7-gpu-uploaded
1787224193706 status:snapshot-updated
1787224193706 frame-visible
1787224193706 icon:bc7-gpu-uploaded
1787224194053 clock:updated
1787224194054 frame-visible
1787224194054 icon:bc7-gpu-uploaded
1787224194145 taskbar:auto-hide-teardown-visible
