1786931232850 desktop:refreshed
1786931232850 frame-visible
1786931232857 wallpaper:loaded
1786931232859 frame-visible
1786931232908 frame-visible
1786931232974 frame-visible
1786931233040 frame-visible
1786931233107 frame-visible
1786931233157 frame-visible
1786931233224 frame-visible
1786931233290 frame-visible
1786931233357 frame-visible
1786931233424 frame-visible
1786931233474 frame-visible
1786931233540 frame-visible
1786931233607 frame-visible
1786931233674 frame-visible
1786931233724 frame-visible
1786931233790 frame-visible
1786931233857 frame-visible
1786931233924 frame-visible
1786931233990 frame-visible
1786931234040 frame-visible
1786931234090 frame-visible
1786931234107 frame-visible
1786931234191 frame-visible
1786931234240 frame-visible
1786931234290 frame-visible
1786931234357 frame-visible
1786931234424 frame-visible
1786931234490 frame-visible
1786931234540 frame-visible
1786931234607 frame-visible
1786931234673 frame-visible
1786931234740 frame-visible
1786931234807 frame-visible
1786931234857 frame-visible
1786931234924 frame-visible
1786931234990 frame-visible
1786931235057 frame-visible
1786931235107 frame-visible
1786931235173 frame-visible
1786931235240 frame-visible
1786931235307 frame-visible
1786931235374 frame-visible
1786931235424 frame-visible
1786931235490 frame-visible
1786931235557 frame-visible
1786931235624 frame-visible
1786931235674 frame-visible
1786931235740 frame-visible
1786931235807 frame-visible
1786931235874 frame-visible
1786931235924 frame-visible
1786931235990 frame-visible
1786931236057 frame-visible
1786931236123 frame-visible
1786931236190 frame-visible
1786931236240 frame-visible
1786931236307 frame-visible
1786931236374 frame-visible
1786931236440 frame-visible
1786931236490 frame-visible
1786931236557 frame-visible
1786931236624 frame-visible
1786931236690 frame-visible
1786931236740 frame-visible
1786931236807 frame-visible
