1787023916434 frame-visible
1787023916444 wallpaper:loaded
1787023916446 frame-visible
1787023916446 icon:bc7-gpu-uploaded
1787023916458 frame-visible
1787023916458 icon:bc7-gpu-uploaded
1787023916512 shell-event
1787023916512 frame-visible
1787023916512 icon:bc7-gpu-uploaded
1787023916592 status:owned-flyout-opened
1787023916598 frame-visible
1787023916598 icon:bc7-gpu-uploaded
1787023917095 status:snapshot-updated
1787023917095 notification:snapshot-reconciled
1787023917096 frame-visible
1787023917096 icon:bc7-gpu-uploaded
1787023917733 status:snapshot-updated
1787023917734 frame-visible
1787023917735 icon:bc7-gpu-uploaded
1787023918179 status:owned-flyout-opened
1787023918198 frame-visible
1787023918208 icon:bc7-gpu-uploaded
1787023918392 status:snapshot-updated
1787023918394 frame-visible
1787023918394 icon:bc7-gpu-uploaded
1787023919035 status:snapshot-updated
1787023919035 frame-visible
1787023919035 icon:bc7-gpu-uploaded
1787023919512 status:owned-flyout-opened
1787023919521 frame-visible
1787023919521 icon:bc7-gpu-uploaded
1787023919680 status:snapshot-updated
1787023919681 frame-visible
1787023919681 icon:bc7-gpu-uploaded
1787023920003 clock:updated
1787023920007 frame-visible
1787023920007 icon:bc7-gpu-uploaded
1787023920321 status:snapshot-updated
1787023920322 frame-visible
1787023920322 icon:bc7-gpu-uploaded
1787023920715 status:owned-flyout-opened
1787023920733 frame-visible
1787023920733 icon:bc7-gpu-uploaded
1787023920986 status:snapshot-updated
1787023920988 frame-visible
1787023920988 icon:bc7-gpu-uploaded
1787023921630 status:snapshot-updated
1787023921631 frame-visible
1787023921631 icon:bc7-gpu-uploaded
1787023922238 start
1787023922398 start:owned-opened
1787023922398 status:flyout-dismissed
1787023922417 status:snapshot-updated
1787023922424 frame-visible
1787023922425 icon:bc7-gpu-uploaded
1787023923064 status:snapshot-updated
1787023923064 frame-visible
1787023923064 icon:bc7-gpu-uploaded
1787023923448 status:owned-flyout-opened
1787023923463 frame-visible
1787023923463 icon:bc7-gpu-uploaded
1787023923716 status:snapshot-updated
1787023923717 frame-visible
1787023923717 icon:bc7-gpu-uploaded
1787023924356 status:snapshot-updated
1787023924357 frame-visible
1787023924358 icon:bc7-gpu-uploaded
1787023925569 status:command-terminal
1787023925570 start:ime-focus-restored
1787023925582 status:snapshot-updated
1787023925587 status:flyout-dismissed
1787023925593 frame-visible
1787023925593 icon:bc7-gpu-uploaded
1787023925718 clock:updated
1787023925719 status:snapshot-updated
1787023925719 frame-visible
1787023925719 icon:bc7-gpu-uploaded
1787023926358 status:snapshot-updated
1787023926358 frame-visible
1787023926359 icon:bc7-gpu-uploaded
1787023926966 status:owned-flyout-opened
1787023926979 frame-visible
1787023926979 icon:bc7-gpu-uploaded
1787023927001 status:snapshot-updated
1787023927002 frame-visible
1787023927003 icon:bc7-gpu-uploaded
1787023927650 status:snapshot-updated
1787023927651 frame-visible
1787023927651 icon:bc7-gpu-uploaded
1787023928792 status:command-terminal
1787023928792 start:ime-focus-restored
1787023928805 status:snapshot-updated
1787023928814 status:flyout-dismissed
1787023928817 frame-visible
1787023928817 icon:bc7-gpu-uploaded
1787023929009 clock:updated
1787023929009 status:snapshot-updated
1787023929010 frame-visible
1787023929010 icon:bc7-gpu-uploaded
1787023929655 status:snapshot-updated
1787023929656 frame-visible
1787023929656 icon:bc7-gpu-uploaded
1787023930299 status:snapshot-updated
1787023930299 frame-visible
1787023930299 icon:bc7-gpu-uploaded
1787023930941 status:snapshot-updated
1787023930941 frame-visible
1787023930941 icon:bc7-gpu-uploaded
1787023931587 status:snapshot-updated
1787023931588 frame-visible
1787023931588 icon:bc7-gpu-uploaded
1787023932232 status:snapshot-updated
1787023932232 frame-visible
1787023932233 icon:bc7-gpu-uploaded
1787023932873 status:snapshot-updated
1787023932874 frame-visible
1787023932874 icon:bc7-gpu-uploaded
1787023933515 status:snapshot-updated
1787023933515 frame-visible
1787023933515 icon:bc7-gpu-uploaded
1787023934159 status:snapshot-updated
1787023934159 frame-visible
1787023934159 icon:bc7-gpu-uploaded
1787023934547 status:snapshot-updated
1787023934547 frame-visible
1787023934547 icon:bc7-gpu-uploaded
1787023935188 status:snapshot-updated
1787023935189 frame-visible
1787023935189 icon:bc7-gpu-uploaded
1787023935830 status:snapshot-updated
1787023935830 frame-visible
1787023935830 icon:bc7-gpu-uploaded
