1787093540714 taskbar:auto-hide-appbar-skipped
1787093540720 taskbar:appbar-owned
1787093540739 frame-visible
1787093540749 locale:en-US
1787093540749 theme:light
1787093540749 wallpaper:loaded
1787093540750 frame-visible
1787093540750 icon:bc7-gpu-uploaded
1787093540808 shell-event
1787093540809 frame-visible
1787093540809 icon:bc7-gpu-uploaded
1787093541217 notification:provider-error:notification-response-timeout
1787093541218 status:snapshot-updated
1787093541225 frame-visible
1787093541225 icon:bc7-gpu-uploaded
1787093541310 taskbar:auto-hide-hidden
1787093541687 notification:provider-error:notification-response-timeout
1787093541687 status:snapshot-updated
1787093541692 frame-visible
1787093541692 icon:bc7-gpu-uploaded
1787093541725 frame-visible
1787093541726 icon:bc7-gpu-uploaded
1787093541728 taskbar:auto-hide-fast-shown
1787093541734 frame-visible
1787093541734 icon:bc7-gpu-uploaded
1787093541745 frame-visible
1787093541746 icon:bc7-gpu-uploaded
1787093542042 frame-visible
1787093542042 icon:bc7-gpu-uploaded
1787093542209 notification:provider-error:notification-response-timeout
1787093542209 status:snapshot-updated
1787093542209 frame-visible
1787093542209 icon:bc7-gpu-uploaded
1787093542601 taskbar:auto-hide-hidden
1787093542709 taskbar:auto-hide-shown
1787093542732 notification:provider-error:notification-restart-capacity
1787093542732 status:snapshot-updated
1787093542732 frame-visible
1787093542732 icon:bc7-gpu-uploaded
1787093542875 frame-visible
1787093542875 icon:bc7-gpu-uploaded
1787093542894 taskbar:context-opened
1787093542896 frame-visible
1787093542896 icon:bc7-gpu-uploaded
1787093543159 frame-visible
1787093543159 icon:bc7-gpu-uploaded
1787093543253 notification:provider-error:notification-restart-capacity
1787093543253 status:snapshot-updated
1787093543258 frame-visible
1787093543259 icon:bc7-gpu-uploaded
1787093543778 notification:provider-error:notification-restart-capacity
1787093543779 status:snapshot-updated
1787093543779 frame-visible
1787093543779 icon:bc7-gpu-uploaded
1787093544001 frame-visible
1787093544001 icon:bc7-gpu-uploaded
1787093544302 notification:provider-error:notification-restart-capacity
1787093544302 status:snapshot-updated
1787093544308 frame-visible
1787093544309 icon:bc7-gpu-uploaded
1787093544516 taskbar:auto-hide-hidden
1787093544824 notification:provider-error:notification-restart-capacity
1787093544824 status:snapshot-updated
1787093544825 frame-visible
1787093544825 icon:bc7-gpu-uploaded
1787093545289 notification:provider-error:notification-restart-capacity
1787093545289 status:snapshot-updated
1787093545292 frame-visible
1787093545292 icon:bc7-gpu-uploaded
1787093545808 notification:provider-error:notification-restart-capacity
1787093545809 status:snapshot-updated
1787093545809 frame-visible
1787093545809 icon:bc7-gpu-uploaded
1787093546331 notification:provider-error:notification-restart-capacity
1787093546331 status:snapshot-updated
1787093546331 frame-visible
1787093546332 icon:bc7-gpu-uploaded
1787093546853 notification:provider-error:notification-restart-capacity
1787093546853 status:snapshot-updated
1787093546859 frame-visible
1787093546859 icon:bc7-gpu-uploaded
1787093547373 notification:provider-error:notification-restart-capacity
1787093547373 status:snapshot-updated
1787093547375 frame-visible
1787093547375 icon:bc7-gpu-uploaded
1787093547896 notification:provider-error:notification-restart-capacity
1787093547896 status:snapshot-updated
1787093547896 frame-visible
1787093547896 icon:bc7-gpu-uploaded
1787093548360 notification:provider-error:notification-restart-capacity
1787093548361 status:snapshot-updated
1787093548361 frame-visible
1787093548361 icon:bc7-gpu-uploaded
1787093548882 notification:provider-error:notification-restart-capacity
1787093548882 status:snapshot-updated
1787093548882 frame-visible
1787093548882 icon:bc7-gpu-uploaded
1787093549401 notification:provider-error:notification-restart-capacity
1787093549402 status:snapshot-updated
1787093549409 frame-visible
1787093549409 icon:bc7-gpu-uploaded
1787093549924 notification:provider-error:notification-restart-capacity
1787093549924 status:snapshot-updated
1787093549925 frame-visible
1787093549925 icon:bc7-gpu-uploaded
1787093550449 notification:provider-error:notification-restart-capacity
1787093550449 status:snapshot-updated
1787093550449 frame-visible
1787093550450 icon:bc7-gpu-uploaded
1787093550972 notification:provider-error:notification-restart-capacity
1787093550972 status:snapshot-updated
1787093550975 frame-visible
1787093550975 icon:bc7-gpu-uploaded
1787093551437 notification:provider-error:notification-restart-capacity
1787093551437 status:snapshot-updated
1787093551442 frame-visible
1787093551442 icon:bc7-gpu-uploaded
1787093551958 notification:provider-error:notification-restart-capacity
1787093551959 status:snapshot-updated
1787093551959 frame-visible
1787093551959 icon:bc7-gpu-uploaded
1787093552482 notification:provider-error:notification-restart-capacity
1787093552482 status:snapshot-updated
1787093552482 frame-visible
1787093552482 icon:bc7-gpu-uploaded
1787093553005 notification:provider-error:notification-restart-capacity
1787093553006 status:snapshot-updated
1787093553009 frame-visible
1787093553009 icon:bc7-gpu-uploaded
1787093553527 notification:provider-error:notification-restart-capacity
1787093553527 status:snapshot-updated
1787093553527 frame-visible
1787093553527 icon:bc7-gpu-uploaded
1787093553819 notification:provider-error:notification-restart-capacity
1787093553820 status:snapshot-updated
1787093553826 frame-visible
1787093553826 icon:bc7-gpu-uploaded
1787093554341 notification:provider-error:notification-restart-capacity
1787093554341 status:snapshot-updated
1787093554342 frame-visible
1787093554342 icon:bc7-gpu-uploaded
1787093554817 taskbar:auto-hide-teardown-visible
