1787255807381 win-e:hook-active
1787255807382 taskbar:icon-source-edge:42
1787255807393 task:minimized-shelved:win:15092:27A1318
1787255807393 task:minimized-shelved:win:18684:207DC
1787255807393 task:minimized-shelved:win:19000:206DE
1787255807393 task:minimized-shelved:win:21628:9034C
1787255807393 task:minimized-shelved:win:22260:3068C
1787255807393 task:minimized-shelved:win:22956:10A2E
1787255807394 task:minimized-shelved:win:30136:10070C
1787255807394 task:minimized-shelved:win:31292:20570
1787255807394 task:minimized-shelved:win:35484:5080E
1787255807394 task:minimized-shelved:win:41148:C30C26
1787255807694 taskbar:appbar-unavailable-owned-shell
1787255807694 taskbar:appbar-fallback-geometry-active
1787255807712 taskbar:appbar-owned
1787255807712 frame-visible
1787255807717 wallpaper:loaded
1787255807727 frame-visible
1787255807741 frame-visible
1787255808200 clock:updated
1787255808200 status:snapshot-updated
1787255808200 shell-event
1787255808201 frame-visible
1787255808305 frame-visible
1787255808306 task
1787255808307 task:identity:win:46380:21E0D88
1787255808315 task:left-activated
1787255808324 shell-event
1787255808324 frame-visible
1787255808652 task
1787255808652 task:identity:win:46380:21E0D88
1787255808686 task:minimized-shelved:win:46380:21E0D88
1787255808687 task:left-minimized
1787255808687 frame-visible
1787255808698 status:snapshot-updated
1787255808698 shell-event
1787255808699 frame-visible
1787255808766 notification:snapshot-reconciled
1787255808767 frame-visible
1787255808895 task
1787255808895 task:identity:win:46380:21E0D88
1787255808962 task:left-restored-activated
1787255808962 frame-visible
1787255808975 shell-event
1787255808976 frame-visible
