1787093465603 taskbar:preview-shell-hook-owned
1787093465636 frame-visible
1787093465647 locale:en-US
1787093465647 theme:light
1787093465647 wallpaper:loaded
1787093465648 frame-visible
1787093465648 icon:bc7-gpu-uploaded
1787093465708 shell-event
1787093465710 frame-visible
1787093465710 icon:bc7-gpu-uploaded
1787093466057 status:snapshot-updated
1787093466057 notification:snapshot-reconciled
1787093466059 frame-visible
1787093466059 icon:bc7-gpu-uploaded
1787093466222 taskbar:auto-hide-hidden
1787093466588 status:snapshot-updated
1787093466594 frame-visible
1787093466594 icon:bc7-gpu-uploaded
1787093466621 taskbar:auto-hide-fast-shown
1787093466625 frame-visible
1787093466626 icon:bc7-gpu-uploaded
1787093466637 frame-visible
1787093466637 icon:bc7-gpu-uploaded
1787093466960 frame-visible
1787093466960 icon:bc7-gpu-uploaded
1787093467063 status:snapshot-updated
1787093467064 frame-visible
1787093467064 icon:bc7-gpu-uploaded
1787093467540 taskbar:auto-hide-hidden
1787093467595 status:snapshot-updated
1787093467595 frame-visible
1787093467595 icon:bc7-gpu-uploaded
1787093467627 taskbar:auto-hide-fast-shown
1787093467631 frame-visible
1787093467631 icon:bc7-gpu-uploaded
1787093467643 frame-visible
1787093467644 icon:bc7-gpu-uploaded
1787093467811 taskbar:context-opened
1787093467813 frame-visible
1787093467813 icon:bc7-gpu-uploaded
1787093468076 frame-visible
1787093468076 icon:bc7-gpu-uploaded
1787093468127 status:snapshot-updated
1787093468127 frame-visible
1787093468127 icon:bc7-gpu-uploaded
1787093468596 status:snapshot-updated
1787093468596 frame-visible
1787093468596 icon:bc7-gpu-uploaded
1787093468883 frame-visible
1787093468883 icon:bc7-gpu-uploaded
1787093469126 status:snapshot-updated
1787093469126 frame-visible
1787093469126 icon:bc7-gpu-uploaded
1787093469423 taskbar:auto-hide-hidden
1787093469668 status:snapshot-updated
1787093469676 frame-visible
1787093469676 icon:bc7-gpu-uploaded
1787093470131 status:snapshot-updated
1787093470131 frame-visible
1787093470131 icon:bc7-gpu-uploaded
1787093470667 status:snapshot-updated
1787093470667 frame-visible
1787093470667 icon:bc7-gpu-uploaded
1787093471191 status:snapshot-updated
1787093471192 frame-visible
1787093471192 icon:bc7-gpu-uploaded
1787093471720 status:snapshot-updated
1787093471726 frame-visible
1787093471726 icon:bc7-gpu-uploaded
1787093472191 status:snapshot-updated
1787093472192 frame-visible
1787093472192 icon:bc7-gpu-uploaded
1787093472716 status:snapshot-updated
1787093472717 frame-visible
1787093472717 icon:bc7-gpu-uploaded
1787093473243 status:snapshot-updated
1787093473244 frame-visible
1787093473244 icon:bc7-gpu-uploaded
1787093473714 status:snapshot-updated
1787093473714 frame-visible
1787093473714 icon:bc7-gpu-uploaded
1787093474239 status:snapshot-updated
1787093474242 frame-visible
1787093474242 icon:bc7-gpu-uploaded
1787093474771 status:snapshot-updated
1787093474776 frame-visible
1787093474776 icon:bc7-gpu-uploaded
1787093475295 status:snapshot-updated
1787093475295 frame-visible
1787093475295 icon:bc7-gpu-uploaded
1787093475763 status:snapshot-updated
1787093475763 frame-visible
1787093475763 icon:bc7-gpu-uploaded
1787093476291 status:snapshot-updated
1787093476292 frame-visible
1787093476292 icon:bc7-gpu-uploaded
1787093476818 status:snapshot-updated
1787093476818 frame-visible
1787093476818 icon:bc7-gpu-uploaded
1787093477348 status:snapshot-updated
1787093477348 frame-visible
1787093477348 icon:bc7-gpu-uploaded
1787093477819 status:snapshot-updated
1787093477826 frame-visible
1787093477826 icon:bc7-gpu-uploaded
1787093478343 status:snapshot-updated
1787093478343 frame-visible
1787093478343 icon:bc7-gpu-uploaded
1787093478639 status:snapshot-updated
1787093478643 frame-visible
1787093478643 icon:bc7-gpu-uploaded
1787093479164 status:snapshot-updated
1787093479164 frame-visible
1787093479165 icon:bc7-gpu-uploaded
1787093479755 taskbar:auto-hide-teardown-visible
