1787098370209 taskbar:appbar-unavailable-owned-shell
1787098370216 taskbar:appbar-owned
1787098370238 frame-visible
1787098370249 locale:zh-TW
1787098370249 theme:high-contrast
1787098370249 wallpaper:loaded
1787098370253 frame-visible
1787098370253 icon:bc7-gpu-uploaded
1787098370311 shell-event
1787098370311 frame-visible
1787098370311 icon:bc7-gpu-uploaded
1787098370360 frame-visible
1787098370360 icon:bc7-gpu-uploaded
1787098370660 status:snapshot-updated
1787098370660 frame-visible
1787098370660 icon:bc7-gpu-uploaded
1787098370840 notification:snapshot-reconciled
1787098370840 frame-visible
1787098370840 icon:bc7-gpu-uploaded
1787098370844 frame-visible
1787098370844 icon:bc7-gpu-uploaded
1787098371188 status:snapshot-updated
1787098371198 frame-visible
1787098371198 icon:bc7-gpu-uploaded
1787098371437 notification:snapshot-reconciled
1787098371437 frame-visible
1787098371437 icon:bc7-gpu-uploaded
1787098371670 status:snapshot-updated
1787098371676 frame-visible
1787098371676 icon:bc7-gpu-uploaded
1787098372196 status:snapshot-updated
1787098372196 frame-visible
1787098372196 icon:bc7-gpu-uploaded
1787098372288 status:owned-flyout-opened
1787098372290 frame-visible
1787098372290 icon:bc7-gpu-uploaded
1787098482269 taskbar:appbar-unavailable-owned-shell
1787098482281 taskbar:appbar-owned
1787098482307 frame-visible
1787098482318 locale:zh-TW
1787098482318 theme:high-contrast
1787098482318 wallpaper:loaded
1787098482321 frame-visible
1787098482321 icon:bc7-gpu-uploaded
1787098482380 shell-event
1787098482381 frame-visible
1787098482381 icon:bc7-gpu-uploaded
1787098482737 status:snapshot-updated
1787098482743 frame-visible
1787098482743 icon:bc7-gpu-uploaded
1787098482925 notification:snapshot-reconciled
1787098482926 frame-visible
1787098482926 icon:bc7-gpu-uploaded
1787098482942 frame-visible
1787098482943 icon:bc7-gpu-uploaded
1787098483220 status:snapshot-updated
1787098483225 frame-visible
1787098483225 icon:bc7-gpu-uploaded
1787098483753 status:snapshot-updated
1787098483758 frame-visible
1787098483759 icon:bc7-gpu-uploaded
1787098484262 status:owned-flyout-opened
1787098484266 frame-visible
1787098484266 icon:bc7-gpu-uploaded
1787098484285 status:snapshot-updated
1787098484286 frame-visible
1787098484286 icon:bc7-gpu-uploaded
