1787255303279 win-e:hook-active
1787255303279 taskbar:icon-source-edge:42
1787255303287 task:minimized-shelved:win:15092:27A1318
1787255303287 task:minimized-shelved:win:18684:207DC
1787255303287 task:minimized-shelved:win:19000:206DE
1787255303287 task:minimized-shelved:win:21628:9034C
1787255303287 task:minimized-shelved:win:22260:3068C
1787255303287 task:minimized-shelved:win:22956:10A2E
1787255303287 task:minimized-shelved:win:30136:10070C
1787255303287 task:minimized-shelved:win:31292:20570
1787255303287 task:minimized-shelved:win:35484:5080E
1787255303287 task:minimized-shelved:win:41148:C30C26
1787255303577 taskbar:appbar-unavailable-owned-shell
1787255303577 taskbar:appbar-fallback-geometry-active
1787255303596 taskbar:appbar-owned
1787255303596 frame-visible
1787255303600 wallpaper:loaded
1787255303610 frame-visible
1787255303625 frame-visible
1787255304088 clock:updated
1787255304088 status:snapshot-updated
1787255304088 shell-event
1787255304089 frame-visible
1787255304268 task
1787255304268 task:identity:win:24828:390984
1787255304278 task:left-activated
1787255304279 frame-visible
1787255304321 shell-event
1787255304323 frame-visible
1787255304622 status:snapshot-updated
1787255304622 notification:snapshot-reconciled
1787255304622 frame-visible
1787255304632 task
1787255304633 task:identity:win:24828:390984
1787255304669 task:minimized-shelved:win:24828:390984
1787255304669 task:left-minimized
1787255304670 frame-visible
1787255304679 shell-event
1787255304680 frame-visible
1787255304947 task
1787255304948 task:identity:win:24828:390984
1787255304990 task:left-restored-activated
1787255304991 frame-visible
1787255305001 clock:updated
1787255305001 shell-event
1787255305007 frame-visible
