1787054521647 frame-visible
1787054521658 locale:zh-TW
1787054521658 wallpaper:loaded
1787054521665 frame-visible
1787054521665 icon:bc7-gpu-uploaded
1787054521668 frame-visible
1787054521668 icon:bc7-gpu-uploaded
1787054521731 shell-event
1787054521734 frame-visible
1787054521734 icon:bc7-gpu-uploaded
1787054522311 status:snapshot-updated
1787054522311 notification:snapshot-reconciled
1787054522311 frame-visible
1787054522311 icon:bc7-gpu-uploaded
1787054522556 frame-visible
1787054522557 icon:bc7-gpu-uploaded
1787054522659 start
1787054522837 start:owned-opened
1787054522851 frame-visible
1787054522851 icon:bc7-gpu-uploaded
1787054523113 status:snapshot-updated
1787054523114 frame-visible
1787054523114 icon:bc7-gpu-uploaded
1787054524380 status:snapshot-updated
1787054524382 frame-visible
1787054524382 icon:bc7-gpu-uploaded
1787054525024 status:snapshot-updated
1787054525024 frame-visible
1787054525024 icon:bc7-gpu-uploaded
1787054525670 status:snapshot-updated
1787054525670 frame-visible
1787054525670 icon:bc7-gpu-uploaded
1787054526314 status:snapshot-updated
1787054526315 frame-visible
1787054526315 icon:bc7-gpu-uploaded
1787054526956 status:snapshot-updated
1787054526956 frame-visible
1787054526956 icon:bc7-gpu-uploaded
1787054527595 status:snapshot-updated
1787054527595 frame-visible
1787054527596 icon:bc7-gpu-uploaded
1787054528245 status:snapshot-updated
1787054528245 frame-visible
1787054528245 icon:bc7-gpu-uploaded
1787054528889 status:snapshot-updated
1787054528889 frame-visible
1787054528889 icon:bc7-gpu-uploaded
1787054529532 status:snapshot-updated
1787054529533 frame-visible
1787054529533 icon:bc7-gpu-uploaded
