1786988511836 superexplorer:icon-resolved
1786988512155 desktop:refreshed
1786988512156 frame-visible
1786988512193 wallpaper:loaded
1786988512195 frame-visible
1786988512195 icon:bc7-gpu-uploaded
1786988512238 frame-visible
1786988512238 icon:bc7-gpu-uploaded
1786988512255 frame-visible
1786988512255 icon:bc7-gpu-uploaded
1786988512322 frame-visible
1786988512322 icon:bc7-gpu-uploaded
1786988512388 frame-visible
1786988512388 icon:bc7-gpu-uploaded
1786988512438 frame-visible
1786988512439 icon:bc7-gpu-uploaded
1786988512505 frame-visible
1786988512505 icon:bc7-gpu-uploaded
1786988512572 frame-visible
1786988512572 icon:bc7-gpu-uploaded
1786988512638 frame-visible
1786988512638 icon:bc7-gpu-uploaded
1786988512688 frame-visible
1786988512688 icon:bc7-gpu-uploaded
1786988512754 frame-visible
1786988512754 icon:bc7-gpu-uploaded
1786988512821 frame-visible
1786988512821 icon:bc7-gpu-uploaded
1786988512888 frame-visible
1786988512888 icon:bc7-gpu-uploaded
1786988512938 frame-visible
1786988512938 icon:bc7-gpu-uploaded
1786988513004 frame-visible
1786988513004 icon:bc7-gpu-uploaded
1786988513071 frame-visible
1786988513071 icon:bc7-gpu-uploaded
1786988513139 frame-visible
1786988513139 icon:bc7-gpu-uploaded
1786988513188 frame-visible
1786988513188 icon:bc7-gpu-uploaded
1786988513254 frame-visible
1786988513255 icon:bc7-gpu-uploaded
1786988513321 frame-visible
1786988513322 icon:bc7-gpu-uploaded
1786988513371 frame-visible
1786988513371 icon:bc7-gpu-uploaded
1786988513438 frame-visible
1786988513438 icon:bc7-gpu-uploaded
1786988513504 frame-visible
1786988513504 icon:bc7-gpu-uploaded
1786988513571 frame-visible
1786988513571 icon:bc7-gpu-uploaded
1786988513621 frame-visible
1786988513621 icon:bc7-gpu-uploaded
1786988513688 frame-visible
1786988513688 icon:bc7-gpu-uploaded
1786988513754 frame-visible
1786988513755 icon:bc7-gpu-uploaded
1786988513821 frame-visible
1786988513821 icon:bc7-gpu-uploaded
1786988513888 frame-visible
1786988513888 icon:bc7-gpu-uploaded
1786988513938 frame-visible
1786988513938 icon:bc7-gpu-uploaded
1786988514004 frame-visible
1786988514004 icon:bc7-gpu-uploaded
1786988514071 frame-visible
1786988514071 icon:bc7-gpu-uploaded
1786988514138 frame-visible
1786988514138 icon:bc7-gpu-uploaded
1786988514188 frame-visible
1786988514188 icon:bc7-gpu-uploaded
1786988514254 frame-visible
1786988514254 icon:bc7-gpu-uploaded
1786988514321 frame-visible
1786988514321 icon:bc7-gpu-uploaded
1786988514371 frame-visible
1786988514371 icon:bc7-gpu-uploaded
1786988514438 frame-visible
1786988514438 icon:bc7-gpu-uploaded
1786988514504 frame-visible
1786988514505 icon:bc7-gpu-uploaded
1786988514571 frame-visible
1786988514571 icon:bc7-gpu-uploaded
1786988514621 frame-visible
1786988514621 icon:bc7-gpu-uploaded
1786988514688 frame-visible
1786988514688 icon:bc7-gpu-uploaded
1786988514754 frame-visible
1786988514758 icon:bc7-gpu-uploaded
1786988514821 frame-visible
1786988514821 icon:bc7-gpu-uploaded
1786988514888 frame-visible
1786988514898 icon:bc7-gpu-uploaded
1786988514938 frame-visible
1786988514938 icon:bc7-gpu-uploaded
1786988515004 frame-visible
1786988515005 icon:bc7-gpu-uploaded
1786988515071 frame-visible
1786988515071 icon:bc7-gpu-uploaded
1786988515138 frame-visible
1786988515138 icon:bc7-gpu-uploaded
1786988515198 frame-visible
1786988515198 icon:bc7-gpu-uploaded
1786988515254 frame-visible
1786988515255 icon:bc7-gpu-uploaded
1786988515321 frame-visible
1786988515321 icon:bc7-gpu-uploaded
1786988515388 frame-visible
1786988515388 icon:bc7-gpu-uploaded
1786988515455 frame-visible
1786988515455 icon:bc7-gpu-uploaded
1786988515504 frame-visible
1786988515504 icon:bc7-gpu-uploaded
1786988515571 frame-visible
1786988515571 icon:bc7-gpu-uploaded
1786988515638 frame-visible
1786988515638 icon:bc7-gpu-uploaded
1786988515705 frame-visible
1786988515705 icon:bc7-gpu-uploaded
1786988515754 frame-visible
1786988515755 icon:bc7-gpu-uploaded
1786988515821 frame-visible
1786988515821 icon:bc7-gpu-uploaded
1786988515888 frame-visible
1786988515888 icon:bc7-gpu-uploaded
1786988515954 frame-visible
1786988515955 icon:bc7-gpu-uploaded
1786988516005 frame-visible
1786988516005 icon:bc7-gpu-uploaded
1786988516071 frame-visible
1786988516071 icon:bc7-gpu-uploaded
1786988516138 frame-visible
1786988516138 icon:bc7-gpu-uploaded
1786988516205 frame-visible
1786988516205 icon:bc7-gpu-uploaded
