1787237141471 taskbar:preview-shell-hook-owned
1787237141476 frame-visible
1787237141487 wallpaper:loaded
1787237141488 task-preview:hover-enter
1787237141489 frame-visible
1787237141489 icon:bc7-gpu-uploaded
1787237141490 frame-visible
1787237141490 icon:bc7-gpu-uploaded
1787237141546 shell-event
1787237141552 frame-visible
1787237141552 icon:bc7-gpu-uploaded
1787237141911 task-preview:topmost-established
1787237141912 task-preview:hover-opened
1787237141915 frame-visible
1787237141915 icon:bc7-gpu-uploaded
1787237141921 frame-visible
1787237141921 icon:bc7-gpu-uploaded
1787237141947 status:snapshot-updated
1787237141952 frame-visible
1787237141952 icon:bc7-gpu-uploaded
1787237142004 clock:updated
1787237142014 frame-visible
1787237142014 icon:bc7-gpu-uploaded
1787237142076 notification:snapshot-reconciled
1787237142077 frame-visible
1787237142077 icon:bc7-gpu-uploaded
1787237142479 status:snapshot-updated
1787237142485 frame-visible
1787237142485 icon:bc7-gpu-uploaded
1787237142602 frame-visible
1787237142602 icon:bc7-gpu-uploaded
1787237142723 task-flyout:action-succeeded
1787237142741 frame-visible
1787237142742 icon:bc7-gpu-uploaded
1787237142773 shell-event
1787237142773 frame-visible
1787237142773 icon:bc7-gpu-uploaded
1787237142974 task
1787237142974 task:identity:win:10120:890526
1787237143004 task:left-minimized
1787237143004 frame-visible
1787237143004 icon:bc7-gpu-uploaded
1787237143013 clock:updated
1787237143013 status:snapshot-updated
1787237143013 shell-event
1787237143020 frame-visible
1787237143020 icon:bc7-gpu-uploaded
1787237143218 task
1787237143218 task:identity:win:10120:890526
1787237143256 task:left-restored-activated
1787237143257 frame-visible
1787237143257 icon:bc7-gpu-uploaded
1787237143273 shell-event
1787237143274 frame-visible
1787237143274 icon:bc7-gpu-uploaded
1787237143507 status:snapshot-updated
1787237143507 frame-visible
1787237143507 icon:bc7-gpu-uploaded
1787237143517 task
1787237143518 task:identity:win:10120:890526
1787237143543 task:left-minimized
1787237143543 frame-visible
1787237143543 icon:bc7-gpu-uploaded
1787237143554 frame-visible
1787237143554 icon:bc7-gpu-uploaded
1787237143566 shell-event
1787237143569 frame-visible
1787237143569 icon:bc7-gpu-uploaded
1787237143828 task
1787237143828 task:identity:win:10120:890526
1787237143869 task:left-restored-activated
1787237143870 frame-visible
1787237143870 icon:bc7-gpu-uploaded
1787237143886 shell-event
1787237143887 frame-visible
1787237143887 icon:bc7-gpu-uploaded
1787237144003 clock:updated
1787237144004 frame-visible
1787237144004 icon:bc7-gpu-uploaded
1787237144063 status:snapshot-updated
1787237144070 frame-visible
1787237144070 icon:bc7-gpu-uploaded
1787237144103 frame-visible
1787237144103 icon:bc7-gpu-uploaded
1787237144479 frame-visible
1787237144479 icon:bc7-gpu-uploaded
1787237144534 shell-event
1787237144536 frame-visible
1787237144536 icon:bc7-gpu-uploaded
1787237144592 status:snapshot-updated
1787237144592 frame-visible
1787237144592 icon:bc7-gpu-uploaded
1787237144653 frame-visible
1787237144653 icon:bc7-gpu-uploaded
1787237144688 taskbar:jump-list-requested
1787237144689 task-preview:context-cancelled
1787237144718 taskbar:jump-list-opened
1787237144729 frame-visible
1787237144731 icon:bc7-gpu-uploaded
1787237145013 clock:updated
1787237145018 frame-visible
1787237145019 icon:bc7-gpu-uploaded
1787237145134 status:snapshot-updated
1787237145136 frame-visible
1787237145136 icon:bc7-gpu-uploaded
1787237145659 status:snapshot-updated
1787237145659 frame-visible
1787237145659 icon:bc7-gpu-uploaded
1787237146000 clock:updated
1787237146002 frame-visible
1787237146002 icon:bc7-gpu-uploaded
1787237146093 frame-visible
1787237146095 icon:bc7-gpu-uploaded
1787237146175 status:snapshot-updated
1787237146175 frame-visible
1787237146175 icon:bc7-gpu-uploaded
1787237146269 frame-visible
1787237146269 icon:bc7-gpu-uploaded
1787237146695 status:snapshot-updated
1787237146702 frame-visible
1787237146702 icon:bc7-gpu-uploaded
1787237146919 frame-visible
1787237146919 icon:bc7-gpu-uploaded
1787237147003 clock:updated
1787237147004 frame-visible
1787237147004 icon:bc7-gpu-uploaded
1787237147085 frame-visible
1787237147085 icon:bc7-gpu-uploaded
1787237147120 taskbar:jump-list-requested
1787237147120 task-preview:context-cancelled
1787237147144 taskbar:jump-list-opened
1787237147147 frame-visible
1787237147147 icon:bc7-gpu-uploaded
1787237147268 taskbar:jump-list-action-succeeded
1787237147277 status:snapshot-updated
1787237147277 shell-event
1787237147282 frame-visible
1787237147282 icon:bc7-gpu-uploaded
1787237147741 status:snapshot-updated
1787237147742 frame-visible
1787237147742 icon:bc7-gpu-uploaded
1787237147769 frame-visible
1787237147769 icon:bc7-gpu-uploaded
1787237147870 frame-visible
1787237147870 icon:bc7-gpu-uploaded
1787237148032 clock:updated
1787237148035 frame-visible
1787237148036 icon:bc7-gpu-uploaded
1787237148070 taskbar:jump-list-requested
1787237148070 task-preview:context-cancelled
1787237148091 taskbar:jump-list-opened
1787237148106 frame-visible
1787237148106 icon:bc7-gpu-uploaded
1787237148157 shell-event
1787237148157 frame-visible
1787237148157 icon:bc7-gpu-uploaded
1787237148208 taskbar:jump-list-action-succeeded
1787237148216 shell-event
1787237148219 frame-visible
1787237148219 icon:bc7-gpu-uploaded
1787237148276 status:snapshot-updated
1787237148276 frame-visible
1787237148276 icon:bc7-gpu-uploaded
1787237148286 frame-visible
1787237148286 icon:bc7-gpu-uploaded
1787237148810 status:snapshot-updated
1787237148811 frame-visible
1787237148821 icon:bc7-gpu-uploaded
1787237148836 frame-visible
1787237148836 icon:bc7-gpu-uploaded
1787237148952 frame-visible
1787237148952 icon:bc7-gpu-uploaded
1787237149043 clock:updated
1787237149043 frame-visible
1787237149043 icon:bc7-gpu-uploaded
1787237149118 frame-visible
1787237149118 icon:bc7-gpu-uploaded
1787237149162 taskbar:jump-list-requested
1787237149162 task-preview:context-cancelled
1787237149186 taskbar:jump-list-opened
1787237149191 frame-visible
1787237149191 icon:bc7-gpu-uploaded
1787237149225 shell-event
1787237149225 frame-visible
1787237149225 icon:bc7-gpu-uploaded
1787237149254 taskbar:jump-list-action-succeeded
1787237149283 shell-event
1787237149296 frame-visible
1787237149296 icon:bc7-gpu-uploaded
1787237149303 frame-visible
1787237149303 icon:bc7-gpu-uploaded
1787237149319 task-preview:hover-enter
1787237149320 frame-visible
1787237149320 icon:bc7-gpu-uploaded
1787237149340 status:snapshot-updated
1787237149341 frame-visible
1787237149341 icon:bc7-gpu-uploaded
