1787237120192 taskbar:preview-shell-hook-owned
1787237120197 frame-visible
1787237120207 wallpaper:loaded
1787237120208 task-preview:hover-enter
1787237120209 frame-visible
1787237120209 icon:bc7-gpu-uploaded
1787237120210 frame-visible
1787237120211 icon:bc7-gpu-uploaded
1787237120266 shell-event
1787237120269 frame-visible
1787237120269 icon:bc7-gpu-uploaded
1787237120631 task-preview:topmost-established
1787237120632 task-preview:hover-opened
1787237120635 frame-visible
1787237120635 icon:bc7-gpu-uploaded
1787237120637 frame-visible
1787237120637 icon:bc7-gpu-uploaded
1787237120665 status:snapshot-updated
1787237120669 frame-visible
1787237120669 icon:bc7-gpu-uploaded
1787237120786 notification:snapshot-reconciled
1787237120796 frame-visible
1787237120796 icon:bc7-gpu-uploaded
1787237121027 clock:updated
1787237121035 frame-visible
1787237121035 icon:bc7-gpu-uploaded
1787237121200 status:snapshot-updated
1787237121203 frame-visible
1787237121203 icon:bc7-gpu-uploaded
1787237121269 frame-visible
1787237121269 icon:bc7-gpu-uploaded
1787237121388 task-flyout:action-succeeded
1787237121408 frame-visible
1787237121408 icon:bc7-gpu-uploaded
1787237121439 shell-event
1787237121439 frame-visible
1787237121440 icon:bc7-gpu-uploaded
1787237121643 task
1787237121643 task:identity:win:39372:1340E44
1787237121670 task:left-minimized
1787237121671 frame-visible
1787237121671 icon:bc7-gpu-uploaded
1787237121682 shell-event
1787237121682 frame-visible
1787237121682 icon:bc7-gpu-uploaded
1787237121739 status:snapshot-updated
1787237121739 frame-visible
1787237121739 icon:bc7-gpu-uploaded
1787237121884 task
1787237121884 task:identity:win:39372:1340E44
1787237121923 task:left-restored-activated
1787237121924 frame-visible
1787237121924 icon:bc7-gpu-uploaded
1787237121933 shell-event
1787237121937 frame-visible
1787237121937 icon:bc7-gpu-uploaded
1787237122056 clock:updated
1787237122068 frame-visible
1787237122068 icon:bc7-gpu-uploaded
1787237122172 task
1787237122172 task:identity:win:39372:1340E44
1787237122204 task:left-minimized
1787237122204 frame-visible
1787237122204 icon:bc7-gpu-uploaded
1787237122214 shell-event
1787237122221 frame-visible
1787237122221 icon:bc7-gpu-uploaded
1787237122272 status:snapshot-updated
1787237122272 frame-visible
1787237122272 icon:bc7-gpu-uploaded
1787237122488 task
1787237122488 task:identity:win:39372:1340E44
1787237122531 task:left-restored-activated
1787237122531 frame-visible
1787237122532 icon:bc7-gpu-uploaded
1787237122544 shell-event
1787237122544 frame-visible
1787237122544 icon:bc7-gpu-uploaded
1787237122753 frame-visible
1787237122753 icon:bc7-gpu-uploaded
1787237122785 status:snapshot-updated
1787237122786 frame-visible
1787237122786 icon:bc7-gpu-uploaded
1787237123018 clock:updated
1787237123018 frame-visible
1787237123019 icon:bc7-gpu-uploaded
1787237123119 frame-visible
1787237123119 icon:bc7-gpu-uploaded
1787237123136 shell-event
1787237123140 frame-visible
1787237123140 icon:bc7-gpu-uploaded
1787237123303 frame-visible
1787237123303 icon:bc7-gpu-uploaded
1787237123313 status:snapshot-updated
1787237123319 frame-visible
1787237123319 icon:bc7-gpu-uploaded
1787237123338 taskbar:jump-list-requested
1787237123338 task-preview:context-cancelled
1787237123367 taskbar:jump-list-opened
1787237123378 frame-visible
1787237123378 icon:bc7-gpu-uploaded
1787237123839 status:snapshot-updated
1787237123839 frame-visible
1787237123839 icon:bc7-gpu-uploaded
1787237124011 clock:updated
1787237124018 frame-visible
1787237124019 icon:bc7-gpu-uploaded
1787237124356 status:snapshot-updated
1787237124356 frame-visible
1787237124356 icon:bc7-gpu-uploaded
1787237124725 frame-visible
1787237124725 icon:bc7-gpu-uploaded
1787237124885 frame-visible
1787237124886 icon:bc7-gpu-uploaded
1787237124941 status:snapshot-updated
1787237124941 frame-visible
1787237124941 icon:bc7-gpu-uploaded
1787237125011 clock:updated
1787237125011 frame-visible
1787237125011 icon:bc7-gpu-uploaded
1787237125473 status:snapshot-updated
1787237125474 frame-visible
1787237125474 icon:bc7-gpu-uploaded
1787237125552 frame-visible
1787237125553 icon:bc7-gpu-uploaded
1787237125708 frame-visible
1787237125708 icon:bc7-gpu-uploaded
1787237125754 taskbar:jump-list-requested
1787237125754 task-preview:context-cancelled
1787237125776 taskbar:jump-list-opened
1787237125787 frame-visible
1787237125787 icon:bc7-gpu-uploaded
1787237125900 taskbar:jump-list-action-succeeded
1787237125909 shell-event
1787237125913 frame-visible
1787237125913 icon:bc7-gpu-uploaded
1787237125967 status:snapshot-updated
1787237125970 frame-visible
1787237125970 icon:bc7-gpu-uploaded
1787237126025 clock:updated
1787237126025 frame-visible
1787237126025 icon:bc7-gpu-uploaded
1787237126419 frame-visible
1787237126419 icon:bc7-gpu-uploaded
1787237126492 status:snapshot-updated
1787237126502 frame-visible
1787237126503 icon:bc7-gpu-uploaded
1787237126519 frame-visible
1787237126519 icon:bc7-gpu-uploaded
1787237126685 frame-visible
1787237126685 icon:bc7-gpu-uploaded
1787237126722 taskbar:jump-list-requested
1787237126723 task-preview:context-cancelled
1787237126744 taskbar:jump-list-opened
1787237126750 frame-visible
1787237126750 icon:bc7-gpu-uploaded
1787237126785 shell-event
1787237126786 frame-visible
1787237126786 icon:bc7-gpu-uploaded
1787237126870 taskbar:jump-list-action-succeeded
1787237126880 shell-event
1787237126882 frame-visible
1787237126882 icon:bc7-gpu-uploaded
1787237126952 frame-visible
1787237126953 icon:bc7-gpu-uploaded
1787237127058 clock:updated
1787237127058 status:snapshot-updated
1787237127058 frame-visible
1787237127058 icon:bc7-gpu-uploaded
1787237127486 frame-visible
1787237127486 icon:bc7-gpu-uploaded
1787237127589 status:snapshot-updated
1787237127589 frame-visible
1787237127589 icon:bc7-gpu-uploaded
1787237127602 frame-visible
1787237127602 icon:bc7-gpu-uploaded
1787237127752 frame-visible
1787237127752 icon:bc7-gpu-uploaded
1787237127787 taskbar:jump-list-requested
1787237127787 task-preview:context-cancelled
1787237127817 taskbar:jump-list-opened
1787237127832 shell-event
1787237127833 frame-visible
1787237127833 icon:bc7-gpu-uploaded
1787237127874 taskbar:jump-list-action-succeeded
1787237127892 shell-event
1787237127894 frame-visible
1787237127894 icon:bc7-gpu-uploaded
1787237127921 task-preview:hover-enter
1787237127922 frame-visible
1787237127922 icon:bc7-gpu-uploaded
1787237128013 clock:updated
1787237128013 frame-visible
1787237128013 icon:bc7-gpu-uploaded
