1787049830450 frame-visible
1787049830462 wallpaper:loaded
1787049830467 frame-visible
1787049830467 icon:bc7-gpu-uploaded
1787049830490 frame-visible
1787049830490 icon:bc7-gpu-uploaded
1787049830537 shell-event
1787049830538 frame-visible
1787049830538 icon:bc7-gpu-uploaded
1787049830563 frame-visible
1787049830564 icon:bc7-gpu-uploaded
1787049831106 status:snapshot-updated
1787049831107 notification:snapshot-reconciled
1787049831107 frame-visible
1787049831107 icon:bc7-gpu-uploaded
1787049831750 status:snapshot-updated
1787049831751 frame-visible
1787049831751 icon:bc7-gpu-uploaded
1787049832388 status:snapshot-updated
1787049832388 frame-visible
1787049832389 icon:bc7-gpu-uploaded
1787049833030 status:snapshot-updated
1787049833040 frame-visible
1787049833040 icon:bc7-gpu-uploaded
1787049833681 status:snapshot-updated
1787049833682 frame-visible
1787049833682 icon:bc7-gpu-uploaded
1787049834328 status:snapshot-updated
1787049834328 frame-visible
1787049834328 icon:bc7-gpu-uploaded
1787049834961 status:snapshot-updated
1787049834962 frame-visible
1787049834962 icon:bc7-gpu-uploaded
1787049835603 status:snapshot-updated
1787049835604 frame-visible
1787049835604 icon:bc7-gpu-uploaded
1787049888132 frame-visible
1787049888144 wallpaper:loaded
1787049888156 frame-visible
1787049888156 icon:bc7-gpu-uploaded
1787049888162 frame-visible
1787049888162 icon:bc7-gpu-uploaded
1787049888196 frame-visible
1787049888196 icon:bc7-gpu-uploaded
1787049888214 shell-event
1787049888214 frame-visible
1787049888214 icon:bc7-gpu-uploaded
1787049888784 status:snapshot-updated
1787049888785 notification:snapshot-reconciled
1787049888785 frame-visible
1787049888785 icon:bc7-gpu-uploaded
1787049889429 status:snapshot-updated
1787049889430 frame-visible
1787049889430 icon:bc7-gpu-uploaded
1787049890067 status:snapshot-updated
1787049890068 frame-visible
1787049890068 icon:bc7-gpu-uploaded
1787049890706 status:snapshot-updated
1787049890706 frame-visible
1787049890706 icon:bc7-gpu-uploaded
1787049891350 status:snapshot-updated
1787049891351 frame-visible
1787049891351 icon:bc7-gpu-uploaded
1787049891986 status:snapshot-updated
1787049891986 frame-visible
1787049891986 icon:bc7-gpu-uploaded
1787049892631 status:snapshot-updated
1787049892631 frame-visible
1787049892631 icon:bc7-gpu-uploaded
1787049893271 status:snapshot-updated
1787049893271 frame-visible
1787049893271 icon:bc7-gpu-uploaded
1787049998106 frame-visible
1787049998118 wallpaper:loaded
1787049998121 frame-visible
1787049998121 icon:bc7-gpu-uploaded
1787049998133 frame-visible
1787049998133 icon:bc7-gpu-uploaded
1787049998187 shell-event
1787049998195 frame-visible
1787049998195 icon:bc7-gpu-uploaded
1787049998248 frame-visible
1787049998249 icon:bc7-gpu-uploaded
1787049998761 status:snapshot-updated
1787049998761 notification:snapshot-reconciled
1787049998761 frame-visible
1787049998761 icon:bc7-gpu-uploaded
1787049998765 frame-visible
1787049998765 icon:bc7-gpu-uploaded
1787049999398 status:snapshot-updated
1787049999398 notification:snapshot-reconciled
1787049999398 frame-visible
1787049999398 icon:bc7-gpu-uploaded
1787050000037 status:snapshot-updated
1787050000037 frame-visible
1787050000037 icon:bc7-gpu-uploaded
1787050000677 status:snapshot-updated
1787050000677 frame-visible
1787050000677 icon:bc7-gpu-uploaded
1787050001316 status:snapshot-updated
1787050001317 frame-visible
1787050001317 icon:bc7-gpu-uploaded
1787050001953 status:snapshot-updated
1787050001954 frame-visible
1787050001954 icon:bc7-gpu-uploaded
1787050002269 shell-event
1787050002279 frame-visible
1787050002279 icon:bc7-gpu-uploaded
1787050002595 status:snapshot-updated
1787050002596 frame-visible
1787050002596 icon:bc7-gpu-uploaded
1787050003231 status:snapshot-updated
1787050003232 frame-visible
1787050003232 icon:bc7-gpu-uploaded
1787050405029 frame-visible
1787050405046 wallpaper:loaded
1787050405052 frame-visible
1787050405052 icon:bc7-gpu-uploaded
1787050405062 frame-visible
1787050405062 icon:bc7-gpu-uploaded
1787050405092 frame-visible
1787050405092 icon:bc7-gpu-uploaded
1787050405114 shell-event
1787050405114 frame-visible
1787050405114 icon:bc7-gpu-uploaded
1787050405711 status:snapshot-updated
1787050405711 notification:snapshot-reconciled
1787050405712 frame-visible
1787050405712 icon:bc7-gpu-uploaded
1787050405725 frame-visible
1787050405725 icon:bc7-gpu-uploaded
1787050406353 status:snapshot-updated
1787050406353 frame-visible
1787050406353 icon:bc7-gpu-uploaded
1787050406990 status:snapshot-updated
1787050406990 frame-visible
1787050406990 icon:bc7-gpu-uploaded
1787050407631 status:snapshot-updated
1787050407631 notification:snapshot-reconciled
1787050407631 frame-visible
1787050407632 icon:bc7-gpu-uploaded
1787050408278 status:snapshot-updated
1787050408279 frame-visible
1787050408279 icon:bc7-gpu-uploaded
1787050408915 status:snapshot-updated
1787050408915 frame-visible
1787050408915 icon:bc7-gpu-uploaded
1787050409556 status:snapshot-updated
1787050409557 frame-visible
1787050409557 icon:bc7-gpu-uploaded
1787050410193 status:snapshot-updated
1787050410194 frame-visible
1787050410194 icon:bc7-gpu-uploaded
1787050436604 frame-visible
1787050436616 wallpaper:loaded
1787050436618 frame-visible
1787050436618 icon:bc7-gpu-uploaded
1787050436625 frame-visible
1787050436625 icon:bc7-gpu-uploaded
1787050436641 frame-visible
1787050436641 icon:bc7-gpu-uploaded
1787050436682 shell-event
1787050436693 frame-visible
1787050436693 icon:bc7-gpu-uploaded
1787050437261 status:snapshot-updated
1787050437261 notification:snapshot-reconciled
1787050437261 frame-visible
1787050437261 icon:bc7-gpu-uploaded
1787050437274 frame-visible
1787050437274 icon:bc7-gpu-uploaded
1787050437892 status:snapshot-updated
1787050437892 frame-visible
1787050437892 icon:bc7-gpu-uploaded
1787050438539 status:snapshot-updated
1787050438539 frame-visible
1787050438539 icon:bc7-gpu-uploaded
1787050439177 status:snapshot-updated
1787050439177 frame-visible
1787050439177 icon:bc7-gpu-uploaded
1787050439815 status:snapshot-updated
1787050439815 frame-visible
1787050439815 icon:bc7-gpu-uploaded
1787050440005 clock:updated
1787050440007 frame-visible
1787050440007 icon:bc7-gpu-uploaded
1787050440455 status:snapshot-updated
1787050440456 frame-visible
1787050440456 icon:bc7-gpu-uploaded
1787050441095 status:snapshot-updated
1787050441096 frame-visible
1787050441096 icon:bc7-gpu-uploaded
1787050481967 frame-visible
1787050481978 wallpaper:loaded
1787050481981 frame-visible
1787050481981 icon:bc7-gpu-uploaded
1787050481990 frame-visible
1787050481990 icon:bc7-gpu-uploaded
1787050482042 shell-event
1787050482042 frame-visible
1787050482042 icon:bc7-gpu-uploaded
1787050482073 frame-visible
1787050482074 icon:bc7-gpu-uploaded
1787050482621 status:snapshot-updated
1787050482621 notification:snapshot-reconciled
1787050482621 frame-visible
1787050482621 icon:bc7-gpu-uploaded
1787050482625 frame-visible
1787050482625 icon:bc7-gpu-uploaded
1787050482696 notification:event-completed
1787050482707 frame-visible
1787050482710 icon:bc7-gpu-uploaded
1787050483254 status:snapshot-updated
1787050483254 frame-visible
1787050483255 icon:bc7-gpu-uploaded
1787050483894 status:snapshot-updated
1787050483895 frame-visible
1787050483895 icon:bc7-gpu-uploaded
1787050484537 status:snapshot-updated
1787050484537 frame-visible
1787050484537 icon:bc7-gpu-uploaded
1787050485182 status:snapshot-updated
1787050485182 frame-visible
1787050485183 icon:bc7-gpu-uploaded
1787050485827 status:snapshot-updated
1787050485827 frame-visible
1787050485827 icon:bc7-gpu-uploaded
1787050486467 status:snapshot-updated
1787050486467 frame-visible
1787050486467 icon:bc7-gpu-uploaded
1787050487109 status:snapshot-updated
1787050487110 frame-visible
1787050487110 icon:bc7-gpu-uploaded
1787050487749 status:snapshot-updated
1787050487749 frame-visible
1787050487749 icon:bc7-gpu-uploaded
1787050488389 status:snapshot-updated
1787050488389 frame-visible
1787050488389 icon:bc7-gpu-uploaded
1787050489029 status:snapshot-updated
1787050489029 frame-visible
1787050489029 icon:bc7-gpu-uploaded
1787050489667 status:snapshot-updated
1787050489667 frame-visible
1787050489667 icon:bc7-gpu-uploaded
1787050490305 status:snapshot-updated
1787050490306 notification:snapshot-reconciled
1787050490306 frame-visible
1787050490306 icon:bc7-gpu-uploaded
1787050490324 frame-visible
1787050490324 icon:bc7-gpu-uploaded
1787050490947 status:snapshot-updated
1787050490947 frame-visible
1787050490947 icon:bc7-gpu-uploaded
1787050491586 status:snapshot-updated
1787050491587 frame-visible
1787050491587 icon:bc7-gpu-uploaded
1787050492225 status:snapshot-updated
1787050492226 frame-visible
1787050492226 icon:bc7-gpu-uploaded
1787050492865 status:snapshot-updated
1787050492866 frame-visible
1787050492866 icon:bc7-gpu-uploaded
1787050493505 status:snapshot-updated
1787050493505 frame-visible
1787050493505 icon:bc7-gpu-uploaded
1787050494147 status:snapshot-updated
1787050494147 frame-visible
1787050494147 icon:bc7-gpu-uploaded
1787050494786 status:snapshot-updated
1787050494787 frame-visible
1787050494787 icon:bc7-gpu-uploaded
1787050495431 status:snapshot-updated
1787050495431 frame-visible
1787050495431 icon:bc7-gpu-uploaded
1787050496075 status:snapshot-updated
1787050496076 frame-visible
1787050496076 icon:bc7-gpu-uploaded
1787050496719 status:snapshot-updated
1787050496719 frame-visible
1787050496719 icon:bc7-gpu-uploaded
1787050497364 status:snapshot-updated
1787050497364 frame-visible
1787050497365 icon:bc7-gpu-uploaded
1787050498012 status:snapshot-updated
1787050498012 frame-visible
1787050498013 icon:bc7-gpu-uploaded
1787050498405 status:snapshot-updated
1787050498405 frame-visible
1787050498405 icon:bc7-gpu-uploaded
1787050499054 status:snapshot-updated
1787050499054 frame-visible
1787050499054 icon:bc7-gpu-uploaded
1787050499693 status:snapshot-updated
1787050499693 frame-visible
1787050499693 icon:bc7-gpu-uploaded
1787050540058 frame-visible
1787050540069 wallpaper:loaded
1787050540071 frame-visible
1787050540071 icon:bc7-gpu-uploaded
1787050540073 frame-visible
1787050540073 icon:bc7-gpu-uploaded
1787050540132 shell-event
1787050540139 frame-visible
1787050540139 icon:bc7-gpu-uploaded
1787050540156 frame-visible
1787050540157 icon:bc7-gpu-uploaded
1787050540715 status:snapshot-updated
1787050540715 notification:snapshot-reconciled
1787050540715 frame-visible
1787050540715 icon:bc7-gpu-uploaded
1787050540723 frame-visible
1787050540730 icon:bc7-gpu-uploaded
1787050541350 status:snapshot-updated
1787050541350 frame-visible
1787050541350 icon:bc7-gpu-uploaded
1787050541992 status:snapshot-updated
1787050541993 frame-visible
1787050541993 icon:bc7-gpu-uploaded
1787050542632 status:snapshot-updated
1787050542632 notification:snapshot-reconciled
1787050542633 frame-visible
1787050542633 icon:bc7-gpu-uploaded
1787050543278 status:snapshot-updated
1787050543278 frame-visible
1787050543278 icon:bc7-gpu-uploaded
1787050543909 status:snapshot-updated
1787050543910 frame-visible
1787050543910 icon:bc7-gpu-uploaded
1787050544552 status:snapshot-updated
1787050544552 frame-visible
1787050544552 icon:bc7-gpu-uploaded
1787050545191 status:snapshot-updated
1787050545191 frame-visible
1787050545191 icon:bc7-gpu-uploaded
1787050545243 notification:owned-overflow-opened
1787050545247 frame-visible
1787050545247 icon:bc7-gpu-uploaded
1787050567465 frame-visible
1787050567476 wallpaper:loaded
1787050567479 frame-visible
1787050567479 icon:bc7-gpu-uploaded
1787050567490 frame-visible
1787050567490 icon:bc7-gpu-uploaded
1787050567538 shell-event
1787050567540 frame-visible
1787050567540 icon:bc7-gpu-uploaded
1787050567556 frame-visible
1787050567556 icon:bc7-gpu-uploaded
1787050568114 status:snapshot-updated
1787050568114 notification:snapshot-reconciled
1787050568114 frame-visible
1787050568114 icon:bc7-gpu-uploaded
1787050568123 frame-visible
1787050568123 icon:bc7-gpu-uploaded
1787050568751 status:snapshot-updated
1787050568751 frame-visible
1787050568752 icon:bc7-gpu-uploaded
1787050569391 status:snapshot-updated
1787050569391 notification:snapshot-reconciled
1787050569391 frame-visible
1787050569391 icon:bc7-gpu-uploaded
1787050570026 status:snapshot-updated
1787050570027 frame-visible
1787050570027 icon:bc7-gpu-uploaded
1787050570667 status:snapshot-updated
1787050570667 frame-visible
1787050570667 icon:bc7-gpu-uploaded
1787050571309 status:snapshot-updated
1787050571309 frame-visible
1787050571309 icon:bc7-gpu-uploaded
1787050571946 status:snapshot-updated
1787050571947 frame-visible
1787050571947 icon:bc7-gpu-uploaded
1787050572587 status:snapshot-updated
1787050572588 frame-visible
1787050572588 icon:bc7-gpu-uploaded
1787050573226 status:snapshot-updated
1787050573226 frame-visible
1787050573227 icon:bc7-gpu-uploaded
1787050573869 status:snapshot-updated
1787050573869 frame-visible
1787050573870 icon:bc7-gpu-uploaded
1787050574510 status:snapshot-updated
1787050574512 frame-visible
1787050574513 icon:bc7-gpu-uploaded
1787050574661 notification:owned-overflow-opened
1787050574665 frame-visible
1787050574665 icon:bc7-gpu-uploaded
1787050574956 frame-visible
1787050574957 icon:bc7-gpu-uploaded
1787050575153 status:snapshot-updated
1787050575153 frame-visible
1787050575153 icon:bc7-gpu-uploaded
1787050575476 notification:event-completed
1787050575792 status:snapshot-updated
1787050575792 frame-visible
1787050575792 icon:bc7-gpu-uploaded
1787050576435 status:snapshot-updated
1787050576436 frame-visible
1787050576436 icon:bc7-gpu-uploaded
1787050576573 frame-visible
1787050576573 icon:bc7-gpu-uploaded
1787050577078 status:snapshot-updated
1787050577078 frame-visible
1787050577078 icon:bc7-gpu-uploaded
1787050577714 status:snapshot-updated
1787050577714 frame-visible
1787050577714 icon:bc7-gpu-uploaded
1787050578358 status:snapshot-updated
1787050578358 frame-visible
1787050578358 icon:bc7-gpu-uploaded
1787050578997 status:snapshot-updated
1787050578999 frame-visible
1787050578999 icon:bc7-gpu-uploaded
1787050579056 frame-visible
1787050579056 icon:bc7-gpu-uploaded
1787050579323 frame-visible
1787050579323 icon:bc7-gpu-uploaded
1787050579641 status:snapshot-updated
1787050579641 notification:snapshot-reconciled
1787050579641 frame-visible
1787050579641 icon:bc7-gpu-uploaded
1787050580284 status:snapshot-updated
1787050580285 frame-visible
1787050580285 icon:bc7-gpu-uploaded
1787050580622 frame-visible
1787050580623 icon:bc7-gpu-uploaded
1787050580639 frame-visible
1787050580639 icon:bc7-gpu-uploaded
1787050580926 status:snapshot-updated
1787050580927 frame-visible
1787050580927 icon:bc7-gpu-uploaded
1787050581572 status:snapshot-updated
1787050581572 frame-visible
1787050581572 icon:bc7-gpu-uploaded
1787050582106 frame-visible
1787050582106 icon:bc7-gpu-uploaded
1787050582212 status:snapshot-updated
1787050582212 frame-visible
1787050582212 icon:bc7-gpu-uploaded
1787050582855 status:snapshot-updated
1787050582855 frame-visible
1787050582855 icon:bc7-gpu-uploaded
1787050583275 notification:overflow-dismissed
1787050583276 frame-visible
1787050583277 icon:bc7-gpu-uploaded
1787050583363 frame-visible
1787050583364 icon:bc7-gpu-uploaded
1787050583496 status:snapshot-updated
1787050583496 frame-visible
1787050583496 icon:bc7-gpu-uploaded
1787050583894 status:snapshot-updated
1787050583894 frame-visible
1787050583894 icon:bc7-gpu-uploaded
1787050584439 frame-visible
1787050584439 icon:bc7-gpu-uploaded
1787050584528 status:snapshot-updated
1787050584529 frame-visible
1787050584529 icon:bc7-gpu-uploaded
1787050585172 status:snapshot-updated
1787050585172 frame-visible
1787050585172 icon:bc7-gpu-uploaded
1787050585272 notification:event-completed
1787050585292 taskbar:context-opened
1787050585302 frame-visible
1787050585302 icon:bc7-gpu-uploaded
1787050585390 frame-visible
1787050585390 icon:bc7-gpu-uploaded
1787051150720 frame-visible
1787051150731 wallpaper:loaded
1787051150734 frame-visible
1787051150734 icon:bc7-gpu-uploaded
1787051150768 frame-visible
1787051150768 icon:bc7-gpu-uploaded
1787051151372 status:snapshot-updated
1787051151372 notification:snapshot-reconciled
1787051151372 frame-visible
1787051151372 icon:bc7-gpu-uploaded
1787051151384 frame-visible
1787051151384 icon:bc7-gpu-uploaded
1787051152006 status:snapshot-updated
1787051152007 frame-visible
1787051152007 icon:bc7-gpu-uploaded
1787051152645 status:snapshot-updated
1787051152645 frame-visible
1787051152645 icon:bc7-gpu-uploaded
1787051153283 status:snapshot-updated
1787051153284 frame-visible
1787051153284 icon:bc7-gpu-uploaded
1787051153924 status:snapshot-updated
1787051153924 frame-visible
1787051153925 icon:bc7-gpu-uploaded
1787051154560 status:snapshot-updated
1787051154561 frame-visible
1787051154561 icon:bc7-gpu-uploaded
1787051155205 status:snapshot-updated
1787051155206 frame-visible
1787051155206 icon:bc7-gpu-uploaded
1787051155651 frame-visible
1787051155651 icon:bc7-gpu-uploaded
1787051155847 status:snapshot-updated
1787051155847 frame-visible
1787051155847 icon:bc7-gpu-uploaded
1787051156484 status:snapshot-updated
1787051156485 frame-visible
1787051156485 icon:bc7-gpu-uploaded
1787051157126 status:snapshot-updated
1787051157126 frame-visible
1787051157126 icon:bc7-gpu-uploaded
1787051157287 notification:event-completed
1787051157309 taskbar:context-opened
1787051157321 frame-visible
1787051157321 icon:bc7-gpu-uploaded
1787051157384 frame-visible
1787051157384 icon:bc7-gpu-uploaded
1787051157600 frame-visible
1787051157601 icon:bc7-gpu-uploaded
1787051157769 status:snapshot-updated
1787051157770 frame-visible
1787051157770 icon:bc7-gpu-uploaded
1787051157864 notification:owned-overflow-opened
1787051157867 frame-visible
1787051157867 icon:bc7-gpu-uploaded
1787051158416 status:snapshot-updated
1787051158416 frame-visible
1787051158416 icon:bc7-gpu-uploaded
1787051158654 frame-visible
1787051158655 icon:bc7-gpu-uploaded
1787051158671 notification:event-completed
1787051159057 status:snapshot-updated
1787051159057 notification:snapshot-reconciled
1787051159057 frame-visible
1787051159057 icon:bc7-gpu-uploaded
1787051159067 frame-visible
1787051159067 icon:bc7-gpu-uploaded
1787051159071 notification:overflow-dismissed
1787051234170 frame-visible
1787051234181 wallpaper:loaded
1787051234186 frame-visible
1787051234186 icon:bc7-gpu-uploaded
1787051234200 frame-visible
1787051234200 icon:bc7-gpu-uploaded
1787051234254 shell-event
1787051234255 frame-visible
1787051234255 icon:bc7-gpu-uploaded
1787051234830 status:snapshot-updated
1787051234830 notification:snapshot-reconciled
1787051234831 frame-visible
1787051234831 icon:bc7-gpu-uploaded
1787051234834 frame-visible
1787051234834 icon:bc7-gpu-uploaded
1787051235465 status:snapshot-updated
1787051235465 notification:snapshot-reconciled
1787051235466 frame-visible
1787051235466 icon:bc7-gpu-uploaded
1787051236103 status:snapshot-updated
1787051236104 frame-visible
1787051236104 icon:bc7-gpu-uploaded
1787051236746 status:snapshot-updated
1787051236747 frame-visible
1787051236747 icon:bc7-gpu-uploaded
1787051237382 status:snapshot-updated
1787051237383 frame-visible
1787051237383 icon:bc7-gpu-uploaded
1787051238023 status:snapshot-updated
1787051238023 frame-visible
1787051238023 icon:bc7-gpu-uploaded
1787051238666 status:snapshot-updated
1787051238667 frame-visible
1787051238667 icon:bc7-gpu-uploaded
1787051239304 status:snapshot-updated
1787051239304 frame-visible
1787051239304 icon:bc7-gpu-uploaded
1787051239946 status:snapshot-updated
1787051239947 frame-visible
1787051239947 icon:bc7-gpu-uploaded
1787051240588 status:snapshot-updated
1787051240588 frame-visible
1787051240588 icon:bc7-gpu-uploaded
1787051241229 status:snapshot-updated
1787051241229 frame-visible
1787051241229 icon:bc7-gpu-uploaded
1787051241385 notification:owned-overflow-opened
1787051241389 frame-visible
1787051241389 icon:bc7-gpu-uploaded
1787051241872 status:snapshot-updated
1787051241872 frame-visible
1787051241872 icon:bc7-gpu-uploaded
1787051242517 status:snapshot-updated
1787051242517 frame-visible
1787051242517 icon:bc7-gpu-uploaded
1787051328733 frame-visible
1787051328743 wallpaper:loaded
1787051328746 frame-visible
1787051328746 icon:bc7-gpu-uploaded
1787051328754 frame-visible
1787051328754 icon:bc7-gpu-uploaded
1787051328807 shell-event
1787051328817 frame-visible
1787051328818 icon:bc7-gpu-uploaded
1787051329382 status:snapshot-updated
1787051329383 notification:snapshot-reconciled
1787051329383 frame-visible
1787051329383 icon:bc7-gpu-uploaded
1787051329399 frame-visible
1787051329399 icon:bc7-gpu-uploaded
1787051329526 notification:owned-overflow-opened
1787051329536 frame-visible
1787051329537 icon:bc7-gpu-uploaded
1787051330018 status:snapshot-updated
1787051330018 frame-visible
1787051330018 icon:bc7-gpu-uploaded
1787051330164 notification:event-completed
1787051330648 notification:provider-error:notification-request-serialize
1787051330659 status:snapshot-updated
1787051330659 notification:snapshot-reconciled
1787051330659 frame-visible
1787051330659 icon:bc7-gpu-uploaded
1787051330665 frame-visible
1787051330665 icon:bc7-gpu-uploaded
1787051331313 status:snapshot-updated
1787051331313 frame-visible
1787051331313 icon:bc7-gpu-uploaded
1787051331589 notification:event-completed
1787051331957 status:snapshot-updated
1787051331957 notification:snapshot-reconciled
1787051331958 frame-visible
1787051331958 icon:bc7-gpu-uploaded
1787051332599 status:snapshot-updated
1787051332600 frame-visible
1787051332600 icon:bc7-gpu-uploaded
1787051333235 status:snapshot-updated
1787051333235 frame-visible
1787051333235 icon:bc7-gpu-uploaded
1787051333872 status:snapshot-updated
1787051333873 frame-visible
1787051333873 icon:bc7-gpu-uploaded
1787051334512 status:snapshot-updated
1787051334512 notification:snapshot-reconciled
1787051334512 frame-visible
1787051334512 icon:bc7-gpu-uploaded
1787051335152 status:snapshot-updated
1787051335152 frame-visible
1787051335152 icon:bc7-gpu-uploaded
1787051335791 status:snapshot-updated
1787051335791 frame-visible
1787051335791 icon:bc7-gpu-uploaded
1787051336431 status:snapshot-updated
1787051336431 frame-visible
1787051336431 icon:bc7-gpu-uploaded
1787051337069 status:snapshot-updated
1787051337069 frame-visible
1787051337069 icon:bc7-gpu-uploaded
1787051337717 status:snapshot-updated
1787051337717 frame-visible
1787051337717 icon:bc7-gpu-uploaded
1787051338355 status:snapshot-updated
1787051338356 frame-visible
1787051338356 icon:bc7-gpu-uploaded
1787051339000 status:snapshot-updated
1787051339000 frame-visible
1787051339000 icon:bc7-gpu-uploaded
1787051339640 status:snapshot-updated
1787051339641 frame-visible
1787051339641 icon:bc7-gpu-uploaded
1787051340023 clock:updated
1787051340024 frame-visible
1787051340024 icon:bc7-gpu-uploaded
1787051340284 status:snapshot-updated
1787051340285 frame-visible
1787051340285 icon:bc7-gpu-uploaded
1787051340921 status:snapshot-updated
1787051340922 frame-visible
1787051340922 icon:bc7-gpu-uploaded
1787051341561 status:snapshot-updated
1787051341561 frame-visible
1787051341561 icon:bc7-gpu-uploaded
1787051342204 status:snapshot-updated
1787051342204 frame-visible
1787051342204 icon:bc7-gpu-uploaded
1787051342842 status:snapshot-updated
1787051342843 frame-visible
1787051342843 icon:bc7-gpu-uploaded
1787051343484 status:snapshot-updated
1787051343485 frame-visible
1787051343485 icon:bc7-gpu-uploaded
1787051344122 status:snapshot-updated
1787051344122 frame-visible
1787051344122 icon:bc7-gpu-uploaded
1787051344763 status:snapshot-updated
1787051344764 frame-visible
1787051344764 icon:bc7-gpu-uploaded
1787051345154 status:snapshot-updated
1787051345155 frame-visible
1787051345155 icon:bc7-gpu-uploaded
1787051345793 status:snapshot-updated
1787051345794 frame-visible
1787051345794 icon:bc7-gpu-uploaded
1787051346429 status:snapshot-updated
1787051346430 frame-visible
1787051346430 icon:bc7-gpu-uploaded
1787051347073 status:snapshot-updated
1787051347074 frame-visible
1787051347074 icon:bc7-gpu-uploaded
1787051347710 status:snapshot-updated
1787051347711 frame-visible
1787051347711 icon:bc7-gpu-uploaded
1787051348352 status:snapshot-updated
1787051348352 frame-visible
1787051348352 icon:bc7-gpu-uploaded
1787051348990 status:snapshot-updated
1787051348990 notification:snapshot-reconciled
1787051348991 frame-visible
1787051348991 icon:bc7-gpu-uploaded
1787051349631 status:snapshot-updated
1787051349631 frame-visible
1787051349631 icon:bc7-gpu-uploaded
1787051350273 status:snapshot-updated
1787051350274 frame-visible
1787051350274 icon:bc7-gpu-uploaded
1787051350910 status:snapshot-updated
1787051350911 frame-visible
1787051350911 icon:bc7-gpu-uploaded
1787051351550 status:snapshot-updated
1787051351551 frame-visible
1787051351551 icon:bc7-gpu-uploaded
1787051352192 status:snapshot-updated
1787051352192 frame-visible
1787051352192 icon:bc7-gpu-uploaded
1787051352829 status:snapshot-updated
1787051352829 frame-visible
1787051352829 icon:bc7-gpu-uploaded
1787051353472 status:snapshot-updated
1787051353472 frame-visible
1787051353473 icon:bc7-gpu-uploaded
1787051909160 frame-visible
1787051909171 wallpaper:loaded
1787051909174 frame-visible
1787051909174 icon:bc7-gpu-uploaded
1787051909177 frame-visible
1787051909177 icon:bc7-gpu-uploaded
1787051909226 frame-visible
1787051909226 icon:bc7-gpu-uploaded
1787051909247 shell-event
1787051909247 frame-visible
1787051909247 icon:bc7-gpu-uploaded
1787051909832 status:snapshot-updated
1787051909833 notification:snapshot-reconciled
1787051909833 frame-visible
1787051909833 icon:bc7-gpu-uploaded
1787051909843 frame-visible
1787051909844 icon:bc7-gpu-uploaded
1787051909943 notification:owned-overflow-opened
1787051909946 frame-visible
1787051909946 icon:bc7-gpu-uploaded
1787051910481 status:snapshot-updated
1787051910481 notification:snapshot-reconciled
1787051910481 frame-visible
1787051910481 icon:bc7-gpu-uploaded
1787051910560 notification:event-completed
1787051911106 notification:provider-error:notification-request-serialize
1787051911116 status:snapshot-updated
1787051911116 notification:snapshot-reconciled
1787051911116 frame-visible
1787051911117 icon:bc7-gpu-uploaded
1787051911127 frame-visible
1787051911127 icon:bc7-gpu-uploaded
1787051911776 status:snapshot-updated
1787051911776 frame-visible
1787051911776 icon:bc7-gpu-uploaded
1787051912106 notification:event-completed
1787051912417 status:snapshot-updated
1787051912417 frame-visible
1787051912417 icon:bc7-gpu-uploaded
1787051913057 status:snapshot-updated
1787051913057 notification:snapshot-reconciled
1787051913057 frame-visible
1787051913057 icon:bc7-gpu-uploaded
1787051913700 status:snapshot-updated
1787051913700 frame-visible
1787051913700 icon:bc7-gpu-uploaded
1787051914341 status:snapshot-updated
1787051914341 frame-visible
1787051914341 icon:bc7-gpu-uploaded
1787051914984 status:snapshot-updated
1787051914985 frame-visible
1787051914985 icon:bc7-gpu-uploaded
1787051915624 status:snapshot-updated
1787051915624 frame-visible
1787051915624 icon:bc7-gpu-uploaded
1787051916264 status:snapshot-updated
1787051916264 frame-visible
1787051916264 icon:bc7-gpu-uploaded
1787051916899 status:snapshot-updated
1787051916900 frame-visible
1787051916900 icon:bc7-gpu-uploaded
1787051917545 status:snapshot-updated
1787051917545 frame-visible
1787051917546 icon:bc7-gpu-uploaded
1787051918190 status:snapshot-updated
1787051918191 frame-visible
1787051918191 icon:bc7-gpu-uploaded
1787051918834 status:snapshot-updated
1787051918834 frame-visible
1787051918834 icon:bc7-gpu-uploaded
1787051919473 status:snapshot-updated
1787051919473 frame-visible
1787051919473 icon:bc7-gpu-uploaded
1787051920118 status:snapshot-updated
1787051920118 frame-visible
1787051920118 icon:bc7-gpu-uploaded
1787051920760 status:snapshot-updated
1787051920760 frame-visible
1787051920760 icon:bc7-gpu-uploaded
1787051921398 status:snapshot-updated
1787051921399 frame-visible
1787051921399 icon:bc7-gpu-uploaded
1787051922039 status:snapshot-updated
1787051922040 frame-visible
1787051922040 icon:bc7-gpu-uploaded
1787051922686 status:snapshot-updated
1787051922687 frame-visible
1787051922687 icon:bc7-gpu-uploaded
1787051923326 status:snapshot-updated
1787051923326 frame-visible
1787051923326 icon:bc7-gpu-uploaded
1787051923972 status:snapshot-updated
1787051923973 frame-visible
1787051923973 icon:bc7-gpu-uploaded
1787051924613 status:snapshot-updated
1787051924614 frame-visible
1787051924614 icon:bc7-gpu-uploaded
1787051925255 status:snapshot-updated
1787051925255 frame-visible
1787051925255 icon:bc7-gpu-uploaded
1787051925649 status:snapshot-updated
1787051925650 frame-visible
1787051925650 icon:bc7-gpu-uploaded
1787051926283 status:snapshot-updated
1787051926283 frame-visible
1787051926283 icon:bc7-gpu-uploaded
1787051926986 status:snapshot-updated
1787051926987 frame-visible
1787051926987 icon:bc7-gpu-uploaded
1787051927678 status:snapshot-updated
1787051927678 frame-visible
1787051927678 icon:bc7-gpu-uploaded
1787051928317 status:snapshot-updated
1787051928318 frame-visible
1787051928318 icon:bc7-gpu-uploaded
1787051928956 status:snapshot-updated
1787051928957 frame-visible
1787051928957 icon:bc7-gpu-uploaded
1787051929596 status:snapshot-updated
1787051929596 notification:snapshot-reconciled
1787051929596 frame-visible
1787051929597 icon:bc7-gpu-uploaded
1787051930237 status:snapshot-updated
1787051930237 frame-visible
1787051930237 icon:bc7-gpu-uploaded
1787051930876 status:snapshot-updated
1787051930876 frame-visible
1787051930877 icon:bc7-gpu-uploaded
1787051931516 status:snapshot-updated
1787051931517 frame-visible
1787051931517 icon:bc7-gpu-uploaded
1787051932158 status:snapshot-updated
1787051932158 frame-visible
1787051932159 icon:bc7-gpu-uploaded
1787051932798 status:snapshot-updated
1787051932799 frame-visible
1787051932799 icon:bc7-gpu-uploaded
1787051933434 status:snapshot-updated
1787051933434 frame-visible
1787051933434 icon:bc7-gpu-uploaded
1787051934077 status:snapshot-updated
1787051934077 frame-visible
1787051934077 icon:bc7-gpu-uploaded
1787052135758 frame-visible
1787052135769 wallpaper:loaded
1787052135773 frame-visible
1787052135774 icon:bc7-gpu-uploaded
1787052135898 frame-visible
1787052135898 icon:bc7-gpu-uploaded
1787052136415 status:snapshot-updated
1787052136416 notification:snapshot-reconciled
1787052136416 frame-visible
1787052136416 icon:bc7-gpu-uploaded
1787052136425 frame-visible
1787052136425 icon:bc7-gpu-uploaded
1787052136559 notification:owned-overflow-opened
1787052136563 frame-visible
1787052136563 icon:bc7-gpu-uploaded
1787052136726 notification:event-completed
1787052136741 frame-visible
1787052136742 icon:bc7-gpu-uploaded
1787052136750 notification:event-completed
1787052136776 taskbar:context-opened
1787052136777 notification:overflow-dismissed
1787052136794 frame-visible
1787052136794 icon:bc7-gpu-uploaded
1787052137041 notification:provider-error:notification-response-timeout
1787052137050 status:snapshot-updated
1787052137051 notification:snapshot-reconciled
1787052137051 frame-visible
1787052137051 icon:bc7-gpu-uploaded
1787052137058 frame-visible
1787052137059 icon:bc7-gpu-uploaded
1787052137702 status:snapshot-updated
1787052137703 frame-visible
1787052137703 icon:bc7-gpu-uploaded
1787052138353 status:snapshot-updated
1787052138353 notification:snapshot-reconciled
1787052138353 frame-visible
1787052138353 icon:bc7-gpu-uploaded
1787052138506 notification:event-completed
1787052138508 frame-visible
1787052138517 icon:bc7-gpu-uploaded
1787052138991 status:snapshot-updated
1787052138991 frame-visible
1787052138991 icon:bc7-gpu-uploaded
1787052139023 frame-visible
1787052139024 icon:bc7-gpu-uploaded
1787052139637 status:snapshot-updated
1787052139637 frame-visible
1787052139637 icon:bc7-gpu-uploaded
1787052140277 status:snapshot-updated
1787052140278 frame-visible
1787052140278 icon:bc7-gpu-uploaded
1787052140913 status:snapshot-updated
1787052140913 frame-visible
1787052140913 icon:bc7-gpu-uploaded
1787052141551 status:snapshot-updated
1787052141551 frame-visible
1787052141551 icon:bc7-gpu-uploaded
1787052142191 status:snapshot-updated
1787052142191 frame-visible
1787052142191 icon:bc7-gpu-uploaded
1787052142834 status:snapshot-updated
1787052142834 frame-visible
1787052142834 icon:bc7-gpu-uploaded
1787052143476 status:snapshot-updated
1787052143476 frame-visible
1787052143477 icon:bc7-gpu-uploaded
1787052144113 status:snapshot-updated
1787052144114 frame-visible
1787052144114 icon:bc7-gpu-uploaded
1787052144758 status:snapshot-updated
1787052144758 frame-visible
1787052144758 icon:bc7-gpu-uploaded
1787052145402 status:snapshot-updated
1787052145402 frame-visible
1787052145402 icon:bc7-gpu-uploaded
1787052146042 status:snapshot-updated
1787052146043 frame-visible
1787052146043 icon:bc7-gpu-uploaded
1787052146682 status:snapshot-updated
1787052146682 frame-visible
1787052146682 icon:bc7-gpu-uploaded
1787052147326 status:snapshot-updated
1787052147327 frame-visible
1787052147327 icon:bc7-gpu-uploaded
1787052147965 status:snapshot-updated
1787052147965 frame-visible
1787052147965 icon:bc7-gpu-uploaded
1787052148610 status:snapshot-updated
1787052148610 frame-visible
1787052148610 icon:bc7-gpu-uploaded
1787052149255 status:snapshot-updated
1787052149256 frame-visible
1787052149256 icon:bc7-gpu-uploaded
1787052149896 status:snapshot-updated
1787052149897 frame-visible
1787052149897 icon:bc7-gpu-uploaded
1787052150542 status:snapshot-updated
1787052150542 frame-visible
1787052150542 icon:bc7-gpu-uploaded
1787052151180 status:snapshot-updated
1787052151180 frame-visible
1787052151180 icon:bc7-gpu-uploaded
1787052151820 status:snapshot-updated
1787052151820 frame-visible
1787052151821 icon:bc7-gpu-uploaded
1787052152213 status:snapshot-updated
1787052152214 frame-visible
1787052152214 icon:bc7-gpu-uploaded
1787052152852 status:snapshot-updated
1787052152852 frame-visible
1787052152852 icon:bc7-gpu-uploaded
1787052153493 status:snapshot-updated
1787052153493 frame-visible
1787052153493 icon:bc7-gpu-uploaded
1787052154141 status:snapshot-updated
1787052154141 frame-visible
1787052154141 icon:bc7-gpu-uploaded
1787052154781 status:snapshot-updated
1787052154781 frame-visible
1787052154781 icon:bc7-gpu-uploaded
1787052155421 status:snapshot-updated
1787052155421 frame-visible
1787052155421 icon:bc7-gpu-uploaded
1787052156065 status:snapshot-updated
1787052156065 notification:snapshot-reconciled
1787052156066 frame-visible
1787052156066 icon:bc7-gpu-uploaded
1787052156074 frame-visible
1787052156074 icon:bc7-gpu-uploaded
1787052156703 status:snapshot-updated
1787052156704 frame-visible
1787052156704 icon:bc7-gpu-uploaded
1787052157346 status:snapshot-updated
1787052157346 frame-visible
1787052157346 icon:bc7-gpu-uploaded
1787052157988 status:snapshot-updated
1787052157988 frame-visible
1787052157988 icon:bc7-gpu-uploaded
1787052158633 status:snapshot-updated
1787052158634 frame-visible
1787052158634 icon:bc7-gpu-uploaded
1787052159278 status:snapshot-updated
1787052159279 frame-visible
1787052159279 icon:bc7-gpu-uploaded
1787052159914 status:snapshot-updated
1787052159915 frame-visible
1787052159915 icon:bc7-gpu-uploaded
1787052160557 status:snapshot-updated
1787052160558 frame-visible
1787052160558 icon:bc7-gpu-uploaded
